Archive member included to satisfy reference by file (symbol)

/home/evandro/Develop/libopencm3/lib//libopencm3_stm32f4.a(dma_common_f24.o)
                              serial.o (dma_stream_reset)
/home/evandro/Develop/libopencm3/lib//libopencm3_stm32f4.a(gpio_common_all.o)
                              t_msxmap.o (gpio_set)
/home/evandro/Develop/libopencm3/lib//libopencm3_stm32f4.a(gpio_common_f0234.o)
                              t_msxmap.o (gpio_mode_setup)
/home/evandro/Develop/libopencm3/lib//libopencm3_stm32f4.a(rcc_common_all.o)
                              cdcacm.o (rcc_periph_clock_enable)
/home/evandro/Develop/libopencm3/lib//libopencm3_stm32f4.a(rcc.o)
                              tester-ps2-msx.o (rcc_clock_setup_pll)
/home/evandro/Develop/libopencm3/lib//libopencm3_stm32f4.a(timer_common_all.o)
                              hr_timer.o (timer_enable_irq)
/home/evandro/Develop/libopencm3/lib//libopencm3_stm32f4.a(usart_common_all.o)
                              serial.o (usart_set_baudrate)
/home/evandro/Develop/libopencm3/lib//libopencm3_stm32f4.a(usart_common_f124.o)
                              /home/evandro/Develop/libopencm3/lib//libopencm3_stm32f4.a(usart_common_all.o) (usart_send)
/home/evandro/Develop/libopencm3/lib//libopencm3_stm32f4.a(usb.o)
                              cdcacm.o (usbd_init)
/home/evandro/Develop/libopencm3/lib//libopencm3_stm32f4.a(usb_standard.o)
                              cdcacm.o (usbd_register_set_config_callback)
/home/evandro/Develop/libopencm3/lib//libopencm3_stm32f4.a(usb_control.o)
                              cdcacm.o (usbd_register_control_callback)
/home/evandro/Develop/libopencm3/lib//libopencm3_stm32f4.a(usb_f107.o)
                              cdcacm.o (stm32f107_usb_driver)
/home/evandro/Develop/libopencm3/lib//libopencm3_stm32f4.a(vector.o)
                              (reset_handler)
/home/evandro/Develop/libopencm3/lib//libopencm3_stm32f4.a(systick.o)
                              sys_timer.o (systick_set_reload)
/home/evandro/Develop/libopencm3/lib//libopencm3_stm32f4.a(nvic.o)
                              cdcacm.o (nvic_enable_irq)
/home/evandro/Develop/libopencm3/lib//libopencm3_stm32f4.a(flash_common_all.o)
                              /home/evandro/Develop/libopencm3/lib//libopencm3_stm32f4.a(rcc.o) (flash_set_ws)
/home/evandro/Develop/libopencm3/lib//libopencm3_stm32f4.a(flash_common_idcache.o)
                              /home/evandro/Develop/libopencm3/lib//libopencm3_stm32f4.a(rcc.o) (flash_dcache_enable)
/home/evandro/Develop/libopencm3/lib//libopencm3_stm32f4.a(pwr.o)
                              /home/evandro/Develop/libopencm3/lib//libopencm3_stm32f4.a(rcc.o) (pwr_set_vos_scale)
/home/evandro/Develop/libopencm3/lib//libopencm3_stm32f4.a(usb_dwc_common.o)
                              /home/evandro/Develop/libopencm3/lib//libopencm3_stm32f4.a(usb_f107.o) (dwc_set_address)
/opt/gcc-arm-none/bin/../lib/gcc/arm-none-eabi/12.2.0/../../../../arm-none-eabi/lib/thumb/v7e-m+fp/hard/libc.a(libc_a-memset.o)
                              t_msxmap.o (memset)
/opt/gcc-arm-none/bin/../lib/gcc/arm-none-eabi/12.2.0/../../../../arm-none-eabi/lib/thumb/v7e-m+fp/hard/libc.a(libc_a-errno.o)
                              serial.o (__errno)
/opt/gcc-arm-none/bin/../lib/gcc/arm-none-eabi/12.2.0/../../../../arm-none-eabi/lib/thumb/v7e-m+fp/hard/libc.a(libc_a-memcpy.o)
                              serial.o (memcpy)
/opt/gcc-arm-none/bin/../lib/gcc/arm-none-eabi/12.2.0/../../../../arm-none-eabi/lib/thumb/v7e-m+fp/hard/libc.a(libc_a-strlen.o)
                              /home/evandro/Develop/libopencm3/lib//libopencm3_stm32f4.a(usb_standard.o) (strlen)
/opt/gcc-arm-none/bin/../lib/gcc/arm-none-eabi/12.2.0/../../../../arm-none-eabi/lib/thumb/v7e-m+fp/hard/libc.a(libc_a-impure.o)
                              /opt/gcc-arm-none/bin/../lib/gcc/arm-none-eabi/12.2.0/../../../../arm-none-eabi/lib/thumb/v7e-m+fp/hard/libc.a(libc_a-errno.o) (_impure_ptr)
/opt/gcc-arm-none/bin/../lib/gcc/arm-none-eabi/12.2.0/../../../../arm-none-eabi/lib/thumb/v7e-m+fp/hard/libc.a(libc_a-findfp.o)
                              /opt/gcc-arm-none/bin/../lib/gcc/arm-none-eabi/12.2.0/../../../../arm-none-eabi/lib/thumb/v7e-m+fp/hard/libc.a(libc_a-impure.o) (__sf)
/opt/gcc-arm-none/bin/../lib/gcc/arm-none-eabi/12.2.0/../../../../arm-none-eabi/lib/thumb/v7e-m+fp/hard/libc.a(libc_a-fwalk.o)
                              /opt/gcc-arm-none/bin/../lib/gcc/arm-none-eabi/12.2.0/../../../../arm-none-eabi/lib/thumb/v7e-m+fp/hard/libc.a(libc_a-findfp.o) (_fwalk_sglue)
/opt/gcc-arm-none/bin/../lib/gcc/arm-none-eabi/12.2.0/../../../../arm-none-eabi/lib/thumb/v7e-m+fp/hard/libc.a(libc_a-stdio.o)
                              /opt/gcc-arm-none/bin/../lib/gcc/arm-none-eabi/12.2.0/../../../../arm-none-eabi/lib/thumb/v7e-m+fp/hard/libc.a(libc_a-findfp.o) (__sread)
/opt/gcc-arm-none/bin/../lib/gcc/arm-none-eabi/12.2.0/../../../../arm-none-eabi/lib/thumb/v7e-m+fp/hard/libc.a(libc_a-closer.o)
[...]
Memory Configuration

Name             Origin             Length             Attributes
ram              0x20000000         0x00010000         xrw
rom              0x08000000         0x00040000         xr
*default*        0x00000000         0xffffffff

Linker script and memory map

LOAD t_msxmap.o
LOAD sys_timer.o
LOAD serial_no.o
LOAD cdcacm.o
LOAD serial.o
LOAD hr_timer.o
LOAD newlib_warning_fix.o
LOAD tester-ps2-msx.o
LOAD /home/evandro/Develop/libopencm3/lib//libopencm3_stm32f4.a
START GROUP
LOAD /opt/gcc-arm-none/bin/../lib/gcc/arm-none-eabi/12.2.0/../../../../arm-none-eabi/lib/thumb/v7e-m+fp/hard/libc.a
LOAD /opt/gcc-arm-none/bin/../lib/gcc/arm-none-eabi/12.2.0/thumb/v7e-m+fp/hard/libgcc.a
LOAD /opt/gcc-arm-none/bin/../lib/gcc/arm-none-eabi/12.2.0/../../../../arm-none-eabi/lib/thumb/v7e-m+fp/hard/libnosys.a
END GROUP
START GROUP
LOAD /opt/gcc-arm-none/bin/../lib/gcc/arm-none-eabi/12.2.0/thumb/v7e-m+fp/hard/libgcc.a
LOAD /opt/gcc-arm-none/bin/../lib/gcc/arm-none-eabi/12.2.0/../../../../arm-none-eabi/lib/thumb/v7e-m+fp/hard/libg.a
LOAD /opt/gcc-arm-none/bin/../lib/gcc/arm-none-eabi/12.2.0/../../../../arm-none-eabi/lib/thumb/v7e-m+fp/hard/libc.a
END GROUP

.text           0x08000000     0x5cbc
 *(.vectors)
 .vectors       0x08000000      0x1ac /home/evandro/Develop/libopencm3/lib//libopencm3_stm32f4.a(vector.o)
                0x08000000                vector_table
 *(.text*)
 .text._ZN6msxmap19msx_interface_setupEv
                0x080001ac      0x134 t_msxmap.o
                0x080001ac                msxmap::msx_interface_setup()
 .text._ZN6msxmap19general_debug_setupEv
                0x080002e0       0x98 t_msxmap.o
                0x080002e0                msxmap::general_debug_setup()
 .text.portXread
                0x08000378      0x124 t_msxmap.o
                0x08000378                portXread
 .text.systick_setup
                0x0800049c       0x70 sys_timer.o
                0x0800049c                systick_setup
 .text.systick_update
                0x0800050c       0x30 sys_timer.o
                0x0800050c                systick_update
 .text.write_to_Y_port
                0x0800053c       0x14 sys_timer.o
                0x0800053c                write_to_Y_port
 .text.sys_tick_handler
                0x08000550      0x14c sys_timer.o
                0x08000550                sys_tick_handler
 .text.serialno_read
                0x0800069c       0x64 serial_no.o
                0x0800069c                serialno_read
 .text.cdcacm_uart_data_tx_cb
                0x08000700       0x5c cdcacm.o
 .text.usb_cdc_set_state
                0x0800075c       0x2a cdcacm.o
 *fill*         0x08000786        0x2 
 .text.cdcacm_set_config
                0x08000788       0xa4 cdcacm.o
 .text.cdcacm_control_request
                0x0800082c       0x84 cdcacm.o
 .text.cdcacm_con_data_tx_cb
                0x080008b0       0xd0 cdcacm.o
 .text.cdcacm_con_data_rx_cb
                0x08000980       0x70 cdcacm.o
 .text.disable_usb
                0x080009f0       0x26 cdcacm.o
                0x080009f0                disable_usb
 *fill*         0x08000a16        0x2 
 .text.set_nak_endpoint
                0x08000a18       0x24 cdcacm.o
                0x08000a18                set_nak_endpoint
 .text.cdcacm_uart_data_rx_cb
                0x08000a3c       0x6c cdcacm.o
 .text.clear_nak_endpoint
                0x08000aa8       0x24 cdcacm.o
                0x08000aa8                clear_nak_endpoint
 .text.first_put_ring_content_onto_ep
                0x08000acc       0x74 cdcacm.o
                0x08000acc                first_put_ring_content_onto_ep
 .text.cdcacm_init
                0x08000b40       0xa8 cdcacm.o
                0x08000b40                cdcacm_init
 .text.otg_fs_isr
                0x08000be8        0xc cdcacm.o
                0x08000be8                otg_fs_isr
 .text.usart_rx_read_dma
                0x08000bf4       0xd8 serial.o
 .text.pascal_string_init
                0x08000ccc        0xc serial.o
                0x08000ccc                pascal_string_init
 .text.serial_setup
                0x08000cd8      0x2b8 serial.o
                0x08000cd8                serial_setup
 .text.usart_update_comm_param
                0x08000f90       0x6c serial.o
                0x08000f90                usart_update_comm_param
 .text.serial_rx_restart
                0x08000ffc       0x64 serial.o
                0x08000ffc                serial_rx_restart
 .text.do_dma_usart_tx_ring
                0x08001060       0x50 serial.o
                0x08001060                do_dma_usart_tx_ring
 .text.ring_put_ch
                0x080010b0       0x2c serial.o
                0x080010b0                ring_put_ch
 .text.con_send_string
                0x080010dc      0x140 serial.o
                0x080010dc                con_send_string
 .text.ring_avail_get_ch
                0x0800121c       0x12 serial.o
                0x0800121c                ring_avail_get_ch
 .text.ring_get_ch
                0x0800122e       0x2a serial.o
                0x0800122e                ring_get_ch
 .text.con_available_get_char
                0x08001258       0x1c serial.o
                0x08001258                con_available_get_char
 .text.con_get_char
                0x08001274       0xb8 serial.o
                0x08001274                con_get_char
 .text.console_get_line
                0x0800132c       0xa4 serial.o
                0x0800132c                console_get_line
 .text.string_append
                0x080013d0       0x2c serial.o
                0x080013d0                string_append
 .text.conv_2a_hex_to_uint8
                0x080013fc       0x2e serial.o
                0x080013fc                conv_2a_hex_to_uint8
 *fill*         0x0800142a        0x2 
 .text.conv_uint32_to_dec
                0x0800142c       0x70 serial.o
                0x0800142c                conv_uint32_to_dec
 .text.conv_uint8_to_2a_hex
                0x0800149c       0x26 serial.o
                0x0800149c                conv_uint8_to_2a_hex
 *fill*         0x080014c2        0x2 
 .text.usart1_isr
                0x080014c4       0x2c serial.o
                0x080014c4                usart1_isr
 .text.dma2_stream2_isr
                0x080014f0        0x4 serial.o
                0x080014f0                dma2_stream2_isr
 .text.dma2_stream7_isr
                0x080014f4       0x84 serial.o
                0x080014f4                dma2_stream7_isr
 .text.tim_hr_setup
                0x08001578       0x60 hr_timer.o
                0x08001578                tim_hr_setup
 .text.delay_qusec
                0x080015d8       0x50 hr_timer.o
                0x080015d8                delay_qusec
 .text.tim2_isr
                0x08001628       0x28 hr_timer.o
                0x08001628                tim2_isr
 .text.startup.main
                0x08001650      0xb38 tester-ps2-msx.o
                0x08001650                main
 .text.dma_stream_reset
                0x08002188       0x4c /home/evandro/Develop/libopencm3/lib//libopencm3_stm32f4.a(dma_common_f24.o)
                0x08002188                dma_stream_reset
 .text.dma_clear_interrupt_flags
                0x080021d4       0x1e /home/evandro/Develop/libopencm3/lib//libopencm3_stm32f4.a(dma_common_f24.o)
                0x080021d4                dma_clear_interrupt_flags
 .text.dma_set_transfer_mode
                0x080021f2       0x20 /home/evandro/Develop/libopencm3/lib//libopencm3_stm32f4.a(dma_common_f24.o)
                0x080021f2                dma_set_transfer_mode
 .text.dma_set_priority
                0x08002212       0x18 /home/evandro/Develop/libopencm3/lib//libopencm3_stm32f4.a(dma_common_f24.o)
                0x08002212                dma_set_priority
 .text.dma_set_memory_size
                0x0800222a       0x18 /home/evandro/Develop/libopencm3/lib//libopencm3_stm32f4.a(dma_common_f24.o)
                0x0800222a                dma_set_memory_size
 .text.dma_set_peripheral_size
                0x08002242       0x18 /home/evandro/Develop/libopencm3/lib//libopencm3_stm32f4.a(dma_common_f24.o)
                0x08002242                dma_set_peripheral_size
 .text.dma_enable_memory_increment_mode
                0x0800225a       0x12 /home/evandro/Develop/libopencm3/lib//libopencm3_stm32f4.a(dma_common_f24.o)
                0x0800225a                dma_enable_memory_increment_mode
 .text.dma_disable_peripheral_increment_mode
                0x0800226c       0x12 /home/evandro/Develop/libopencm3/lib//libopencm3_stm32f4.a(dma_common_f24.o)
                0x0800226c                dma_disable_peripheral_increment_mode
 .text.dma_enable_circular_mode
                0x0800227e       0x12 /home/evandro/Develop/libopencm3/lib//libopencm3_stm32f4.a(dma_common_f24.o)
                0x0800227e                dma_enable_circular_mode
 .text.dma_channel_select
                0x08002290       0x10 /home/evandro/Develop/libopencm3/lib//libopencm3_stm32f4.a(dma_common_f24.o)
                0x08002290                dma_channel_select
 .text.dma_set_dma_flow_control
                0x080022a0       0x12 /home/evandro/Develop/libopencm3/lib//libopencm3_stm32f4.a(dma_common_f24.o)
                0x080022a0                dma_set_dma_flow_control
 .text.dma_enable_half_transfer_interrupt
                0x080022b2       0x1c /home/evandro/Develop/libopencm3/lib//libopencm3_stm32f4.a(dma_common_f24.o)
                0x080022b2                dma_enable_half_transfer_interrupt
 .text.dma_enable_transfer_complete_interrupt
                0x080022ce       0x1c /home/evandro/Develop/libopencm3/lib//libopencm3_stm32f4.a(dma_common_f24.o)
                0x080022ce                dma_enable_transfer_complete_interrupt
 .text.dma_enable_direct_mode
                0x080022ea       0x12 /home/evandro/Develop/libopencm3/lib//libopencm3_stm32f4.a(dma_common_f24.o)
                0x080022ea                dma_enable_direct_mode
 .text.dma_enable_stream
                0x080022fc       0x12 /home/evandro/Develop/libopencm3/lib//libopencm3_stm32f4.a(dma_common_f24.o)
                0x080022fc                dma_enable_stream
 .text.dma_disable_stream
                0x0800230e       0x12 /home/evandro/Develop/libopencm3/lib//libopencm3_stm32f4.a(dma_common_f24.o)
                0x0800230e                dma_disable_stream
 .text.dma_set_peripheral_address
                0x08002320       0x10 /home/evandro/Develop/libopencm3/lib//libopencm3_stm32f4.a(dma_common_f24.o)
                0x08002320                dma_set_peripheral_address
 .text.dma_set_memory_address
                0x08002330       0x1a /home/evandro/Develop/libopencm3/lib//libopencm3_stm32f4.a(dma_common_f24.o)
                0x08002330                dma_set_memory_address
 .text.dma_get_number_of_data
                0x0800234a        0xe /home/evandro/Develop/libopencm3/lib//libopencm3_stm32f4.a(dma_common_f24.o)
                0x0800234a                dma_get_number_of_data
 .text.dma_set_number_of_data
                0x08002358        0xc /home/evandro/Develop/libopencm3/lib//libopencm3_stm32f4.a(dma_common_f24.o)
                0x08002358                dma_set_number_of_data
 .text.gpio_set
                0x08002364        0x4 /home/evandro/Develop/libopencm3/lib//libopencm3_stm32f4.a(gpio_common_all.o)
                0x08002364                gpio_set
 .text.gpio_clear
                0x08002368        0x6 /home/evandro/Develop/libopencm3/lib//libopencm3_stm32f4.a(gpio_common_all.o)
                0x08002368                gpio_clear
 .text.gpio_get
                0x0800236e        0x6 /home/evandro/Develop/libopencm3/lib//libopencm3_stm32f4.a(gpio_common_all.o)
                0x0800236e                gpio_get
 .text.gpio_toggle
                0x08002374       0x12 /home/evandro/Develop/libopencm3/lib//libopencm3_stm32f4.a(gpio_common_all.o)
                0x08002374                gpio_toggle
 .text.gpio_port_read
                0x08002386        0x6 /home/evandro/Develop/libopencm3/lib//libopencm3_stm32f4.a(gpio_common_all.o)
                0x08002386                gpio_port_read
 .text.gpio_port_config_lock
                0x0800238c       0x10 /home/evandro/Develop/libopencm3/lib//libopencm3_stm32f4.a(gpio_common_all.o)
                0x0800238c                gpio_port_config_lock
 .text.gpio_mode_setup
                0x0800239c       0x40 /home/evandro/Develop/libopencm3/lib//libopencm3_stm32f4.a(gpio_common_f0234.o)
                0x0800239c                gpio_mode_setup
 .text.gpio_set_output_options
                0x080023dc       0x36 /home/evandro/Develop/libopencm3/lib//libopencm3_stm32f4.a(gpio_common_f0234.o)
                0x080023dc                gpio_set_output_options
 .text.gpio_set_af
                0x08002412       0x58 /home/evandro/Develop/libopencm3/lib//libopencm3_stm32f4.a(gpio_common_f0234.o)
                0x08002412                gpio_set_af
 .text.rcc_periph_clock_enable
                0x0800246a       0x1a /home/evandro/Develop/libopencm3/lib//libopencm3_stm32f4.a(rcc_common_all.o)
                0x0800246a                rcc_periph_clock_enable
 .text.rcc_periph_clock_disable
                0x08002484       0x1c /home/evandro/Develop/libopencm3/lib//libopencm3_stm32f4.a(rcc_common_all.o)
                0x08002484                rcc_periph_clock_disable
 .text.rcc_periph_reset_pulse
                0x080024a0       0x22 /home/evandro/Develop/libopencm3/lib//libopencm3_stm32f4.a(rcc_common_all.o)
                0x080024a0                rcc_periph_reset_pulse
 *fill*         0x080024c2        0x2 
 .text.rcc_is_osc_ready
                0x080024c4       0x64 /home/evandro/Develop/libopencm3/lib//libopencm3_stm32f4.a(rcc.o)
                0x080024c4                rcc_is_osc_ready
 .text.rcc_wait_for_osc_ready
                0x08002528       0x10 /home/evandro/Develop/libopencm3/lib//libopencm3_stm32f4.a(rcc.o)
                0x08002528                rcc_wait_for_osc_ready
 .text.rcc_osc_on
                0x08002538       0x74 /home/evandro/Develop/libopencm3/lib//libopencm3_stm32f4.a(rcc.o)
                0x08002538                rcc_osc_on
 .text.rcc_osc_off
                0x080025ac       0x74 /home/evandro/Develop/libopencm3/lib//libopencm3_stm32f4.a(rcc.o)
                0x080025ac                rcc_osc_off
 .text.rcc_set_sysclk_source
                0x08002620       0x18 /home/evandro/Develop/libopencm3/lib//libopencm3_stm32f4.a(rcc.o)
                0x08002620                rcc_set_sysclk_source
 .text.rcc_set_ppre2
                0x08002638       0x18 /home/evandro/Develop/libopencm3/lib//libopencm3_stm32f4.a(rcc.o)
                0x08002638                rcc_set_ppre2
 .text.rcc_set_ppre1
                0x08002650       0x18 /home/evandro/Develop/libopencm3/lib//libopencm3_stm32f4.a(rcc.o)
                0x08002650                rcc_set_ppre1
 .text.rcc_set_hpre
                0x08002668       0x18 /home/evandro/Develop/libopencm3/lib//libopencm3_stm32f4.a(rcc.o)
                0x08002668                rcc_set_hpre
 .text.rcc_set_main_pll_hsi
                0x08002680       0x48 /home/evandro/Develop/libopencm3/lib//libopencm3_stm32f4.a(rcc.o)
                0x08002680                rcc_set_main_pll_hsi
 .text.rcc_set_main_pll_hse
                0x080026c8       0x44 /home/evandro/Develop/libopencm3/lib//libopencm3_stm32f4.a(rcc.o)
                0x080026c8                rcc_set_main_pll_hse
 .text.rcc_clock_setup_pll
                0x0800270c       0xe4 /home/evandro/Develop/libopencm3/lib//libopencm3_stm32f4.a(rcc.o)
                0x0800270c                rcc_clock_setup_pll
 .text.timer_get_flag
                0x080027f0        0xc /home/evandro/Develop/libopencm3/lib//libopencm3_stm32f4.a(timer_common_all.o)
                0x080027f0                timer_get_flag
 .text.timer_clear_flag
                0x080027fc        0x6 /home/evandro/Develop/libopencm3/lib//libopencm3_stm32f4.a(timer_common_all.o)
                0x080027fc                timer_clear_flag
 .text.timer_set_mode
                0x08002802       0x12 /home/evandro/Develop/libopencm3/lib//libopencm3_stm32f4.a(timer_common_all.o)
                0x08002802                timer_set_mode
 .text.timer_enable_preload
                0x08002814        0xa /home/evandro/Develop/libopencm3/lib//libopencm3_stm32f4.a(timer_common_all.o)
                0x08002814                timer_enable_preload
 .text.timer_set_prescaler
                0x0800281e        0x4 /home/evandro/Develop/libopencm3/lib//libopencm3_stm32f4.a(timer_common_all.o)
                0x0800281e                timer_set_prescaler
 .text.timer_set_period
                0x08002822        0x4 /home/evandro/Develop/libopencm3/lib//libopencm3_stm32f4.a(timer_common_all.o)
                0x08002822                timer_set_period
 *fill*         0x08002826        0x2 
 .text.usart_set_baudrate
                0x08002828       0x2c /home/evandro/Develop/libopencm3/lib//libopencm3_stm32f4.a(usart_common_all.o)
                0x08002828                usart_set_baudrate
 .text.usart_set_databits
                0x08002854       0x12 /home/evandro/Develop/libopencm3/lib//libopencm3_stm32f4.a(usart_common_all.o)
                0x08002854                usart_set_databits
 .text.usart_set_stopbits
                0x08002866        0xc /home/evandro/Develop/libopencm3/lib//libopencm3_stm32f4.a(usart_common_all.o)
                0x08002866                usart_set_stopbits
 .text.usart_set_parity
                0x08002872        0xc /home/evandro/Develop/libopencm3/lib//libopencm3_stm32f4.a(usart_common_all.o)
                0x08002872                usart_set_parity
 .text.usart_set_mode
                0x0800287e        0xc /home/evandro/Develop/libopencm3/lib//libopencm3_stm32f4.a(usart_common_all.o)
                0x0800287e                usart_set_mode
 .text.usart_set_flow_control
                0x0800288a        0xc /home/evandro/Develop/libopencm3/lib//libopencm3_stm32f4.a(usart_common_all.o)
                0x0800288a                usart_set_flow_control
 .text.usart_enable
                0x08002896        0xa /home/evandro/Develop/libopencm3/lib//libopencm3_stm32f4.a(usart_common_all.o)
                0x08002896                usart_enable
 .text.usart_enable_rx_dma
                0x080028a0        0xa /home/evandro/Develop/libopencm3/lib//libopencm3_stm32f4.a(usart_common_all.o)
                0x080028a0                usart_enable_rx_dma
 .text.usart_enable_tx_dma
                0x080028aa        0xa /home/evandro/Develop/libopencm3/lib//libopencm3_stm32f4.a(usart_common_all.o)
                0x080028aa                usart_enable_tx_dma
 .text.usart_disable_tx_dma
                0x080028b4        0xa /home/evandro/Develop/libopencm3/lib//libopencm3_stm32f4.a(usart_common_all.o)
                0x080028b4                usart_disable_tx_dma
 .text.usart_disable_rx_interrupt
                0x080028be        0xa /home/evandro/Develop/libopencm3/lib//libopencm3_stm32f4.a(usart_common_all.o)
                0x080028be                usart_disable_rx_interrupt
 .text.usart_disable_tx_complete_interrupt
                0x080028c8        0xa /home/evandro/Develop/libopencm3/lib//libopencm3_stm32f4.a(usart_common_all.o)
                0x080028c8                usart_disable_tx_complete_interrupt
 .text.usart_enable_idle_interrupt
                0x080028d2        0xa /home/evandro/Develop/libopencm3/lib//libopencm3_stm32f4.a(usart_common_all.o)
                0x080028d2                usart_enable_idle_interrupt
 .text.usbd_init
                0x080028dc       0x54 /home/evandro/Develop/libopencm3/lib//libopencm3_stm32f4.a(usb.o)
                0x080028dc                usbd_init
 .text.usbd_poll
                0x08002930        0x8 /home/evandro/Develop/libopencm3/lib//libopencm3_stm32f4.a(usb.o)
                0x08002930                usbd_poll
 .text.usbd_ep_setup
                0x08002938       0x10 /home/evandro/Develop/libopencm3/lib//libopencm3_stm32f4.a(usb.o)
                0x08002938                usbd_ep_setup
 .text._usbd_reset
                0x08002948       0x30 /home/evandro/Develop/libopencm3/lib//libopencm3_stm32f4.a(usb.o)
                0x08002948                _usbd_reset
 .text.usbd_ep_write_packet
                0x08002978       0x10 /home/evandro/Develop/libopencm3/lib//libopencm3_stm32f4.a(usb.o)
                0x08002978                usbd_ep_write_packet
 .text.usbd_ep_read_packet
                0x08002988       0x10 /home/evandro/Develop/libopencm3/lib//libopencm3_stm32f4.a(usb.o)
                0x08002988                usbd_ep_read_packet
 .text.usbd_ep_stall_set
                0x08002998        0x8 /home/evandro/Develop/libopencm3/lib//libopencm3_stm32f4.a(usb.o)
                0x08002998                usbd_ep_stall_set
 .text.usbd_ep_stall_get
                0x080029a0        0x8 /home/evandro/Develop/libopencm3/lib//libopencm3_stm32f4.a(usb.o)
                0x080029a0                usbd_ep_stall_get
 .text.usbd_ep_nak_set
                0x080029a8        0x8 /home/evandro/Develop/libopencm3/lib//libopencm3_stm32f4.a(usb.o)
                0x080029a8                usbd_ep_nak_set
 .text.usb_standard_set_address
                0x080029b0       0x28 /home/evandro/Develop/libopencm3/lib//libopencm3_stm32f4.a(usb_standard.o)
 .text.usb_standard_set_configuration
                0x080029d8       0x96 /home/evandro/Develop/libopencm3/lib//libopencm3_stm32f4.a(usb_standard.o)
 .text.usb_standard_get_configuration
                0x08002a6e       0x22 /home/evandro/Develop/libopencm3/lib//libopencm3_stm32f4.a(usb_standard.o)
 .text.usb_standard_set_interface
                0x08002a90       0x54 /home/evandro/Develop/libopencm3/lib//libopencm3_stm32f4.a(usb_standard.o)
 .text.usb_standard_get_interface
                0x08002ae4       0x38 /home/evandro/Develop/libopencm3/lib//libopencm3_stm32f4.a(usb_standard.o)
 .text.usb_standard_device_get_status
                0x08002b1c       0x18 /home/evandro/Develop/libopencm3/lib//libopencm3_stm32f4.a(usb_standard.o)
 .text.usb_standard_endpoint_get_status
                0x08002b34       0x2a /home/evandro/Develop/libopencm3/lib//libopencm3_stm32f4.a(usb_standard.o)
 .text.usb_standard_endpoint_stall
                0x08002b5e       0x10 /home/evandro/Develop/libopencm3/lib//libopencm3_stm32f4.a(usb_standard.o)
 .text.usb_standard_endpoint_unstall
                0x08002b6e       0x10 /home/evandro/Develop/libopencm3/lib//libopencm3_stm32f4.a(usb_standard.o)
 .text.usb_standard_get_descriptor
                0x08002b7e      0x2a8 /home/evandro/Develop/libopencm3/lib//libopencm3_stm32f4.a(usb_standard.o)
 .text.usb_standard_interface_get_status
                0x08002e26       0x18 /home/evandro/Develop/libopencm3/lib//libopencm3_stm32f4.a(usb_standard.o)
 .text.usbd_register_set_config_callback
                0x08002e3e       0x28 /home/evandro/Develop/libopencm3/lib//libopencm3_stm32f4.a(usb_standard.o)
                0x08002e3e                usbd_register_set_config_callback
 *fill*         0x08002e66        0x2 
 .text._usbd_standard_request_device
                0x08002e68       0x48 /home/evandro/Develop/libopencm3/lib//libopencm3_stm32f4.a(usb_standard.o)
                0x08002e68                _usbd_standard_request_device
 .text._usbd_standard_request_interface
                0x08002eb0       0x34 /home/evandro/Develop/libopencm3/lib//libopencm3_stm32f4.a(usb_standard.o)
                0x08002eb0                _usbd_standard_request_interface
 .text._usbd_standard_request_endpoint
                0x08002ee4       0x40 /home/evandro/Develop/libopencm3/lib//libopencm3_stm32f4.a(usb_standard.o)
                0x08002ee4                _usbd_standard_request_endpoint
 .text._usbd_standard_request
                0x08002f24       0x38 /home/evandro/Develop/libopencm3/lib//libopencm3_stm32f4.a(usb_standard.o)
                0x08002f24                _usbd_standard_request
 .text.usb_control_send_chunk
                0x08002f5c       0x4e /home/evandro/Develop/libopencm3/lib//libopencm3_stm32f4.a(usb_control.o)
 .text.usb_control_request_dispatch
                0x08002faa       0x60 /home/evandro/Develop/libopencm3/lib//libopencm3_stm32f4.a(usb_control.o)
 .text.stall_transaction
                0x0800300a       0x14 /home/evandro/Develop/libopencm3/lib//libopencm3_stm32f4.a(usb_control.o)
 .text.usb_control_recv_chunk
                0x0800301e       0x3c /home/evandro/Develop/libopencm3/lib//libopencm3_stm32f4.a(usb_control.o)
 .text.usb_control_setup_read
                0x0800305a       0x66 /home/evandro/Develop/libopencm3/lib//libopencm3_stm32f4.a(usb_control.o)
 .text.usbd_register_control_callback
                0x080030c0       0x2c /home/evandro/Develop/libopencm3/lib//libopencm3_stm32f4.a(usb_control.o)
                0x080030c0                usbd_register_control_callback
 .text._usbd_control_setup
                0x080030ec       0x60 /home/evandro/Develop/libopencm3/lib//libopencm3_stm32f4.a(usb_control.o)
                0x080030ec                _usbd_control_setup
 .text._usbd_control_out
                0x0800314c       0x82 /home/evandro/Develop/libopencm3/lib//libopencm3_stm32f4.a(usb_control.o)
                0x0800314c                _usbd_control_out
 .text._usbd_control_in
                0x080031ce       0x64 /home/evandro/Develop/libopencm3/lib//libopencm3_stm32f4.a(usb_control.o)
                0x080031ce                _usbd_control_in
 *fill*         0x08003232        0x2 
 .text.stm32f107_usbd_init
                0x08003234       0xa0 /home/evandro/Develop/libopencm3/lib//libopencm3_stm32f4.a(usb_f107.o)
 .text.blocking_handler
                0x080032d4        0x2 /home/evandro/Develop/libopencm3/lib//libopencm3_stm32f4.a(vector.o)
                0x080032d4                dma2_stream1_isr
                0x080032d4                tim8_brk_tim12_isr
                0x080032d4                dma1_stream7_isr
                0x080032d4                usart3_isr
                0x080032d4                tim7_isr
                0x080032d4                dma2d_isr
                0x080032d4                uart8_isr
                0x080032d4                dma1_stream2_isr
                0x080032d4                otg_hs_isr
                0x080032d4                blocking_handler
                0x080032d4                tim5_isr
                0x080032d4                rtc_wkup_isr
                0x080032d4                spi1_isr
                0x080032d4                i2c3_er_isr
                0x080032d4                exti2_isr
                0x080032d4                spi5_isr
                0x080032d4                usb_fs_wkup_isr
                0x080032d4                tamp_stamp_isr
                0x080032d4                can1_rx1_isr
                0x080032d4                dma2_stream0_isr
                0x080032d4                i2c3_ev_isr
                0x080032d4                usage_fault_handler
                0x080032d4                can2_rx0_isr
                0x080032d4                dma1_stream6_isr
                0x080032d4                can2_rx1_isr
                0x080032d4                can1_sce_isr
                0x080032d4                tim1_cc_isr
                0x080032d4                can1_tx_isr
                0x080032d4                tim1_up_tim10_isr
                0x080032d4                sdio_isr
                0x080032d4                eth_isr
                0x080032d4                spi6_isr
                0x080032d4                dma2_stream5_isr
                0x080032d4                pvd_isr
                0x080032d4                can1_rx0_isr
                0x080032d4                rcc_isr
                0x080032d4                dma2_stream3_isr
                0x080032d4                flash_isr
                0x080032d4                uart4_isr
                0x080032d4                lcd_tft_isr
                0x080032d4                rtc_alarm_isr
                0x080032d4                exti15_10_isr
                0x080032d4                hash_rng_isr
                0x080032d4                tim1_trg_com_tim11_isr
                0x080032d4                hard_fault_handler
                0x080032d4                exti1_isr
                0x080032d4                i2c1_ev_isr
                0x080032d4                usart6_isr
                0x080032d4                spi2_isr
                0x080032d4                cryp_isr
                0x080032d4                nvic_wwdg_isr
                0x080032d4                dma1_stream1_isr
                0x080032d4                dma2_stream4_isr
                0x080032d4                exti3_isr
                0x080032d4                tim3_isr
                0x080032d4                usart2_isr
                0x080032d4                sai1_isr
                0x080032d4                fpu_isr
                0x080032d4                dma1_stream4_isr
                0x080032d4                i2c2_er_isr
                0x080032d4                i2c2_ev_isr
                0x080032d4                uart5_isr
                0x080032d4                dma2_stream6_isr
                0x080032d4                spi4_isr
                0x080032d4                adc_isr
                0x080032d4                tim8_up_tim13_isr
                0x080032d4                fsmc_isr
                0x080032d4                exti4_isr
                0x080032d4                tim6_dac_isr
                0x080032d4                dma1_stream3_isr
                0x080032d4                tim8_trg_com_tim14_isr
                0x080032d4                mem_manage_handler
                0x080032d4                lcd_tft_err_isr
                0x080032d4                can2_tx_isr
                0x080032d4                exti9_5_isr
                0x080032d4                tim1_brk_tim9_isr
                0x080032d4                uart7_isr
                0x080032d4                can2_sce_isr
                0x080032d4                tim4_isr
                0x080032d4                otg_hs_wkup_isr
                0x080032d4                i2c1_er_isr
                0x080032d4                dma1_stream0_isr
                0x080032d4                tim8_cc_isr
                0x080032d4                dcmi_isr
                0x080032d4                eth_wkup_isr
                0x080032d4                bus_fault_handler
                0x080032d4                otg_hs_ep1_out_isr
                0x080032d4                spi3_isr
                0x080032d4                dma1_stream5_isr
                0x080032d4                otg_hs_ep1_in_isr
                0x080032d4                exti0_isr
 .text.null_handler
                0x080032d6        0x2 /home/evandro/Develop/libopencm3/lib//libopencm3_stm32f4.a(vector.o)
                0x080032d6                null_handler
                0x080032d6                sv_call_handler
                0x080032d6                pend_sv_handler
                0x080032d6                debug_monitor_handler
                0x080032d6                nmi_handler
 .text.reset_handler
                0x080032d8       0xa0 /home/evandro/Develop/libopencm3/lib//libopencm3_stm32f4.a(vector.o)
                0x080032d8                reset_handler
 .text.systick_set_reload
                0x08003378        0xc /home/evandro/Develop/libopencm3/lib//libopencm3_stm32f4.a(systick.o)
                0x08003378                systick_set_reload
 .text.systick_interrupt_enable
                0x08003384        0xe /home/evandro/Develop/libopencm3/lib//libopencm3_stm32f4.a(systick.o)
                0x08003384                systick_interrupt_enable
 .text.systick_counter_enable
                0x08003392        0xe /home/evandro/Develop/libopencm3/lib//libopencm3_stm32f4.a(systick.o)
                0x08003392                systick_counter_enable
 .text.systick_counter_disable
                0x080033a0        0xe /home/evandro/Develop/libopencm3/lib//libopencm3_stm32f4.a(systick.o)
                0x080033a0                systick_counter_disable
 *fill*         0x080033ae        0x2 
 .text.nvic_enable_irq
                0x080033b0       0x18 /home/evandro/Develop/libopencm3/lib//libopencm3_stm32f4.a(nvic.o)
                0x080033b0                nvic_enable_irq
 .text.nvic_set_priority
                0x080033c8       0x20 /home/evandro/Develop/libopencm3/lib//libopencm3_stm32f4.a(nvic.o)
                0x080033c8                nvic_set_priority
 .text.flash_set_ws
                0x080033e8       0x18 /home/evandro/Develop/libopencm3/lib//libopencm3_stm32f4.a(flash_common_all.o)
                0x080033e8                flash_set_ws
 .text.flash_dcache_enable
                0x08003400       0x14 /home/evandro/Develop/libopencm3/lib//libopencm3_stm32f4.a(flash_common_idcache.o)
                0x08003400                flash_dcache_enable
 .text.flash_dcache_disable
                0x08003414       0x14 /home/evandro/Develop/libopencm3/lib//libopencm3_stm32f4.a(flash_common_idcache.o)
                0x08003414                flash_dcache_disable
 .text.flash_icache_enable
                0x08003428       0x14 /home/evandro/Develop/libopencm3/lib//libopencm3_stm32f4.a(flash_common_idcache.o)
                0x08003428                flash_icache_enable
 .text.flash_icache_disable
                0x0800343c       0x14 /home/evandro/Develop/libopencm3/lib//libopencm3_stm32f4.a(flash_common_idcache.o)
                0x0800343c                flash_icache_disable
 .text.pwr_set_vos_scale
                0x08003450       0x18 /home/evandro/Develop/libopencm3/lib//libopencm3_stm32f4.a(pwr.o)
                0x08003450                pwr_set_vos_scale
 .text.dwc_set_address
                0x08003468       0x18 /home/evandro/Develop/libopencm3/lib//libopencm3_stm32f4.a(usb_dwc_common.o)
                0x08003468                dwc_set_address
 .text.dwc_ep_setup
                0x08003480      0x12a /home/evandro/Develop/libopencm3/lib//libopencm3_stm32f4.a(usb_dwc_common.o)
                0x08003480                dwc_ep_setup
 .text.dwc_endpoints_reset
                0x080035aa       0x4c /home/evandro/Develop/libopencm3/lib//libopencm3_stm32f4.a(usb_dwc_common.o)
                0x080035aa                dwc_endpoints_reset
 .text.dwc_ep_stall_set
                0x080035f6       0x88 /home/evandro/Develop/libopencm3/lib//libopencm3_stm32f4.a(usb_dwc_common.o)
                0x080035f6                dwc_ep_stall_set
 .text.dwc_ep_stall_get
                0x0800367e       0x24 /home/evandro/Develop/libopencm3/lib//libopencm3_stm32f4.a(usb_dwc_common.o)
                0x0800367e                dwc_ep_stall_get
 .text.dwc_ep_nak_set
                0x080036a2       0x28 /home/evandro/Develop/libopencm3/lib//libopencm3_stm32f4.a(usb_dwc_common.o)
                0x080036a2                dwc_ep_nak_set
 .text.dwc_ep_write_packet
                0x080036ca       0x4a /home/evandro/Develop/libopencm3/lib//libopencm3_stm32f4.a(usb_dwc_common.o)
                0x080036ca                dwc_ep_write_packet
 .text.dwc_ep_read_packet
                0x08003714       0x74 /home/evandro/Develop/libopencm3/lib//libopencm3_stm32f4.a(usb_dwc_common.o)
                0x08003714                dwc_ep_read_packet
 .text.dwc_poll
                0x08003788      0x1ec /home/evandro/Develop/libopencm3/lib//libopencm3_stm32f4.a(usb_dwc_common.o)
                0x08003788                dwc_poll
 .text.dwc_disconnect
                0x08003974       0x1c /home/evandro/Develop/libopencm3/lib//libopencm3_stm32f4.a(usb_dwc_common.o)
                0x08003974                dwc_disconnect
 .text.memset   0x08003990       0xa4 /opt/gcc-arm-none/bin/../lib/gcc/arm-none-eabi/12.2.0/../../../../arm-none-eabi/lib/thumb/v7e-m+fp/hard/libc.a(libc_a-memset.o)
                0x08003990                memset
 .text          0x08003a34      0x134 /opt/gcc-arm-none/bin/../lib/gcc/arm-none-eabi/12.2.0/../../../../arm-none-eabi/lib/thumb/v7e-m+fp/hard/libc.a(libc_a-memcpy.o)
                0x08003a34                memcpy
 *fill*         0x08003b68       0x18 
 .text          0x08003b80       0xd8 /opt/gcc-arm-none/bin/../lib/gcc/arm-none-eabi/12.2.0/../../../../arm-none-eabi/lib/thumb/v7e-m+fp/hard/libc.a(libc_a-strlen.o)
                0x08003b80                strlen
 .text.selfrel_offset31
                0x08003c58       0x14 /opt/gcc-arm-none/bin/../lib/gcc/arm-none-eabi/12.2.0/thumb/v7e-m+fp/hard/libgcc.a(unwind-arm.o)
 .text.search_EIT_table
                0x08003c6c       0x64 /opt/gcc-arm-none/bin/../lib/gcc/arm-none-eabi/12.2.0/thumb/v7e-m+fp/hard/libgcc.a(unwind-arm.o)
 .text.__gnu_unwind_get_pr_addr
                0x08003cd0       0x28 /opt/gcc-arm-none/bin/../lib/gcc/arm-none-eabi/12.2.0/thumb/v7e-m+fp/hard/libgcc.a(unwind-arm.o)
 .text.get_eit_entry
                0x08003cf8       0x94 /opt/gcc-arm-none/bin/../lib/gcc/arm-none-eabi/12.2.0/thumb/v7e-m+fp/hard/libgcc.a(unwind-arm.o)
 .text.restore_non_core_regs
                0x08003d8c       0x58 /opt/gcc-arm-none/bin/../lib/gcc/arm-none-eabi/12.2.0/thumb/v7e-m+fp/hard/libgcc.a(unwind-arm.o)
 .text._Unwind_decode_typeinfo_ptr.constprop.0
                0x08003de4        0xc /opt/gcc-arm-none/bin/../lib/gcc/arm-none-eabi/12.2.0/thumb/v7e-m+fp/hard/libgcc.a(unwind-arm.o)
 .text._Unwind_DebugHook
                0x08003df0        0x4 /opt/gcc-arm-none/bin/../lib/gcc/arm-none-eabi/12.2.0/thumb/v7e-m+fp/hard/libgcc.a(unwind-arm.o)
 .text.unwind_phase2
                0x08003df4       0x38 /opt/gcc-arm-none/bin/../lib/gcc/arm-none-eabi/12.2.0/thumb/v7e-m+fp/hard/libgcc.a(unwind-arm.o)
 .text.unwind_phase2_forced
                0x08003e2c       0xd4 /opt/gcc-arm-none/bin/../lib/gcc/arm-none-eabi/12.2.0/thumb/v7e-m+fp/hard/libgcc.a(unwind-arm.o)
 .text.__gnu_Unwind_RaiseException
                0x08003f00       0x68 /opt/gcc-arm-none/bin/../lib/gcc/arm-none-eabi/12.2.0/thumb/v7e-m+fp/hard/libgcc.a(unwind-arm.o)
                0x08003f00                __gnu_Unwind_RaiseException
 .text.__gnu_Unwind_ForcedUnwind
                0x08003f68       0x10 /opt/gcc-arm-none/bin/../lib/gcc/arm-none-eabi/12.2.0/thumb/v7e-m+fp/hard/libgcc.a(unwind-arm.o)
                0x08003f68                __gnu_Unwind_ForcedUnwind
 .text.__gnu_Unwind_Resume
                0x08003f78       0x40 /opt/gcc-arm-none/bin/../lib/gcc/arm-none-eabi/12.2.0/thumb/v7e-m+fp/hard/libgcc.a(unwind-arm.o)
                0x08003f78                __gnu_Unwind_Resume
 .text.__gnu_Unwind_Resume_or_Rethrow
                0x08003fb8       0x14 /opt/gcc-arm-none/bin/../lib/gcc/arm-none-eabi/12.2.0/thumb/v7e-m+fp/hard/libgcc.a(unwind-arm.o)
                0x08003fb8                __gnu_Unwind_Resume_or_Rethrow
 .text._Unwind_VRS_Get
                0x08003fcc       0x34 /opt/gcc-arm-none/bin/../lib/gcc/arm-none-eabi/12.2.0/thumb/v7e-m+fp/hard/libgcc.a(unwind-arm.o)
                0x08003fcc                _Unwind_VRS_Get
 .text._Unwind_GetGR
                0x08004000       0x1c /opt/gcc-arm-none/bin/../lib/gcc/arm-none-eabi/12.2.0/thumb/v7e-m+fp/hard/libgcc.a(unwind-arm.o)
 .text._Unwind_VRS_Set
                0x0800401c       0x34 /opt/gcc-arm-none/bin/../lib/gcc/arm-none-eabi/12.2.0/thumb/v7e-m+fp/hard/libgcc.a(unwind-arm.o)
                0x0800401c                _Unwind_VRS_Set
 .text._Unwind_SetGR
                0x08004050       0x18 /opt/gcc-arm-none/bin/../lib/gcc/arm-none-eabi/12.2.0/thumb/v7e-m+fp/hard/libgcc.a(unwind-arm.o)
 .text.__gnu_Unwind_Backtrace
                0x08004068       0x84 /opt/gcc-arm-none/bin/../lib/gcc/arm-none-eabi/12.2.0/thumb/v7e-m+fp/hard/libgcc.a(unwind-arm.o)
                0x08004068                __gnu_Unwind_Backtrace
 .text.__gnu_unwind_pr_common
                0x080040ec      0x290 /opt/gcc-arm-none/bin/../lib/gcc/arm-none-eabi/12.2.0/thumb/v7e-m+fp/hard/libgcc.a(unwind-arm.o)
 .text.__aeabi_unwind_cpp_pr0
                0x0800437c        0x8 /opt/gcc-arm-none/bin/../lib/gcc/arm-none-eabi/12.2.0/thumb/v7e-m+fp/hard/libgcc.a(unwind-arm.o)
                0x0800437c                __aeabi_unwind_cpp_pr0
 .text.__aeabi_unwind_cpp_pr1
                0x08004384        0x8 /opt/gcc-arm-none/bin/../lib/gcc/arm-none-eabi/12.2.0/thumb/v7e-m+fp/hard/libgcc.a(unwind-arm.o)
                0x08004384                __aeabi_unwind_cpp_pr1
 .text.__aeabi_unwind_cpp_pr2
                0x0800438c        0x8 /opt/gcc-arm-none/bin/../lib/gcc/arm-none-eabi/12.2.0/thumb/v7e-m+fp/hard/libgcc.a(unwind-arm.o)
                0x0800438c                __aeabi_unwind_cpp_pr2
 .text._Unwind_VRS_Pop
                0x08004394      0x2f0 /opt/gcc-arm-none/bin/../lib/gcc/arm-none-eabi/12.2.0/thumb/v7e-m+fp/hard/libgcc.a(unwind-arm.o)
                0x08004394                _Unwind_VRS_Pop
 .text          0x08004684      0x1ac /opt/gcc-arm-none/bin/../lib/gcc/arm-none-eabi/12.2.0/thumb/v7e-m+fp/hard/libgcc.a(libunwind.o)
                0x08004684                __restore_core_regs
                0x08004684                restore_core_regs
                0x0800469c                __gnu_Unwind_Restore_VFP
                0x080046a4                __gnu_Unwind_Save_VFP
                0x080046ac                __gnu_Unwind_Restore_VFP_D
                0x080046b4                __gnu_Unwind_Save_VFP_D
                0x080046bc                __gnu_Unwind_Restore_VFP_D_16_to_31
                0x080046c4                __gnu_Unwind_Save_VFP_D_16_to_31
                0x080046cc                __gnu_Unwind_Restore_WMMXD
                0x08004710                __gnu_Unwind_Save_WMMXD
                0x08004754                __gnu_Unwind_Restore_WMMXC
                0x08004768                __gnu_Unwind_Save_WMMXC
                0x0800477c                ___Unwind_RaiseException
                0x0800477c                _Unwind_RaiseException
                0x080047a0                ___Unwind_Resume
                0x080047a0                _Unwind_Resume
                0x080047c4                _Unwind_Resume_or_Rethrow
                0x080047c4                ___Unwind_Resume_or_Rethrow
                0x080047e8                ___Unwind_ForcedUnwind
                0x080047e8                _Unwind_ForcedUnwind
                0x0800480c                _Unwind_Backtrace
                0x0800480c                ___Unwind_Backtrace
 .text.next_unwind_byte
                0x08004830       0x38 /opt/gcc-arm-none/bin/../lib/gcc/arm-none-eabi/12.2.0/thumb/v7e-m+fp/hard/libgcc.a(pr-support.o)
 .text.__gnu_unwind_execute
                0x08004868      0x2e8 /opt/gcc-arm-none/bin/../lib/gcc/arm-none-eabi/12.2.0/thumb/v7e-m+fp/hard/libgcc.a(pr-support.o)
                0x08004868                __gnu_unwind_execute
                0x08004b50                        . = ALIGN (0x4)
 *(.rodata*)
 .rodata.portXread.str1.1
                0x08004b50        0xa t_msxmap.o
 .rodata._ZL20TIME_TO_READ_X_TABLE
                0x08004b5a        0xe sys_timer.o
 .rodata._ZL21SPEED_SYSTICK_DIVISOR
                0x08004b68       0x22 sys_timer.o
 *fill*         0x08004b8a        0x2 
 .rodata._ZL20SPEED_SYSTICK_RELOAD
                0x08004b8c       0x44 sys_timer.o
 .rodata._ZL6y_bits
                0x08004bd0       0x40 sys_timer.o
 .rodata.config
                0x08004c10        0xd cdcacm.o
 *fill*         0x08004c1d        0x3 
 .rodata.interfaces
                0x08004c20       0x40 cdcacm.o
 .rodata.uart_iface_assoc
                0x08004c60        0x8 cdcacm.o
 .rodata.uart_data_iface
                0x08004c68       0x15 cdcacm.o
 .rodata.uart_comm_iface
                0x08004c7d       0x15 cdcacm.o
 .rodata.uart_cdcacm_functional_descriptors
                0x08004c92       0x13 cdcacm.o
 .rodata.uart_data_endp
                0x08004ca5       0x1e cdcacm.o
 .rodata.uart_comm_endp
                0x08004cc3        0xf cdcacm.o
 .rodata.con_iface_assoc
                0x08004cd2        0x8 cdcacm.o
 .rodata.con_data_iface
                0x08004cda       0x15 cdcacm.o
 .rodata.con_comm_iface
                0x08004cef       0x15 cdcacm.o
 .rodata.con_cdcacm_functional_descriptors
                0x08004d04       0x13 cdcacm.o
 .rodata.con_data_endp
                0x08004d17       0x1e cdcacm.o
 .rodata.con_comm_endp
                0x08004d35        0xf cdcacm.o
 .rodata.dev_desc
                0x08004d44       0x12 cdcacm.o
 .rodata.str1.1
                0x08004d56      0x11b cdcacm.o
 .rodata.line_coding
                0x08004e71        0x7 cdcacm.o
 .rodata.console_get_line.str1.1
                0x08004e78        0x4 serial.o
 .rodata        0x08004e7c       0x28 serial.o
 .rodata.main.str1.1
                0x08004ea4      0xc95 tester-ps2-msx.o
                                0xcde (size before relaxing)
 .rodata._ZL14TIME_TO_READ_X
                0x08005b39       0x46 tester-ps2-msx.o
 .rodata._ZL20MAX_INACT_READ_CYLES
                0x08005b7f       0x11 tester-ps2-msx.o
 .rodata._ZL11SPEED_SELEC
                0x08005b90       0x88 tester-ps2-msx.o
 .rodata.rcc_hse_25mhz_3v3
                0x08005c18       0x70 /home/evandro/Develop/libopencm3/lib//libopencm3_stm32f4.a(rcc.o)
                0x08005c18                rcc_hse_25mhz_3v3
 .rodata.stm32f107_usb_driver
                0x08005c88       0x34 /home/evandro/Develop/libopencm3/lib//libopencm3_stm32f4.a(usb_f107.o)
                0x08005c88                stm32f107_usb_driver
                0x08005cbc                        . = ALIGN (0x4)

.glue_7         0x08005cbc        0x0
 .glue_7        0x08005cbc        0x0 linker stubs

.glue_7t        0x08005cbc        0x0
 .glue_7t       0x08005cbc        0x0 linker stubs

.vfp11_veneer   0x08005cbc        0x0
 .vfp11_veneer  0x08005cbc        0x0 linker stubs

.v4_bx          0x08005cbc        0x0
 .v4_bx         0x08005cbc        0x0 linker stubs

.iplt           0x08005cbc        0x0
 .iplt          0x08005cbc        0x0 t_msxmap.o

.preinit_array  0x08005cbc        0x0
                0x08005cbc                        . = ALIGN (0x4)
                0x08005cbc                        __preinit_array_start = .
 *(.preinit_array)
                0x08005cbc                        __preinit_array_end = .

.init_array     0x08005cbc        0x0
                0x08005cbc                        . = ALIGN (0x4)
                0x08005cbc                        __init_array_start = .
 *(SORT_BY_NAME(.init_array.*))
 *(.init_array)
                0x08005cbc                        __init_array_end = .

.fini_array     0x08005cbc        0x0
                0x08005cbc                        . = ALIGN (0x4)
                0x08005cbc                        __fini_array_start = .
 *(.fini_array)
 *(SORT_BY_NAME(.fini_array.*))
                0x08005cbc                        __fini_array_end = .

.ARM.extab
 *(.ARM.extab*)

.ARM.exidx      0x08005cbc       0xc8
                0x08005cbc                        __exidx_start = .
 *(.ARM.exidx*)
 .ARM.exidx.text._ZN6msxmap19msx_interface_setupEv
                0x08005cbc        0x8 t_msxmap.o
 .ARM.exidx.text._ZN6msxmap19general_debug_setupEv
                0x08005cc4        0x8 t_msxmap.o
 .ARM.exidx.text.portXread
                0x08005ccc        0x8 t_msxmap.o
 .ARM.exidx.text.systick_setup
                0x08005cd4        0x8 sys_timer.o
 .ARM.exidx.text.systick_update
                0x08005cdc        0x0 sys_timer.o
                                  0x8 (size before relaxing)
 .ARM.exidx.text.write_to_Y_port
                0x08005cdc        0x8 sys_timer.o
 .ARM.exidx.text.sys_tick_handler
                0x08005ce4       0x10 sys_timer.o
                                  0x8 (size before relaxing)
 .ARM.exidx.text.startup.main
                0x08005cf4       0x10 tester-ps2-msx.o
                                  0x8 (size before relaxing)
 .ARM.exidx     0x08005d04        0x0 /opt/gcc-arm-none/bin/../lib/gcc/arm-none-eabi/12.2.0/../../../../arm-none-eabi/lib/thumb/v7e-m+fp/hard/libc.a(libc_a-memcpy.o)
                                  0x8 (size before relaxing)
 .ARM.exidx     0x08005d04        0x0 /opt/gcc-arm-none/bin/../lib/gcc/arm-none-eabi/12.2.0/../../../../arm-none-eabi/lib/thumb/v7e-m+fp/hard/libc.a(libc_a-strlen.o)
                                  0x8 (size before relaxing)
 .ARM.exidx.text.selfrel_offset31
                0x08005d04        0x0 /opt/gcc-arm-none/bin/../lib/gcc/arm-none-eabi/12.2.0/thumb/v7e-m+fp/hard/libgcc.a(unwind-arm.o)
                                  0x8 (size before relaxing)
 .ARM.exidx.text.search_EIT_table
                0x08005d04        0x0 /opt/gcc-arm-none/bin/../lib/gcc/arm-none-eabi/12.2.0/thumb/v7e-m+fp/hard/libgcc.a(unwind-arm.o)
                                  0x8 (size before relaxing)
 .ARM.exidx.text.__gnu_unwind_get_pr_addr
                0x08005d04        0x0 /opt/gcc-arm-none/bin/../lib/gcc/arm-none-eabi/12.2.0/thumb/v7e-m+fp/hard/libgcc.a(unwind-arm.o)
                                  0x8 (size before relaxing)
 .ARM.exidx.text.get_eit_entry
                0x08005d04        0x8 /opt/gcc-arm-none/bin/../lib/gcc/arm-none-eabi/12.2.0/thumb/v7e-m+fp/hard/libgcc.a(unwind-arm.o)
 .ARM.exidx.text.restore_non_core_regs
                0x08005d0c        0x8 /opt/gcc-arm-none/bin/../lib/gcc/arm-none-eabi/12.2.0/thumb/v7e-m+fp/hard/libgcc.a(unwind-arm.o)
 .ARM.exidx.text._Unwind_decode_typeinfo_ptr.constprop.0
                0x08005d14        0x8 /opt/gcc-arm-none/bin/../lib/gcc/arm-none-eabi/12.2.0/thumb/v7e-m+fp/hard/libgcc.a(unwind-arm.o)
 .ARM.exidx.text._Unwind_DebugHook
                0x08005d1c        0x0 /opt/gcc-arm-none/bin/../lib/gcc/arm-none-eabi/12.2.0/thumb/v7e-m+fp/hard/libgcc.a(unwind-arm.o)
                                  0x8 (size before relaxing)
 .ARM.exidx.text.unwind_phase2
                0x08005d1c        0x8 /opt/gcc-arm-none/bin/../lib/gcc/arm-none-eabi/12.2.0/thumb/v7e-m+fp/hard/libgcc.a(unwind-arm.o)
 .ARM.exidx.text.unwind_phase2_forced
                0x08005d24        0x8 /opt/gcc-arm-none/bin/../lib/gcc/arm-none-eabi/12.2.0/thumb/v7e-m+fp/hard/libgcc.a(unwind-arm.o)
 .ARM.exidx.text.__gnu_Unwind_RaiseException
                0x08005d2c        0x8 /opt/gcc-arm-none/bin/../lib/gcc/arm-none-eabi/12.2.0/thumb/v7e-m+fp/hard/libgcc.a(unwind-arm.o)
 .ARM.exidx.text.__gnu_Unwind_ForcedUnwind
                0x08005d34        0x8 /opt/gcc-arm-none/bin/../lib/gcc/arm-none-eabi/12.2.0/thumb/v7e-m+fp/hard/libgcc.a(unwind-arm.o)
 .ARM.exidx.text.__gnu_Unwind_Resume
                0x08005d3c        0x8 /opt/gcc-arm-none/bin/../lib/gcc/arm-none-eabi/12.2.0/thumb/v7e-m+fp/hard/libgcc.a(unwind-arm.o)
 .ARM.exidx.text.__gnu_Unwind_Resume_or_Rethrow
                0x08005d44        0x8 /opt/gcc-arm-none/bin/../lib/gcc/arm-none-eabi/12.2.0/thumb/v7e-m+fp/hard/libgcc.a(unwind-arm.o)
 .ARM.exidx.text._Unwind_VRS_Get
                0x08005d4c        0x0 /opt/gcc-arm-none/bin/../lib/gcc/arm-none-eabi/12.2.0/thumb/v7e-m+fp/hard/libgcc.a(unwind-arm.o)
                                  0x8 (size before relaxing)
 .ARM.exidx.text._Unwind_GetGR
                0x08005d4c        0x0 /opt/gcc-arm-none/bin/../lib/gcc/arm-none-eabi/12.2.0/thumb/v7e-m+fp/hard/libgcc.a(unwind-arm.o)
                                  0x8 (size before relaxing)
 .ARM.exidx.text._Unwind_VRS_Set
                0x08005d4c        0x0 /opt/gcc-arm-none/bin/../lib/gcc/arm-none-eabi/12.2.0/thumb/v7e-m+fp/hard/libgcc.a(unwind-arm.o)
                                  0x8 (size before relaxing)
 .ARM.exidx.text._Unwind_SetGR
                0x08005d4c        0x0 /opt/gcc-arm-none/bin/../lib/gcc/arm-none-eabi/12.2.0/thumb/v7e-m+fp/hard/libgcc.a(unwind-arm.o)
                                  0x8 (size before relaxing)
 .ARM.exidx.text.__gnu_Unwind_Backtrace
                0x08005d4c        0x8 /opt/gcc-arm-none/bin/../lib/gcc/arm-none-eabi/12.2.0/thumb/v7e-m+fp/hard/libgcc.a(unwind-arm.o)
 .ARM.exidx.text.__gnu_unwind_pr_common
                0x08005d54        0x8 /opt/gcc-arm-none/bin/../lib/gcc/arm-none-eabi/12.2.0/thumb/v7e-m+fp/hard/libgcc.a(unwind-arm.o)
 .ARM.exidx.text.__aeabi_unwind_cpp_pr0
                0x08005d5c        0x8 /opt/gcc-arm-none/bin/../lib/gcc/arm-none-eabi/12.2.0/thumb/v7e-m+fp/hard/libgcc.a(unwind-arm.o)
 .ARM.exidx.text.__aeabi_unwind_cpp_pr1
                0x08005d64        0x0 /opt/gcc-arm-none/bin/../lib/gcc/arm-none-eabi/12.2.0/thumb/v7e-m+fp/hard/libgcc.a(unwind-arm.o)
                                  0x8 (size before relaxing)
 .ARM.exidx.text.__aeabi_unwind_cpp_pr2
                0x08005d64        0x0 /opt/gcc-arm-none/bin/../lib/gcc/arm-none-eabi/12.2.0/thumb/v7e-m+fp/hard/libgcc.a(unwind-arm.o)
                                  0x8 (size before relaxing)
 .ARM.exidx.text._Unwind_VRS_Pop
                0x08005d64       0x10 /opt/gcc-arm-none/bin/../lib/gcc/arm-none-eabi/12.2.0/thumb/v7e-m+fp/hard/libgcc.a(unwind-arm.o)
                                  0x8 (size before relaxing)
 .ARM.exidx.text.next_unwind_byte
                0x08005d74        0x0 /opt/gcc-arm-none/bin/../lib/gcc/arm-none-eabi/12.2.0/thumb/v7e-m+fp/hard/libgcc.a(pr-support.o)
                                  0x8 (size before relaxing)
 .ARM.exidx.text.__gnu_unwind_execute
                0x08005d74       0x10 /opt/gcc-arm-none/bin/../lib/gcc/arm-none-eabi/12.2.0/thumb/v7e-m+fp/hard/libgcc.a(pr-support.o)
                                  0x8 (size before relaxing)
                0x08005d84                        __exidx_end = .

.rel.dyn        0x08005d84        0x0
 .rel.iplt      0x08005d84        0x0 t_msxmap.o
                0x08005d84                        . = ALIGN (0x4)
                0x08005d84                        _etext = .

.noinit
 *(.noinit*)
                0x08005d84                        . = ALIGN (0x4)

.data           0x20000000       0x44 load address 0x08005d84
                0x20000000                        _data = .
 *(.data*)
 .data.msx_X_prev
                0x20000000       0x10 t_msxmap.o
                0x20000000                msx_X_prev
 .data.usb_strings
                0x20000010       0x24 cdcacm.o
 .data.xon_condition
                0x20000034        0x1 serial.o
                0x20000034                xon_condition
 .data.enable_xon_xoff
                0x20000035        0x1 serial.o
                0x20000035                enable_xon_xoff
 *fill*         0x20000036        0x2 
 .data.rcc_ahb_frequency
                0x20000038        0x4 /home/evandro/Develop/libopencm3/lib//libopencm3_stm32f4.a(rcc.o)
                0x20000038                rcc_ahb_frequency
 .data.rcc_apb1_frequency
                0x2000003c        0x4 /home/evandro/Develop/libopencm3/lib//libopencm3_stm32f4.a(rcc.o)
                0x2000003c                rcc_apb1_frequency
 .data.rcc_apb2_frequency
                0x20000040        0x4 /home/evandro/Develop/libopencm3/lib//libopencm3_stm32f4.a(rcc.o)
                0x20000040                rcc_apb2_frequency
 *(.ramtext*)
                0x20000044                        . = ALIGN (0x4)
                0x20000044                        _edata = .
                0x08005d84                        _data_loadaddr = LOADADDR (.data)

.igot.plt       0x20000044        0x0 load address 0x08005dc8
 .igot.plt      0x20000044        0x0 t_msxmap.o

.bss            0x20000044     0x2048 load address 0x08005dc8
 *(.bss*)
 .bss.pascal_string
                0x20000044        0x8 t_msxmap.o
                0x20000044                pascal_string
 .bss.mountISRstr
                0x2000004c       0x80 t_msxmap.o
                0x2000004c                mountISRstr
 .bss.msx_X     0x200000cc        0x1 t_msxmap.o
                0x200000cc                msx_X
 .bss.inactivity_cycles
                0x200000cd       0x11 sys_timer.o
                0x200000cd                inactivity_cycles
 .bss.kana_line
                0x200000de        0x1 sys_timer.o
                0x200000de                kana_line
 .bss.caps_line
                0x200000df        0x1 sys_timer.o
                0x200000df                caps_line
 .bss.y_scan    0x200000e0        0x1 sys_timer.o
                0x200000e0                y_scan
 .bss.scancount_end
                0x200000e1        0x1 sys_timer.o
                0x200000e1                scancount_end
 .bss.scancount_init
                0x200000e2        0x1 sys_timer.o
                0x200000e2                scancount_init
 .bss.single_step
                0x200000e3        0x1 sys_timer.o
                0x200000e3                single_step
 .bss.single_sweep
                0x200000e4        0x1 sys_timer.o
                0x200000e4                single_sweep
 .bss.wait_flag
                0x200000e5        0x1 sys_timer.o
                0x200000e5                wait_flag
 .bss.ticks_keys
                0x200000e6        0x1 sys_timer.o
                0x200000e6                ticks_keys
 *fill*         0x200000e7        0x1 
 .bss.tickscaps
                0x200000e8        0x4 sys_timer.o
                0x200000e8                tickscaps
 .bss.systicks  0x200000ec        0x4 sys_timer.o
                0x200000ec                systicks
 .bss.serial_no
                0x200000f0        0xd serial_no.o
                0x200000f0                serial_no
 .bss.usbd_control_buffer
                0x200000fd      0x100 cdcacm.o
                0x200000fd                usbd_control_buffer
 .bss.nak_cleared
                0x200001fd        0x8 cdcacm.o
                0x200001fd                nak_cleared
 *fill*         0x20000205        0x3 
 .bss.usb_configured
                0x20000208        0x4 cdcacm.o
                0x20000208                usb_configured
 .bss.usb_dev   0x2000020c        0x4 cdcacm.o
                0x2000020c                usb_dev
 .bss.ok_to_rx  0x20000210        0x1 serial.o
                0x20000210                ok_to_rx
 .bss.con_rx_ring_buffer
                0x20000211     0x1000 serial.o
                0x20000211                con_rx_ring_buffer
 .bss.con_tx_ring_buffer
                0x20001211      0x800 serial.o
                0x20001211                con_tx_ring_buffer
 *fill*         0x20001a11        0x3 
 .bss.con_rx_ring
                0x20001a14        0xc serial.o
                0x20001a14                con_rx_ring
 .bss.con_tx_ring
                0x20001a20        0xc serial.o
                0x20001a20                con_tx_ring
 .bss.last_dma_tx_set_number_of_data
                0x20001a2c        0x2 serial.o
                0x20001a2c                last_dma_tx_set_number_of_data
 .bss.buf_dma_rx
                0x20001a2e      0x100 serial.o
                0x20001a2e                buf_dma_rx
 *fill*         0x20001b2e        0x2 
 .bss.dma_rx_ring
                0x20001b30        0xc serial.o
                0x20001b30                dma_rx_ring
 .bss.uart_rx_ring_buffer
                0x20001b3c      0x200 serial.o
                0x20001b3c                uart_rx_ring_buffer
 .bss.uart_tx_ring_buffer
                0x20001d3c      0x200 serial.o
                0x20001d3c                uart_tx_ring_buffer
 .bss.uart_rx_ring
                0x20001f3c        0xc serial.o
                0x20001f3c                uart_rx_ring
 .bss.uart_tx_ring
                0x20001f48        0xc serial.o
                0x20001f48                uart_tx_ring
 .bss.xonoff_sendnow
                0x20001f54        0x1 serial.o
                0x20001f54                xonoff_sendnow
 .bss.xoff_condition
                0x20001f55        0x1 serial.o
                0x20001f55                xoff_condition
 *fill*         0x20001f56        0x2 
 .bss.next_routine
                0x20001f58        0x4 hr_timer.o
                0x20001f58                next_routine
 .bss.init_inactivity_cycles
                0x20001f5c       0x22 tester-ps2-msx.o
                0x20001f5c                init_inactivity_cycles
 *fill*         0x20001f7e        0x2 
 .bss.delay_to_read_x_scan
                0x20001f80        0x4 tester-ps2-msx.o
                0x20001f80                delay_to_read_x_scan
 .bss.scan_pointer
                0x20001f84        0x4 tester-ps2-msx.o
                0x20001f84                scan_pointer
 .bss.usbd_dev  0x20001f88      0x104 /home/evandro/Develop/libopencm3/lib//libopencm3_stm32f4.a(usb_f107.o)
 *(COMMON)
                0x2000208c                        . = ALIGN (0x4)
                0x2000208c                        _ebss = .

/DISCARD/
 *(.eh_frame)
                0x2000208c                        . = ALIGN (0x4)
                0x2000208c                        end = .
                0x20010000                        PROVIDE (_stack = (ORIGIN (ram) + LENGTH (ram)))
OUTPUT(tester-ps2-msxF4.elf elf32-littlearm)
LOAD linker stubs

.debug_info     0x00000000    0x1517f
 .debug_info    0x00000000     0x1046 t_msxmap.o
 .debug_info    0x00001046      0xc09 sys_timer.o
 .debug_info    0x00001c4f      0x1bb serial_no.o
 .debug_info    0x00001e0a     0x1c6e cdcacm.o
 .debug_info    0x00003a78     0x2148 serial.o
 .debug_info    0x00005bc0      0xabe hr_timer.o
 .debug_info    0x0000667e     0x203b tester-ps2-msx.o
 .debug_info    0x000086b9      0xd07 /home/evandro/Develop/libopencm3/lib//libopencm3_stm32f4.a(dma_common_f24.o)
 .debug_info    0x000093c0      0x256 /home/evandro/Develop/libopencm3/lib//libopencm3_stm32f4.a(gpio_common_all.o)
 .debug_info    0x00009616      0x21b /home/evandro/Develop/libopencm3/lib//libopencm3_stm32f4.a(gpio_common_f0234.o)
 .debug_info    0x00009831      0x943 /home/evandro/Develop/libopencm3/lib//libopencm3_stm32f4.a(rcc_common_all.o)
 .debug_info    0x0000a174      0xfae /home/evandro/Develop/libopencm3/lib//libopencm3_stm32f4.a(rcc.o)
 .debug_info    0x0000b122     0x1034 /home/evandro/Develop/libopencm3/lib//libopencm3_stm32f4.a(timer_common_all.o)
 .debug_info    0x0000c156      0x589 /home/evandro/Develop/libopencm3/lib//libopencm3_stm32f4.a(usart_common_all.o)
 .debug_info    0x0000c6df      0xf4d /home/evandro/Develop/libopencm3/lib//libopencm3_stm32f4.a(usb.o)
 .debug_info    0x0000d62c     0x1632 /home/evandro/Develop/libopencm3/lib//libopencm3_stm32f4.a(usb_standard.o)
 .debug_info    0x0000ec5e     0x104e /home/evandro/Develop/libopencm3/lib//libopencm3_stm32f4.a(usb_control.o)
 .debug_info    0x0000fcac      0xfb4 /home/evandro/Develop/libopencm3/lib//libopencm3_stm32f4.a(usb_f107.o)
 .debug_info    0x00010c60      0x2d9 /home/evandro/Develop/libopencm3/lib//libopencm3_stm32f4.a(vector.o)
 .debug_info    0x00010f39      0x271 /home/evandro/Develop/libopencm3/lib//libopencm3_stm32f4.a(systick.o)
 .debug_info    0x000111aa      0x239 /home/evandro/Develop/libopencm3/lib//libopencm3_stm32f4.a(nvic.o)
 .debug_info    0x000113e3       0xf7 /home/evandro/Develop/libopencm3/lib//libopencm3_stm32f4.a(flash_common_all.o)
 .debug_info    0x000114da       0xe9 /home/evandro/Develop/libopencm3/lib//libopencm3_stm32f4.a(flash_common_idcache.o)
 .debug_info    0x000115c3       0xe9 /home/evandro/Develop/libopencm3/lib//libopencm3_stm32f4.a(pwr.o)
 .debug_info    0x000116ac      0xf14 /home/evandro/Develop/libopencm3/lib//libopencm3_stm32f4.a(usb_dwc_common.o)
 .debug_info    0x000125c0      0x135 /opt/gcc-arm-none/bin/../lib/gcc/arm-none-eabi/12.2.0/../../../../arm-none-eabi/lib/thumb/v7e-m+fp/hard/libc.a(libc_a-memset.o)
 .debug_info    0x000126f5       0x31 /opt/gcc-arm-none/bin/../lib/gcc/arm-none-eabi/12.2.0/../../../../arm-none-eabi/lib/thumb/v7e-m+fp/hard/libc.a(libc_a-memcpy.o)
 .debug_info    0x00012726       0x31 /opt/gcc-arm-none/bin/../lib/gcc/arm-none-eabi/12.2.0/../../../../arm-none-eabi/lib/thumb/v7e-m+fp/hard/libc.a(libc_a-strlen.o)
 .debug_info    0x00012757     0x1ee3 /opt/gcc-arm-none/bin/../lib/gcc/arm-none-eabi/12.2.0/thumb/v7e-m+fp/hard/libgcc.a(unwind-arm.o)
 .debug_info    0x0001463a       0x9e /opt/gcc-arm-none/bin/../lib/gcc/arm-none-eabi/12.2.0/thumb/v7e-m+fp/hard/libgcc.a(libunwind.o)
 .debug_info    0x000146d8      0xaa7 /opt/gcc-arm-none/bin/../lib/gcc/arm-none-eabi/12.2.0/thumb/v7e-m+fp/hard/libgcc.a(pr-support.o)

.debug_abbrev   0x00000000     0x3d68
 .debug_abbrev  0x00000000      0x30a t_msxmap.o
 .debug_abbrev  0x0000030a      0x271 sys_timer.o
 .debug_abbrev  0x0000057b      0x117 serial_no.o
 .debug_abbrev  0x00000692      0x3c8 cdcacm.o
 .debug_abbrev  0x00000a5a      0x483 serial.o
 .debug_abbrev  0x00000edd      0x1d7 hr_timer.o
 .debug_abbrev  0x000010b4      0x364 tester-ps2-msx.o
 .debug_abbrev  0x00001418      0x1a3 /home/evandro/Develop/libopencm3/lib//libopencm3_stm32f4.a(dma_common_f24.o)
 .debug_abbrev  0x000015bb      0x115 /home/evandro/Develop/libopencm3/lib//libopencm3_stm32f4.a(gpio_common_all.o)
 .debug_abbrev  0x000016d0       0xc2 /home/evandro/Develop/libopencm3/lib//libopencm3_stm32f4.a(gpio_common_f0234.o)
 .debug_abbrev  0x00001792      0x180 /home/evandro/Develop/libopencm3/lib//libopencm3_stm32f4.a(rcc_common_all.o)
 .debug_abbrev  0x00001912      0x2c8 /home/evandro/Develop/libopencm3/lib//libopencm3_stm32f4.a(rcc.o)
 .debug_abbrev  0x00001bda      0x1af /home/evandro/Develop/libopencm3/lib//libopencm3_stm32f4.a(timer_common_all.o)
 .debug_abbrev  0x00001d89      0x164 /home/evandro/Develop/libopencm3/lib//libopencm3_stm32f4.a(usart_common_all.o)
 .debug_abbrev  0x00001eed      0x291 /home/evandro/Develop/libopencm3/lib//libopencm3_stm32f4.a(usb.o)
 .debug_abbrev  0x0000217e      0x4d6 /home/evandro/Develop/libopencm3/lib//libopencm3_stm32f4.a(usb_standard.o)
 .debug_abbrev  0x00002654      0x3ba /home/evandro/Develop/libopencm3/lib//libopencm3_stm32f4.a(usb_control.o)
 .debug_abbrev  0x00002a0e      0x22b /home/evandro/Develop/libopencm3/lib//libopencm3_stm32f4.a(usb_f107.o)
 .debug_abbrev  0x00002c39      0x15f /home/evandro/Develop/libopencm3/lib//libopencm3_stm32f4.a(vector.o)
 .debug_abbrev  0x00002d98      0x14e /home/evandro/Develop/libopencm3/lib//libopencm3_stm32f4.a(systick.o)
 .debug_abbrev  0x00002ee6       0xb6 /home/evandro/Develop/libopencm3/lib//libopencm3_stm32f4.a(nvic.o)
 .debug_abbrev  0x00002f9c       0x99 /home/evandro/Develop/libopencm3/lib//libopencm3_stm32f4.a(flash_common_all.o)
 .debug_abbrev  0x00003035       0x56 /home/evandro/Develop/libopencm3/lib//libopencm3_stm32f4.a(flash_common_idcache.o)
 .debug_abbrev  0x0000308b       0x9a /home/evandro/Develop/libopencm3/lib//libopencm3_stm32f4.a(pwr.o)
 .debug_abbrev  0x00003125      0x3b3 /home/evandro/Develop/libopencm3/lib//libopencm3_stm32f4.a(usb_dwc_common.o)
 .debug_abbrev  0x000034d8       0xb7 /opt/gcc-arm-none/bin/../lib/gcc/arm-none-eabi/12.2.0/../../../../arm-none-eabi/lib/thumb/v7e-m+fp/hard/libc.a(libc_a-memset.o)
 .debug_abbrev  0x0000358f       0x21 /opt/gcc-arm-none/bin/../lib/gcc/arm-none-eabi/12.2.0/../../../../arm-none-eabi/lib/thumb/v7e-m+fp/hard/libc.a(libc_a-memcpy.o)
 .debug_abbrev  0x000035b0       0x21 /opt/gcc-arm-none/bin/../lib/gcc/arm-none-eabi/12.2.0/../../../../arm-none-eabi/lib/thumb/v7e-m+fp/hard/libc.a(libc_a-strlen.o)
 .debug_abbrev  0x000035d1      0x47f /opt/gcc-arm-none/bin/../lib/gcc/arm-none-eabi/12.2.0/thumb/v7e-m+fp/hard/libgcc.a(unwind-arm.o)
 .debug_abbrev  0x00003a50       0x21 /opt/gcc-arm-none/bin/../lib/gcc/arm-none-eabi/12.2.0/thumb/v7e-m+fp/hard/libgcc.a(libunwind.o)
 .debug_abbrev  0x00003a71      0x2f7 /opt/gcc-arm-none/bin/../lib/gcc/arm-none-eabi/12.2.0/thumb/v7e-m+fp/hard/libgcc.a(pr-support.o)

.debug_loclists
                0x00000000     0x5c30
 .debug_loclists
                0x00000000       0x47 t_msxmap.o
 .debug_loclists
                0x00000047       0x23 sys_timer.o
 .debug_loclists
                0x0000006a       0x40 serial_no.o
 .debug_loclists
                0x000000aa      0x64d cdcacm.o
 .debug_loclists
                0x000006f7      0x8f5 serial.o
 .debug_loclists
                0x00000fec       0x6e hr_timer.o
 .debug_loclists
                0x0000105a      0x19b tester-ps2-msx.o
 .debug_loclists
                0x000011f5      0x836 /home/evandro/Develop/libopencm3/lib//libopencm3_stm32f4.a(dma_common_f24.o)
 .debug_loclists
                0x00001a2b       0x7e /home/evandro/Develop/libopencm3/lib//libopencm3_stm32f4.a(gpio_common_all.o)
 .debug_loclists
                0x00001aa9       0xcf /home/evandro/Develop/libopencm3/lib//libopencm3_stm32f4.a(gpio_common_f0234.o)
 .debug_loclists
                0x00001b78       0xbe /home/evandro/Develop/libopencm3/lib//libopencm3_stm32f4.a(rcc_common_all.o)
 .debug_loclists
                0x00001c36      0x54c /home/evandro/Develop/libopencm3/lib//libopencm3_stm32f4.a(rcc.o)
 .debug_loclists
                0x00002182      0x245 /home/evandro/Develop/libopencm3/lib//libopencm3_stm32f4.a(timer_common_all.o)
 .debug_loclists
                0x000023c7      0x144 /home/evandro/Develop/libopencm3/lib//libopencm3_stm32f4.a(usart_common_all.o)
 .debug_loclists
                0x0000250b      0x342 /home/evandro/Develop/libopencm3/lib//libopencm3_stm32f4.a(usb.o)
 .debug_loclists
                0x0000284d      0xc3d /home/evandro/Develop/libopencm3/lib//libopencm3_stm32f4.a(usb_standard.o)
 .debug_loclists
                0x0000348a      0x4ef /home/evandro/Develop/libopencm3/lib//libopencm3_stm32f4.a(usb_control.o)
 .debug_loclists
                0x00003979       0xb6 /home/evandro/Develop/libopencm3/lib//libopencm3_stm32f4.a(vector.o)
 .debug_loclists
                0x00003a2f      0x12c /home/evandro/Develop/libopencm3/lib//libopencm3_stm32f4.a(systick.o)
 .debug_loclists
                0x00003b5b       0xdb /home/evandro/Develop/libopencm3/lib//libopencm3_stm32f4.a(nvic.o)
 .debug_loclists
                0x00003c36       0x37 /home/evandro/Develop/libopencm3/lib//libopencm3_stm32f4.a(flash_common_all.o)
 .debug_loclists
                0x00003c6d       0x37 /home/evandro/Develop/libopencm3/lib//libopencm3_stm32f4.a(pwr.o)
 .debug_loclists
                0x00003ca4      0x54d /home/evandro/Develop/libopencm3/lib//libopencm3_stm32f4.a(usb_dwc_common.o)
 .debug_loclists
                0x000041f1      0x1cf /opt/gcc-arm-none/bin/../lib/gcc/arm-none-eabi/12.2.0/../../../../arm-none-eabi/lib/thumb/v7e-m+fp/hard/libc.a(libc_a-memset.o)
 .debug_loclists
                0x000043c0     0x149c /opt/gcc-arm-none/bin/../lib/gcc/arm-none-eabi/12.2.0/thumb/v7e-m+fp/hard/libgcc.a(unwind-arm.o)
 .debug_loclists
                0x0000585c      0x3d4 /opt/gcc-arm-none/bin/../lib/gcc/arm-none-eabi/12.2.0/thumb/v7e-m+fp/hard/libgcc.a(pr-support.o)

.debug_aranges  0x00000000      0xe80
 .debug_aranges
                0x00000000       0x30 t_msxmap.o
 .debug_aranges
                0x00000030       0x38 sys_timer.o
 .debug_aranges
                0x00000068       0x20 serial_no.o
 .debug_aranges
                0x00000088       0x80 cdcacm.o
 .debug_aranges
                0x00000108       0xe8 serial.o
 .debug_aranges
                0x000001f0       0x40 hr_timer.o
 .debug_aranges
                0x00000230       0x20 tester-ps2-msx.o
 .debug_aranges
                0x00000250      0x170 /home/evandro/Develop/libopencm3/lib//libopencm3_stm32f4.a(dma_common_f24.o)
 .debug_aranges
                0x000003c0       0x50 /home/evandro/Develop/libopencm3/lib//libopencm3_stm32f4.a(gpio_common_all.o)
 .debug_aranges
                0x00000410       0x30 /home/evandro/Develop/libopencm3/lib//libopencm3_stm32f4.a(gpio_common_f0234.o)
 .debug_aranges
                0x00000440       0x60 /home/evandro/Develop/libopencm3/lib//libopencm3_stm32f4.a(rcc_common_all.o)
 .debug_aranges
                0x000004a0      0x110 /home/evandro/Develop/libopencm3/lib//libopencm3_stm32f4.a(rcc.o)
 .debug_aranges
                0x000005b0      0x270 /home/evandro/Develop/libopencm3/lib//libopencm3_stm32f4.a(timer_common_all.o)
 .debug_aranges
                0x00000820       0xd8 /home/evandro/Develop/libopencm3/lib//libopencm3_stm32f4.a(usart_common_all.o)
 .debug_aranges
                0x000008f8       0x90 /home/evandro/Develop/libopencm3/lib//libopencm3_stm32f4.a(usb.o)
 .debug_aranges
                0x00000988       0x98 /home/evandro/Develop/libopencm3/lib//libopencm3_stm32f4.a(usb_standard.o)
 .debug_aranges
                0x00000a20       0x60 /home/evandro/Develop/libopencm3/lib//libopencm3_stm32f4.a(usb_control.o)
 .debug_aranges
                0x00000a80       0x20 /home/evandro/Develop/libopencm3/lib//libopencm3_stm32f4.a(usb_f107.o)
 .debug_aranges
                0x00000aa0       0x30 /home/evandro/Develop/libopencm3/lib//libopencm3_stm32f4.a(vector.o)
 .debug_aranges
                0x00000ad0       0x78 /home/evandro/Develop/libopencm3/lib//libopencm3_stm32f4.a(systick.o)
 .debug_aranges
                0x00000b48       0x60 /home/evandro/Develop/libopencm3/lib//libopencm3_stm32f4.a(nvic.o)
 .debug_aranges
                0x00000ba8       0x38 /home/evandro/Develop/libopencm3/lib//libopencm3_stm32f4.a(flash_common_all.o)
 .debug_aranges
                0x00000be0       0x48 /home/evandro/Develop/libopencm3/lib//libopencm3_stm32f4.a(flash_common_idcache.o)
 .debug_aranges
                0x00000c28       0x20 /home/evandro/Develop/libopencm3/lib//libopencm3_stm32f4.a(pwr.o)
 .debug_aranges
                0x00000c48       0x68 /home/evandro/Develop/libopencm3/lib//libopencm3_stm32f4.a(usb_dwc_common.o)
 .debug_aranges
                0x00000cb0       0x20 /opt/gcc-arm-none/bin/../lib/gcc/arm-none-eabi/12.2.0/../../../../arm-none-eabi/lib/thumb/v7e-m+fp/hard/libc.a(libc_a-memset.o)
 .debug_aranges
                0x00000cd0       0x20 /opt/gcc-arm-none/bin/../lib/gcc/arm-none-eabi/12.2.0/../../../../arm-none-eabi/lib/thumb/v7e-m+fp/hard/libc.a(libc_a-memcpy.o)
 .debug_aranges
                0x00000cf0       0x20 /opt/gcc-arm-none/bin/../lib/gcc/arm-none-eabi/12.2.0/../../../../arm-none-eabi/lib/thumb/v7e-m+fp/hard/libc.a(libc_a-strlen.o)
 .debug_aranges
                0x00000d10       0xf0 /opt/gcc-arm-none/bin/../lib/gcc/arm-none-eabi/12.2.0/thumb/v7e-m+fp/hard/libgcc.a(unwind-arm.o)
 .debug_aranges
                0x00000e00       0x20 /opt/gcc-arm-none/bin/../lib/gcc/arm-none-eabi/12.2.0/thumb/v7e-m+fp/hard/libgcc.a(libunwind.o)
 .debug_aranges
                0x00000e20       0x60 /opt/gcc-arm-none/bin/../lib/gcc/arm-none-eabi/12.2.0/thumb/v7e-m+fp/hard/libgcc.a(pr-support.o)

.debug_rnglists
                0x00000000      0xce6
 .debug_rnglists
                0x00000000       0x2e t_msxmap.o
 .debug_rnglists
                0x0000002e       0x26 sys_timer.o
 .debug_rnglists
                0x00000054       0x13 serial_no.o
 .debug_rnglists
                0x00000067       0x95 cdcacm.o
 .debug_rnglists
                0x000000fc      0x158 serial.o
 .debug_rnglists
                0x00000254       0x2c hr_timer.o
 .debug_rnglists
                0x00000280       0x4f tester-ps2-msx.o
 .debug_rnglists
                0x000002cf      0x10f /home/evandro/Develop/libopencm3/lib//libopencm3_stm32f4.a(dma_common_f24.o)
 .debug_rnglists
                0x000003de       0x37 /home/evandro/Develop/libopencm3/lib//libopencm3_stm32f4.a(gpio_common_all.o)
 .debug_rnglists
                0x00000415       0x1f /home/evandro/Develop/libopencm3/lib//libopencm3_stm32f4.a(gpio_common_f0234.o)
 .debug_rnglists
                0x00000434       0x43 /home/evandro/Develop/libopencm3/lib//libopencm3_stm32f4.a(rcc_common_all.o)
 .debug_rnglists
                0x00000477       0xe0 /home/evandro/Develop/libopencm3/lib//libopencm3_stm32f4.a(rcc.o)
 .debug_rnglists
                0x00000557      0x1d0 /home/evandro/Develop/libopencm3/lib//libopencm3_stm32f4.a(timer_common_all.o)
 .debug_rnglists
                0x00000727       0x9d /home/evandro/Develop/libopencm3/lib//libopencm3_stm32f4.a(usart_common_all.o)
 .debug_rnglists
                0x000007c4       0x67 /home/evandro/Develop/libopencm3/lib//libopencm3_stm32f4.a(usb.o)
 .debug_rnglists
                0x0000082b       0xb6 /home/evandro/Develop/libopencm3/lib//libopencm3_stm32f4.a(usb_standard.o)
 .debug_rnglists
                0x000008e1       0x6e /home/evandro/Develop/libopencm3/lib//libopencm3_stm32f4.a(usb_control.o)
 .debug_rnglists
                0x0000094f       0x14 /home/evandro/Develop/libopencm3/lib//libopencm3_stm32f4.a(usb_f107.o)
 .debug_rnglists
                0x00000963       0x20 /home/evandro/Develop/libopencm3/lib//libopencm3_stm32f4.a(vector.o)
 .debug_rnglists
                0x00000983       0x61 /home/evandro/Develop/libopencm3/lib//libopencm3_stm32f4.a(systick.o)
 .debug_rnglists
                0x000009e4       0x43 /home/evandro/Develop/libopencm3/lib//libopencm3_stm32f4.a(nvic.o)
 .debug_rnglists
                0x00000a27       0x25 /home/evandro/Develop/libopencm3/lib//libopencm3_stm32f4.a(flash_common_all.o)
 .debug_rnglists
                0x00000a4c       0x31 /home/evandro/Develop/libopencm3/lib//libopencm3_stm32f4.a(flash_common_idcache.o)
 .debug_rnglists
                0x00000a7d       0x13 /home/evandro/Develop/libopencm3/lib//libopencm3_stm32f4.a(pwr.o)
 .debug_rnglists
                0x00000a90       0x5e /home/evandro/Develop/libopencm3/lib//libopencm3_stm32f4.a(usb_dwc_common.o)
 .debug_rnglists
                0x00000aee       0x14 /opt/gcc-arm-none/bin/../lib/gcc/arm-none-eabi/12.2.0/../../../../arm-none-eabi/lib/thumb/v7e-m+fp/hard/libc.a(libc_a-memset.o)
 .debug_rnglists
                0x00000b02      0x186 /opt/gcc-arm-none/bin/../lib/gcc/arm-none-eabi/12.2.0/thumb/v7e-m+fp/hard/libgcc.a(unwind-arm.o)
 .debug_rnglists
                0x00000c88       0x5e /opt/gcc-arm-none/bin/../lib/gcc/arm-none-eabi/12.2.0/thumb/v7e-m+fp/hard/libgcc.a(pr-support.o)

.debug_macro    0x00000000     0xe538
 .debug_macro   0x00000000      0x4be t_msxmap.o
 .debug_macro   0x000004be      0xc28 t_msxmap.o
 .debug_macro   0x000010e6       0x76 t_msxmap.o
 .debug_macro   0x0000115c       0x1c t_msxmap.o
 .debug_macro   0x00001178       0x1c t_msxmap.o
 .debug_macro   0x00001194       0x22 t_msxmap.o
 .debug_macro   0x000011b6       0x8e t_msxmap.o
 .debug_macro   0x00001244       0x51 t_msxmap.o
 .debug_macro   0x00001295      0x103 t_msxmap.o
 .debug_macro   0x00001398       0x6a t_msxmap.o
 .debug_macro   0x00001402      0x1df t_msxmap.o
 .debug_macro   0x000015e1       0x16 t_msxmap.o
 .debug_macro   0x000015f7       0xe8 t_msxmap.o
 .debug_macro   0x000016df       0x69 t_msxmap.o
 .debug_macro   0x00001748      0x286 t_msxmap.o
 .debug_macro   0x000019ce       0x8e t_msxmap.o
 .debug_macro   0x00001a5c       0x46 t_msxmap.o
 .debug_macro   0x00001aa2      0xcea t_msxmap.o
 .debug_macro   0x0000278c       0x76 t_msxmap.o
 .debug_macro   0x00002802      0x37e t_msxmap.o
 .debug_macro   0x00002b80       0xca t_msxmap.o
 .debug_macro   0x00002c4a       0xee t_msxmap.o
 .debug_macro   0x00002d38       0x28 t_msxmap.o
 .debug_macro   0x00002d60       0x94 t_msxmap.o
 .debug_macro   0x00002df4      0x29e t_msxmap.o
 .debug_macro   0x00003092       0xa0 t_msxmap.o
 .debug_macro   0x00003132      0xf7d t_msxmap.o
 .debug_macro   0x000040af       0x52 t_msxmap.o
 .debug_macro   0x00004101      0x1a2 t_msxmap.o
 .debug_macro   0x000042a3       0x10 t_msxmap.o
 .debug_macro   0x000042b3      0x8de t_msxmap.o
 .debug_macro   0x00004b91      0x130 t_msxmap.o
 .debug_macro   0x00004cc1      0x420 t_msxmap.o
 .debug_macro   0x000050e1       0x10 t_msxmap.o
 .debug_macro   0x000050f1       0x7b t_msxmap.o
 .debug_macro   0x0000516c       0x2a t_msxmap.o
 .debug_macro   0x00005196       0x3c t_msxmap.o
 .debug_macro   0x000051d2       0x34 t_msxmap.o
 .debug_macro   0x00005206      0x190 t_msxmap.o
 .debug_macro   0x00005396       0x16 t_msxmap.o
 .debug_macro   0x000053ac       0x43 t_msxmap.o
 .debug_macro   0x000053ef       0x34 t_msxmap.o
 .debug_macro   0x00005423       0x10 t_msxmap.o
 .debug_macro   0x00005433       0x58 t_msxmap.o
 .debug_macro   0x0000548b      0x1de t_msxmap.o
 .debug_macro   0x00005669      0x23c t_msxmap.o
 .debug_macro   0x000058a5       0x16 t_msxmap.o
 .debug_macro   0x000058bb       0x35 t_msxmap.o
 .debug_macro   0x000058f0      0x38c t_msxmap.o
 .debug_macro   0x00005c7c       0x10 t_msxmap.o
 .debug_macro   0x00005c8c       0x1c t_msxmap.o
 .debug_macro   0x00005ca8       0x16 t_msxmap.o
 .debug_macro   0x00005cbe      0x138 t_msxmap.o
 .debug_macro   0x00005df6       0x16 t_msxmap.o
 .debug_macro   0x00005e0c       0x16 t_msxmap.o
 .debug_macro   0x00005e22       0x10 t_msxmap.o
 .debug_macro   0x00005e32       0x1c t_msxmap.o
 .debug_macro   0x00005e4e       0x52 t_msxmap.o
 .debug_macro   0x00005ea0       0x22 t_msxmap.o
 .debug_macro   0x00005ec2       0x10 t_msxmap.o
 .debug_macro   0x00005ed2       0x52 t_msxmap.o
 .debug_macro   0x00005f24       0xc1 t_msxmap.o
 .debug_macro   0x00005fe5       0x1c t_msxmap.o
 .debug_macro   0x00006001       0x3d t_msxmap.o
 .debug_macro   0x0000603e      0x51a t_msxmap.o
 .debug_macro   0x00006558      0x86d t_msxmap.o
 .debug_macro   0x00006dc5       0x6e t_msxmap.o
 .debug_macro   0x00006e33      0x22c t_msxmap.o
 .debug_macro   0x0000705f       0x65 t_msxmap.o
 .debug_macro   0x000070c4      0x1d6 t_msxmap.o
 .debug_macro   0x0000729a       0x10 t_msxmap.o
 .debug_macro   0x000072aa       0xc1 t_msxmap.o
 .debug_macro   0x0000736b      0x103 t_msxmap.o
 .debug_macro   0x0000746e      0x322 t_msxmap.o
 .debug_macro   0x00007790       0x10 t_msxmap.o
 .debug_macro   0x000077a0       0x16 t_msxmap.o
 .debug_macro   0x000077b6       0x16 t_msxmap.o
 .debug_macro   0x000077cc       0x29 t_msxmap.o
 .debug_macro   0x000077f5       0x1c t_msxmap.o
 .debug_macro   0x00007811       0xde t_msxmap.o
 .debug_macro   0x000078ef      0x458 t_msxmap.o
 .debug_macro   0x00007d47      0x4d0 sys_timer.o
 .debug_macro   0x00008217      0x3a8 serial_no.o
 .debug_macro   0x000085bf      0xac0 serial_no.o
 .debug_macro   0x0000907f       0x1c serial_no.o
 .debug_macro   0x0000909b       0x56 serial_no.o
 .debug_macro   0x000090f1       0x22 serial_no.o
 .debug_macro   0x00009113      0x280 serial_no.o
 .debug_macro   0x00009393       0x34 serial_no.o
 .debug_macro   0x000093c7      0x182 serial_no.o
 .debug_macro   0x00009549       0x43 serial_no.o
 .debug_macro   0x0000958c       0x35 serial_no.o
 .debug_macro   0x000095c1      0x385 serial_no.o
 .debug_macro   0x00009946       0x16 serial_no.o
 .debug_macro   0x0000995c      0x12a serial_no.o
 .debug_macro   0x00009a86       0xaa serial_no.o
 .debug_macro   0x00009b30      0x4fe serial_no.o
 .debug_macro   0x0000a02e       0x22 serial_no.o
 .debug_macro   0x0000a050      0x3b2 cdcacm.o
 .debug_macro   0x0000a402       0x75 cdcacm.o
 .debug_macro   0x0000a477       0x5c cdcacm.o
 .debug_macro   0x0000a4d3      0x11c cdcacm.o
 .debug_macro   0x0000a5ef       0x8d cdcacm.o
 .debug_macro   0x0000a67c       0x57 cdcacm.o
 .debug_macro   0x0000a6d3      0x242 cdcacm.o
 .debug_macro   0x0000a915       0x1c cdcacm.o
 .debug_macro   0x0000a931       0x2e cdcacm.o
 .debug_macro   0x0000a95f       0x10 cdcacm.o
 .debug_macro   0x0000a96f      0x39d serial.o
 .debug_macro   0x0000ad0c       0x9e serial.o
 .debug_macro   0x0000adaa      0x38e hr_timer.o
 .debug_macro   0x0000b138      0x4d8 tester-ps2-msx.o
 .debug_macro   0x0000b610       0xb3 /home/evandro/Develop/libopencm3/lib//libopencm3_stm32f4.a(dma_common_f24.o)
 .debug_macro   0x0000b6c3      0xa9c /home/evandro/Develop/libopencm3/lib//libopencm3_stm32f4.a(dma_common_f24.o)
 .debug_macro   0x0000c15f       0x22 /home/evandro/Develop/libopencm3/lib//libopencm3_stm32f4.a(dma_common_f24.o)
 .debug_macro   0x0000c181       0x56 /home/evandro/Develop/libopencm3/lib//libopencm3_stm32f4.a(dma_common_f24.o)
 .debug_macro   0x0000c1d7       0xd1 /home/evandro/Develop/libopencm3/lib//libopencm3_stm32f4.a(gpio_common_all.o)
 .debug_macro   0x0000c2a8       0xd1 /home/evandro/Develop/libopencm3/lib//libopencm3_stm32f4.a(gpio_common_f0234.o)
 .debug_macro   0x0000c379       0xf0 /home/evandro/Develop/libopencm3/lib//libopencm3_stm32f4.a(rcc_common_all.o)
 .debug_macro   0x0000c469      0x124 /home/evandro/Develop/libopencm3/lib//libopencm3_stm32f4.a(rcc.o)
 .debug_macro   0x0000c58d       0x16 /home/evandro/Develop/libopencm3/lib//libopencm3_stm32f4.a(rcc.o)
 .debug_macro   0x0000c5a3       0x1c /home/evandro/Develop/libopencm3/lib//libopencm3_stm32f4.a(rcc.o)
 .debug_macro   0x0000c5bf      0x143 /home/evandro/Develop/libopencm3/lib//libopencm3_stm32f4.a(rcc.o)
 .debug_macro   0x0000c702       0x10 /home/evandro/Develop/libopencm3/lib//libopencm3_stm32f4.a(rcc.o)
 .debug_macro   0x0000c712       0xf0 /home/evandro/Develop/libopencm3/lib//libopencm3_stm32f4.a(timer_common_all.o)
 .debug_macro   0x0000c802      0x10b /home/evandro/Develop/libopencm3/lib//libopencm3_stm32f4.a(usart_common_all.o)
 .debug_macro   0x0000c90d      0x146 /home/evandro/Develop/libopencm3/lib//libopencm3_stm32f4.a(usb.o)
 .debug_macro   0x0000ca53       0x58 /home/evandro/Develop/libopencm3/lib//libopencm3_stm32f4.a(usb.o)
 .debug_macro   0x0000caab       0x1e /home/evandro/Develop/libopencm3/lib//libopencm3_stm32f4.a(usb.o)
 .debug_macro   0x0000cac9       0x5c /home/evandro/Develop/libopencm3/lib//libopencm3_stm32f4.a(usb.o)
 .debug_macro   0x0000cb25       0x35 /home/evandro/Develop/libopencm3/lib//libopencm3_stm32f4.a(usb.o)
 .debug_macro   0x0000cb5a      0x16d /home/evandro/Develop/libopencm3/lib//libopencm3_stm32f4.a(usb.o)
 .debug_macro   0x0000ccc7       0x43 /home/evandro/Develop/libopencm3/lib//libopencm3_stm32f4.a(usb.o)
 .debug_macro   0x0000cd0a       0x34 /home/evandro/Develop/libopencm3/lib//libopencm3_stm32f4.a(usb.o)
 .debug_macro   0x0000cd3e       0x52 /home/evandro/Develop/libopencm3/lib//libopencm3_stm32f4.a(usb.o)
 .debug_macro   0x0000cd90      0x182 /home/evandro/Develop/libopencm3/lib//libopencm3_stm32f4.a(usb.o)
 .debug_macro   0x0000cf12      0x35d /home/evandro/Develop/libopencm3/lib//libopencm3_stm32f4.a(usb.o)
 .debug_macro   0x0000d26f       0x10 /home/evandro/Develop/libopencm3/lib//libopencm3_stm32f4.a(usb.o)
 .debug_macro   0x0000d27f       0x35 /home/evandro/Develop/libopencm3/lib//libopencm3_stm32f4.a(usb.o)
 .debug_macro   0x0000d2b4      0x19c /home/evandro/Develop/libopencm3/lib//libopencm3_stm32f4.a(usb.o)
 .debug_macro   0x0000d450       0x1c /home/evandro/Develop/libopencm3/lib//libopencm3_stm32f4.a(usb.o)
 .debug_macro   0x0000d46c      0x146 /home/evandro/Develop/libopencm3/lib//libopencm3_stm32f4.a(usb_standard.o)
 .debug_macro   0x0000d5b2      0x154 /home/evandro/Develop/libopencm3/lib//libopencm3_stm32f4.a(usb_control.o)
 .debug_macro   0x0000d706      0x10e /home/evandro/Develop/libopencm3/lib//libopencm3_stm32f4.a(usb_control.o)
 .debug_macro   0x0000d814       0x86 /home/evandro/Develop/libopencm3/lib//libopencm3_stm32f4.a(usb_control.o)
 .debug_macro   0x0000d89a      0x1cd /home/evandro/Develop/libopencm3/lib//libopencm3_stm32f4.a(usb_f107.o)
 .debug_macro   0x0000da67       0x3a /home/evandro/Develop/libopencm3/lib//libopencm3_stm32f4.a(usb_f107.o)
 .debug_macro   0x0000daa1       0xd3 /home/evandro/Develop/libopencm3/lib//libopencm3_stm32f4.a(vector.o)
 .debug_macro   0x0000db74      0x452 /home/evandro/Develop/libopencm3/lib//libopencm3_stm32f4.a(vector.o)
 .debug_macro   0x0000dfc6       0x92 /home/evandro/Develop/libopencm3/lib//libopencm3_stm32f4.a(systick.o)
 .debug_macro   0x0000e058       0xb3 /home/evandro/Develop/libopencm3/lib//libopencm3_stm32f4.a(nvic.o)
 .debug_macro   0x0000e10b       0x68 /home/evandro/Develop/libopencm3/lib//libopencm3_stm32f4.a(nvic.o)
 .debug_macro   0x0000e173       0xd7 /home/evandro/Develop/libopencm3/lib//libopencm3_stm32f4.a(flash_common_all.o)
 .debug_macro   0x0000e24a       0xd7 /home/evandro/Develop/libopencm3/lib//libopencm3_stm32f4.a(flash_common_idcache.o)
 .debug_macro   0x0000e321       0xb8 /home/evandro/Develop/libopencm3/lib//libopencm3_stm32f4.a(pwr.o)
 .debug_macro   0x0000e3d9      0x15f /home/evandro/Develop/libopencm3/lib//libopencm3_stm32f4.a(usb_dwc_common.o)

.debug_line     0x00000000     0xe5df
 .debug_line    0x00000000      0xb3d t_msxmap.o
 .debug_line    0x00000b3d      0xb03 sys_timer.o
 .debug_line    0x00001640      0x6e6 serial_no.o
 .debug_line    0x00001d26      0xd14 cdcacm.o
 .debug_line    0x00002a3a     0x134c serial.o
 .debug_line    0x00003d86      0x7f9 hr_timer.o
 .debug_line    0x0000457f     0x14a7 tester-ps2-msx.o
 .debug_line    0x00005a26      0x90b /home/evandro/Develop/libopencm3/lib//libopencm3_stm32f4.a(dma_common_f24.o)
 .debug_line    0x00006331      0x394 /home/evandro/Develop/libopencm3/lib//libopencm3_stm32f4.a(gpio_common_all.o)
 .debug_line    0x000066c5      0x466 /home/evandro/Develop/libopencm3/lib//libopencm3_stm32f4.a(gpio_common_f0234.o)
 .debug_line    0x00006b2b      0x3f2 /home/evandro/Develop/libopencm3/lib//libopencm3_stm32f4.a(rcc_common_all.o)
 .debug_line    0x00006f1d      0xa61 /home/evandro/Develop/libopencm3/lib//libopencm3_stm32f4.a(rcc.o)
 .debug_line    0x0000797e     0x108d /home/evandro/Develop/libopencm3/lib//libopencm3_stm32f4.a(timer_common_all.o)
 .debug_line    0x00008a0b      0x61a /home/evandro/Develop/libopencm3/lib//libopencm3_stm32f4.a(usart_common_all.o)
 .debug_line    0x00009025      0x4e5 /home/evandro/Develop/libopencm3/lib//libopencm3_stm32f4.a(usb.o)
 .debug_line    0x0000950a      0xbdd /home/evandro/Develop/libopencm3/lib//libopencm3_stm32f4.a(usb_standard.o)
 .debug_line    0x0000a0e7      0x6bf /home/evandro/Develop/libopencm3/lib//libopencm3_stm32f4.a(usb_control.o)
 .debug_line    0x0000a7a6      0x480 /home/evandro/Develop/libopencm3/lib//libopencm3_stm32f4.a(usb_f107.o)
 .debug_line    0x0000ac26      0x3e5 /home/evandro/Develop/libopencm3/lib//libopencm3_stm32f4.a(vector.o)
 .debug_line    0x0000b00b      0x35c /home/evandro/Develop/libopencm3/lib//libopencm3_stm32f4.a(systick.o)
 .debug_line    0x0000b367      0x36d /home/evandro/Develop/libopencm3/lib//libopencm3_stm32f4.a(nvic.o)
 .debug_line    0x0000b6d4      0x334 /home/evandro/Develop/libopencm3/lib//libopencm3_stm32f4.a(flash_common_all.o)
 .debug_line    0x0000ba08      0x34d /home/evandro/Develop/libopencm3/lib//libopencm3_stm32f4.a(flash_common_idcache.o)
 .debug_line    0x0000bd55      0x27a /home/evandro/Develop/libopencm3/lib//libopencm3_stm32f4.a(pwr.o)
 .debug_line    0x0000bfcf      0xa1d /home/evandro/Develop/libopencm3/lib//libopencm3_stm32f4.a(usb_dwc_common.o)
 .debug_line    0x0000c9ec      0x244 /opt/gcc-arm-none/bin/../lib/gcc/arm-none-eabi/12.2.0/../../../../arm-none-eabi/lib/thumb/v7e-m+fp/hard/libc.a(libc_a-memset.o)
 .debug_line    0x0000cc30       0xb9 /opt/gcc-arm-none/bin/../lib/gcc/arm-none-eabi/12.2.0/../../../../arm-none-eabi/lib/thumb/v7e-m+fp/hard/libc.a(libc_a-memcpy.o)
 .debug_line    0x0000cce9       0x86 /opt/gcc-arm-none/bin/../lib/gcc/arm-none-eabi/12.2.0/../../../../arm-none-eabi/lib/thumb/v7e-m+fp/hard/libc.a(libc_a-strlen.o)
 .debug_line    0x0000cd6f     0x1227 /opt/gcc-arm-none/bin/../lib/gcc/arm-none-eabi/12.2.0/thumb/v7e-m+fp/hard/libgcc.a(unwind-arm.o)
 .debug_line    0x0000df96       0x97 /opt/gcc-arm-none/bin/../lib/gcc/arm-none-eabi/12.2.0/thumb/v7e-m+fp/hard/libgcc.a(libunwind.o)
 .debug_line    0x0000e02d      0x5b2 /opt/gcc-arm-none/bin/../lib/gcc/arm-none-eabi/12.2.0/thumb/v7e-m+fp/hard/libgcc.a(pr-support.o)

.debug_str      0x00000000    0x27b61
 .debug_str     0x00000000    0x206b3 t_msxmap.o
                              0x2098f (size before relaxing)
 .debug_str     0x000206b3      0x1a0 sys_timer.o
                              0x20987 (size before relaxing)
 .debug_str     0x00020853      0x405 serial_no.o
                              0x1cc79 (size before relaxing)
 .debug_str     0x00020c58     0x12fa cdcacm.o
                              0x1e014 (size before relaxing)
 .debug_str     0x00021f52      0x617 serial.o
                              0x1db53 (size before relaxing)
 .debug_str     0x00022569      0x3f7 hr_timer.o
                              0x1d67c (size before relaxing)
 .debug_str     0x00022960      0x103 tester-ps2-msx.o
                              0x21200 (size before relaxing)
 .debug_str     0x00022a63      0x48d /home/evandro/Develop/libopencm3/lib//libopencm3_stm32f4.a(dma_common_f24.o)
                               0x79f3 (size before relaxing)
 .debug_str     0x00022ef0       0x3b /home/evandro/Develop/libopencm3/lib//libopencm3_stm32f4.a(gpio_common_all.o)
                               0x6644 (size before relaxing)
 .debug_str     0x00022f2b       0x61 /home/evandro/Develop/libopencm3/lib//libopencm3_stm32f4.a(gpio_common_f0234.o)
                               0x6666 (size before relaxing)
 .debug_str     0x00022f8c      0x1b3 /home/evandro/Develop/libopencm3/lib//libopencm3_stm32f4.a(rcc_common_all.o)
                               0x9a03 (size before relaxing)
 .debug_str     0x0002313f      0xb37 /home/evandro/Develop/libopencm3/lib//libopencm3_stm32f4.a(rcc.o)
                               0xa278 (size before relaxing)
 .debug_str     0x00023c76      0xa7e /home/evandro/Develop/libopencm3/lib//libopencm3_stm32f4.a(timer_common_all.o)
                               0xdca7 (size before relaxing)
 .debug_str     0x000246f4      0x185 /home/evandro/Develop/libopencm3/lib//libopencm3_stm32f4.a(usart_common_all.o)
                               0xa49d (size before relaxing)
 .debug_str     0x00024879      0xadd /home/evandro/Develop/libopencm3/lib//libopencm3_stm32f4.a(usb.o)
                               0x7af3 (size before relaxing)
 .debug_str     0x00025356      0x2c2 /home/evandro/Develop/libopencm3/lib//libopencm3_stm32f4.a(usb_standard.o)
                               0x7c0f (size before relaxing)
 .debug_str     0x00025618       0xb7 /home/evandro/Develop/libopencm3/lib//libopencm3_stm32f4.a(usb_control.o)
                               0x7ad5 (size before relaxing)
 .debug_str     0x000256cf      0x37b /home/evandro/Develop/libopencm3/lib//libopencm3_stm32f4.a(usb_f107.o)
                              0x10330 (size before relaxing)
 .debug_str     0x00025a4a      0xe6a /home/evandro/Develop/libopencm3/lib//libopencm3_stm32f4.a(vector.o)
                               0x6ef9 (size before relaxing)
 .debug_str     0x000268b4       0xbd /home/evandro/Develop/libopencm3/lib//libopencm3_stm32f4.a(systick.o)
                               0x455c (size before relaxing)
 .debug_str     0x00026971       0xb2 /home/evandro/Develop/libopencm3/lib//libopencm3_stm32f4.a(nvic.o)
                               0x6179 (size before relaxing)
 .debug_str     0x00026a23       0x64 /home/evandro/Develop/libopencm3/lib//libopencm3_stm32f4.a(flash_common_all.o)