Archive member included to satisfy reference by file (symbol)

/home/evandro/Develop/libopencm3/lib//libopencm3_stm32f1.a(dma_common_l1f013.o)
                              serial.o (dma_channel_reset)
/home/evandro/Develop/libopencm3/lib//libopencm3_stm32f1.a(gpio.o)
                              t_msxmap.o (gpio_set_mode)
/home/evandro/Develop/libopencm3/lib//libopencm3_stm32f1.a(gpio_common_all.o)
                              t_msxmap.o (gpio_set)
/home/evandro/Develop/libopencm3/lib//libopencm3_stm32f1.a(rcc.o)
                              tester-ps2-msx.o (rcc_clock_setup_pll)
/home/evandro/Develop/libopencm3/lib//libopencm3_stm32f1.a(rcc_common_all.o)
                              serial.o (rcc_periph_clock_enable)
/home/evandro/Develop/libopencm3/lib//libopencm3_stm32f1.a(timer_common_all.o)
                              hr_timer.o (timer_enable_irq)
/home/evandro/Develop/libopencm3/lib//libopencm3_stm32f1.a(usart_common_all.o)
                              serial.o (usart_set_baudrate)
/home/evandro/Develop/libopencm3/lib//libopencm3_stm32f1.a(usart_common_f124.o)
                              /home/evandro/Develop/libopencm3/lib//libopencm3_stm32f1.a(usart_common_all.o) (usart_send)
/home/evandro/Develop/libopencm3/lib//libopencm3_stm32f1.a(usb.o)
                              cdcacm.o (usbd_init)
/home/evandro/Develop/libopencm3/lib//libopencm3_stm32f1.a(usb_control.o)
                              cdcacm.o (usbd_register_control_callback)
/home/evandro/Develop/libopencm3/lib//libopencm3_stm32f1.a(usb_standard.o)
                              cdcacm.o (usbd_register_set_config_callback)
/home/evandro/Develop/libopencm3/lib//libopencm3_stm32f1.a(st_usbfs_v1.o)
                              cdcacm.o (st_usbfs_v1_usb_driver)
/home/evandro/Develop/libopencm3/lib//libopencm3_stm32f1.a(vector.o)
                              (reset_handler)
/home/evandro/Develop/libopencm3/lib//libopencm3_stm32f1.a(systick.o)
                              sys_timer.o (systick_set_reload)
/home/evandro/Develop/libopencm3/lib//libopencm3_stm32f1.a(nvic.o)
                              cdcacm.o (nvic_enable_irq)
/home/evandro/Develop/libopencm3/lib//libopencm3_stm32f1.a(assert.o)
                              /home/evandro/Develop/libopencm3/lib//libopencm3_stm32f1.a(rcc.o) (cm3_assert_failed)
/home/evandro/Develop/libopencm3/lib//libopencm3_stm32f1.a(flash_common_all.o)
                              /home/evandro/Develop/libopencm3/lib//libopencm3_stm32f1.a(rcc.o) (flash_set_ws)
/home/evandro/Develop/libopencm3/lib//libopencm3_stm32f1.a(st_usbfs_core.o)
                              /home/evandro/Develop/libopencm3/lib//libopencm3_stm32f1.a(st_usbfs_v1.o) (st_usbfs_set_address)
/opt/gcc-arm-none/bin/../lib/gcc/arm-none-eabi/12.2.0/../../../../arm-none-eabi/lib/thumb/v7-m/nofp/libc.a(libc_a-memset.o)
                              t_msxmap.o (memset)
/opt/gcc-arm-none/bin/../lib/gcc/arm-none-eabi/12.2.0/../../../../arm-none-eabi/lib/thumb/v7-m/nofp/libc.a(libc_a-errno.o)
                              serial.o (__errno)
/opt/gcc-arm-none/bin/../lib/gcc/arm-none-eabi/12.2.0/../../../../arm-none-eabi/lib/thumb/v7-m/nofp/libc.a(libc_a-memcpy.o)
                              serial.o (memcpy)
/opt/gcc-arm-none/bin/../lib/gcc/arm-none-eabi/12.2.0/../../../../arm-none-eabi/lib/thumb/v7-m/nofp/libc.a(libc_a-strlen-stub.o)
                              /home/evandro/Develop/libopencm3/lib//libopencm3_stm32f1.a(usb_standard.o) (strlen)
/opt/gcc-arm-none/bin/../lib/gcc/arm-none-eabi/12.2.0/../../../../arm-none-eabi/lib/thumb/v7-m/nofp/libc.a(libc_a-impure.o)
                              /opt/gcc-arm-none/bin/../lib/gcc/arm-none-eabi/12.2.0/../../../../arm-none-eabi/lib/thumb/v7-m/nofp/libc.a(libc_a-errno.o) (_impure_ptr)
/opt/gcc-arm-none/bin/../lib/gcc/arm-none-eabi/12.2.0/../../../../arm-none-eabi/lib/thumb/v7-m/nofp/libc.a(libc_a-findfp.o)
                              /opt/gcc-arm-none/bin/../lib/gcc/arm-none-eabi/12.2.0/../../../../arm-none-eabi/lib/thumb/v7-m/nofp/libc.a(libc_a-impure.o) (__sf)
/opt/gcc-arm-none/bin/../lib/gcc/arm-none-eabi/12.2.0/../../../../arm-none-eabi/lib/thumb/v7-m/nofp/libc.a(libc_a-fwalk.o)
                              /opt/gcc-arm-none/bin/../lib/gcc/arm-none-eabi/12.2.0/../../../../arm-none-eabi/lib/thumb/v7-m/nofp/libc.a(libc_a-findfp.o) (_fwalk_sglue)
/opt/gcc-arm-none/bin/../lib/gcc/arm-none-eabi/12.2.0/../../../../arm-none-eabi/lib/thumb/v7-m/nofp/libc.a(libc_a-stdio.o)
                              /opt/gcc-arm-none/bin/../lib/gcc/arm-none-eabi/12.2.0/../../../../arm-none-eabi/lib/thumb/v7-m/nofp/libc.a(libc_a-findfp.o) (__sread)
/opt/gcc-arm-none/bin/../lib/gcc/arm-none-eabi/12.2.0/../../../../arm-none-eabi/lib/thumb/v7-m/nofp/libc.a(libc_a-closer.o)
                              /opt/gcc-arm-none/bin/../lib/gcc/arm-none-eabi/12.2.0/../../../../arm-none-eabi/lib/thumb/v7-m/nofp/libc.a(libc_a-stdio.o) (_close_r)
[...]
Memory Configuration

Name             Origin             Length             Attributes
ram              0x20000000         0x00002800         xrw
rom              0x08000000         0x00008000         xr
*default*        0x00000000         0xffffffff

Linker script and memory map

LOAD t_msxmap.o
LOAD sys_timer.o
LOAD serial_no.o
LOAD cdcacm.o
LOAD serial.o
LOAD hr_timer.o
LOAD newlib_warning_fix.o
LOAD tester-ps2-msx.o
LOAD /home/evandro/Develop/libopencm3/lib//libopencm3_stm32f1.a
START GROUP
LOAD /opt/gcc-arm-none/bin/../lib/gcc/arm-none-eabi/12.2.0/../../../../arm-none-eabi/lib/thumb/v7-m/nofp/libc.a
LOAD /opt/gcc-arm-none/bin/../lib/gcc/arm-none-eabi/12.2.0/thumb/v7-m/nofp/libgcc.a
LOAD /opt/gcc-arm-none/bin/../lib/gcc/arm-none-eabi/12.2.0/../../../../arm-none-eabi/lib/thumb/v7-m/nofp/libnosys.a
END GROUP
START GROUP
LOAD /opt/gcc-arm-none/bin/../lib/gcc/arm-none-eabi/12.2.0/thumb/v7-m/nofp/libgcc.a
LOAD /opt/gcc-arm-none/bin/../lib/gcc/arm-none-eabi/12.2.0/../../../../arm-none-eabi/lib/thumb/v7-m/nofp/libg.a
LOAD /opt/gcc-arm-none/bin/../lib/gcc/arm-none-eabi/12.2.0/../../../../arm-none-eabi/lib/thumb/v7-m/nofp/libc.a
END GROUP

.text           0x08000000     0x5868
 *(.vectors)
 .vectors       0x08000000      0x150 /home/evandro/Develop/libopencm3/lib//libopencm3_stm32f1.a(vector.o)
                0x08000000                vector_table
 *(.text*)
 .text._ZN6msxmap19msx_interface_setupEv
                0x08000150      0x114 t_msxmap.o
                0x08000150                msxmap::msx_interface_setup()
 .text._ZN6msxmap19general_debug_setupEv
                0x08000264       0x74 t_msxmap.o
                0x08000264                msxmap::general_debug_setup()
 .text.portXread
                0x080002d8       0xfc t_msxmap.o
                0x080002d8                portXread
 .text.systick_setup
                0x080003d4       0x70 sys_timer.o
                0x080003d4                systick_setup
 .text.systick_update
                0x08000444       0x30 sys_timer.o
                0x08000444                systick_update
 .text.write_to_Y_port
                0x08000474       0x18 sys_timer.o
                0x08000474                write_to_Y_port
 .text.sys_tick_handler
                0x0800048c      0x150 sys_timer.o
                0x0800048c                sys_tick_handler
 .text.serialno_read
                0x080005dc       0x48 serial_no.o
                0x080005dc                serialno_read
 .text.cdcacm_uart_data_tx_cb
                0x08000624       0x5c cdcacm.o
 .text.usb_cdc_set_state
                0x08000680       0x2a cdcacm.o
 *fill*         0x080006aa        0x2 
 .text.cdcacm_set_config
                0x080006ac       0xa4 cdcacm.o
 .text.cdcacm_control_request
                0x08000750       0x84 cdcacm.o
 .text.cdcacm_con_data_tx_cb
                0x080007d4       0xd0 cdcacm.o
 .text.cdcacm_con_data_rx_cb
                0x080008a4       0x70 cdcacm.o
 .text.disable_usb
                0x08000914       0x1c cdcacm.o
                0x08000914                disable_usb
 .text.set_nak_endpoint
                0x08000930       0x24 cdcacm.o
                0x08000930                set_nak_endpoint
 .text.cdcacm_uart_data_rx_cb
                0x08000954       0x6c cdcacm.o
 .text.clear_nak_endpoint
                0x080009c0       0x24 cdcacm.o
                0x080009c0                clear_nak_endpoint
 .text.first_put_ring_content_onto_ep
                0x080009e4       0x74 cdcacm.o
                0x080009e4                first_put_ring_content_onto_ep
 .text.cdcacm_init
                0x08000a58       0x88 cdcacm.o
                0x08000a58                cdcacm_init
 .text.usb_lp_can_rx0_isr
                0x08000ae0        0xc cdcacm.o
                0x08000ae0                usb_lp_can_rx0_isr
 .text.usart_rx_read_dma
                0x08000aec       0xdc serial.o
 .text.pascal_string_init
                0x08000bc8        0xc serial.o
                0x08000bc8                pascal_string_init
 .text.serial_setup
                0x08000bd4      0x244 serial.o
                0x08000bd4                serial_setup
 .text.usart_update_comm_param
                0x08000e18       0x6c serial.o
                0x08000e18                usart_update_comm_param
 .text.serial_rx_restart
                0x08000e84       0x60 serial.o
                0x08000e84                serial_rx_restart
 .text.do_dma_usart_tx_ring
                0x08000ee4       0x50 serial.o
                0x08000ee4                do_dma_usart_tx_ring
 .text.ring_put_ch
                0x08000f34       0x2c serial.o
                0x08000f34                ring_put_ch
 .text.con_send_string
                0x08000f60      0x140 serial.o
                0x08000f60                con_send_string
 .text.ring_avail_get_ch
                0x080010a0       0x12 serial.o
                0x080010a0                ring_avail_get_ch
 .text.ring_get_ch
                0x080010b2       0x2a serial.o
                0x080010b2                ring_get_ch
 .text.con_available_get_char
                0x080010dc       0x1c serial.o
                0x080010dc                con_available_get_char
 .text.con_get_char
                0x080010f8       0xb8 serial.o
                0x080010f8                con_get_char
 .text.console_get_line
                0x080011b0       0xa4 serial.o
                0x080011b0                console_get_line
 .text.string_append
                0x08001254       0x2a serial.o
                0x08001254                string_append
 .text.conv_2a_hex_to_uint8
                0x0800127e       0x2e serial.o
                0x0800127e                conv_2a_hex_to_uint8
 .text.conv_uint32_to_dec
                0x080012ac       0x70 serial.o
                0x080012ac                conv_uint32_to_dec
 .text.conv_uint8_to_2a_hex
                0x0800131c       0x26 serial.o
                0x0800131c                conv_uint8_to_2a_hex
 .text.usart2_isr
                0x08001342       0x38 serial.o
                0x08001342                usart2_isr
 .text.dma1_channel6_isr
                0x0800137a        0x4 serial.o
                0x0800137a                dma1_channel6_isr
 *fill*         0x0800137e        0x2 
 .text.dma1_channel7_isr
                0x08001380       0x84 serial.o
                0x08001380                dma1_channel7_isr
 .text.tim_hr_setup
                0x08001404       0x60 hr_timer.o
                0x08001404                tim_hr_setup
 .text.delay_qusec
                0x08001464       0x50 hr_timer.o
                0x08001464                delay_qusec
 .text.tim2_isr
                0x080014b4       0x28 hr_timer.o
                0x080014b4                tim2_isr
 .text.startup.main
                0x080014dc      0xb50 tester-ps2-msx.o
                0x080014dc                main
 .text.dma_channel_reset
                0x0800202c       0x20 /home/evandro/Develop/libopencm3/lib//libopencm3_stm32f1.a(dma_common_l1f013.o)
                0x0800202c                dma_channel_reset
 .text.dma_clear_interrupt_flags
                0x0800204c        0xa /home/evandro/Develop/libopencm3/lib//libopencm3_stm32f1.a(dma_common_l1f013.o)
                0x0800204c                dma_clear_interrupt_flags
 .text.dma_set_priority
                0x08002056       0x18 /home/evandro/Develop/libopencm3/lib//libopencm3_stm32f1.a(dma_common_l1f013.o)
                0x08002056                dma_set_priority
 .text.dma_set_memory_size
                0x0800206e       0x18 /home/evandro/Develop/libopencm3/lib//libopencm3_stm32f1.a(dma_common_l1f013.o)
                0x0800206e                dma_set_memory_size
 .text.dma_set_peripheral_size
                0x08002086       0x18 /home/evandro/Develop/libopencm3/lib//libopencm3_stm32f1.a(dma_common_l1f013.o)
                0x08002086                dma_set_peripheral_size
 .text.dma_enable_memory_increment_mode
                0x0800209e       0x12 /home/evandro/Develop/libopencm3/lib//libopencm3_stm32f1.a(dma_common_l1f013.o)
                0x0800209e                dma_enable_memory_increment_mode
 .text.dma_disable_peripheral_increment_mode
                0x080020b0       0x12 /home/evandro/Develop/libopencm3/lib//libopencm3_stm32f1.a(dma_common_l1f013.o)
                0x080020b0                dma_disable_peripheral_increment_mode
 .text.dma_enable_circular_mode
                0x080020c2       0x1a /home/evandro/Develop/libopencm3/lib//libopencm3_stm32f1.a(dma_common_l1f013.o)
                0x080020c2                dma_enable_circular_mode
 .text.dma_set_read_from_peripheral
                0x080020dc       0x12 /home/evandro/Develop/libopencm3/lib//libopencm3_stm32f1.a(dma_common_l1f013.o)
                0x080020dc                dma_set_read_from_peripheral
 .text.dma_set_read_from_memory
                0x080020ee       0x12 /home/evandro/Develop/libopencm3/lib//libopencm3_stm32f1.a(dma_common_l1f013.o)
                0x080020ee                dma_set_read_from_memory
 .text.dma_enable_half_transfer_interrupt
                0x08002100       0x12 /home/evandro/Develop/libopencm3/lib//libopencm3_stm32f1.a(dma_common_l1f013.o)
                0x08002100                dma_enable_half_transfer_interrupt
 .text.dma_enable_transfer_complete_interrupt
                0x08002112       0x12 /home/evandro/Develop/libopencm3/lib//libopencm3_stm32f1.a(dma_common_l1f013.o)
                0x08002112                dma_enable_transfer_complete_interrupt
 .text.dma_enable_channel
                0x08002124       0x12 /home/evandro/Develop/libopencm3/lib//libopencm3_stm32f1.a(dma_common_l1f013.o)
                0x08002124                dma_enable_channel
 .text.dma_disable_channel
                0x08002136       0x12 /home/evandro/Develop/libopencm3/lib//libopencm3_stm32f1.a(dma_common_l1f013.o)
                0x08002136                dma_disable_channel
 .text.dma_set_peripheral_address
                0x08002148       0x12 /home/evandro/Develop/libopencm3/lib//libopencm3_stm32f1.a(dma_common_l1f013.o)
                0x08002148                dma_set_peripheral_address
 .text.dma_set_memory_address
                0x0800215a       0x12 /home/evandro/Develop/libopencm3/lib//libopencm3_stm32f1.a(dma_common_l1f013.o)
                0x0800215a                dma_set_memory_address
 .text.dma_get_number_of_data
                0x0800216c        0xe /home/evandro/Develop/libopencm3/lib//libopencm3_stm32f1.a(dma_common_l1f013.o)
                0x0800216c                dma_get_number_of_data
 .text.dma_set_number_of_data
                0x0800217a        0xc /home/evandro/Develop/libopencm3/lib//libopencm3_stm32f1.a(dma_common_l1f013.o)
                0x0800217a                dma_set_number_of_data
 .text.gpio_set_mode
                0x08002186       0x5e /home/evandro/Develop/libopencm3/lib//libopencm3_stm32f1.a(gpio.o)
                0x08002186                gpio_set_mode
 .text.gpio_primary_remap
                0x080021e4       0x14 /home/evandro/Develop/libopencm3/lib//libopencm3_stm32f1.a(gpio.o)
                0x080021e4                gpio_primary_remap
 .text.gpio_set
                0x080021f8        0x4 /home/evandro/Develop/libopencm3/lib//libopencm3_stm32f1.a(gpio_common_all.o)
                0x080021f8                gpio_set
 .text.gpio_clear
                0x080021fc        0x6 /home/evandro/Develop/libopencm3/lib//libopencm3_stm32f1.a(gpio_common_all.o)
                0x080021fc                gpio_clear
 .text.gpio_get
                0x08002202        0x6 /home/evandro/Develop/libopencm3/lib//libopencm3_stm32f1.a(gpio_common_all.o)
                0x08002202                gpio_get
 .text.gpio_toggle
                0x08002208       0x12 /home/evandro/Develop/libopencm3/lib//libopencm3_stm32f1.a(gpio_common_all.o)
                0x08002208                gpio_toggle
 .text.gpio_port_read
                0x0800221a        0x6 /home/evandro/Develop/libopencm3/lib//libopencm3_stm32f1.a(gpio_common_all.o)
                0x0800221a                gpio_port_read
 .text.gpio_port_config_lock
                0x08002220       0x10 /home/evandro/Develop/libopencm3/lib//libopencm3_stm32f1.a(gpio_common_all.o)
                0x08002220                gpio_port_config_lock
 .text.rcc_is_osc_ready
                0x08002230       0x58 /home/evandro/Develop/libopencm3/lib//libopencm3_stm32f1.a(rcc.o)
                0x08002230                rcc_is_osc_ready
 .text.rcc_wait_for_osc_ready
                0x08002288       0x10 /home/evandro/Develop/libopencm3/lib//libopencm3_stm32f1.a(rcc.o)
                0x08002288                rcc_wait_for_osc_ready
 .text.rcc_osc_on
                0x08002298       0x60 /home/evandro/Develop/libopencm3/lib//libopencm3_stm32f1.a(rcc.o)
                0x08002298                rcc_osc_on
 .text.rcc_set_sysclk_source
                0x080022f8       0x14 /home/evandro/Develop/libopencm3/lib//libopencm3_stm32f1.a(rcc.o)
                0x080022f8                rcc_set_sysclk_source
 .text.rcc_set_pll_multiplication_factor
                0x0800230c       0x14 /home/evandro/Develop/libopencm3/lib//libopencm3_stm32f1.a(rcc.o)
                0x0800230c                rcc_set_pll_multiplication_factor
 .text.rcc_set_pll2_multiplication_factor
                0x08002320       0x14 /home/evandro/Develop/libopencm3/lib//libopencm3_stm32f1.a(rcc.o)
                0x08002320                rcc_set_pll2_multiplication_factor
 .text.rcc_set_pll3_multiplication_factor
                0x08002334       0x14 /home/evandro/Develop/libopencm3/lib//libopencm3_stm32f1.a(rcc.o)
                0x08002334                rcc_set_pll3_multiplication_factor
 .text.rcc_set_pll_source
                0x08002348       0x14 /home/evandro/Develop/libopencm3/lib//libopencm3_stm32f1.a(rcc.o)
                0x08002348                rcc_set_pll_source
 .text.rcc_set_pllxtpre
                0x0800235c       0x14 /home/evandro/Develop/libopencm3/lib//libopencm3_stm32f1.a(rcc.o)
                0x0800235c                rcc_set_pllxtpre
 .text.rcc_set_adcpre
                0x08002370       0x14 /home/evandro/Develop/libopencm3/lib//libopencm3_stm32f1.a(rcc.o)
                0x08002370                rcc_set_adcpre
 .text.rcc_set_ppre2
                0x08002384       0x14 /home/evandro/Develop/libopencm3/lib//libopencm3_stm32f1.a(rcc.o)
                0x08002384                rcc_set_ppre2
 .text.rcc_set_ppre1
                0x08002398       0x14 /home/evandro/Develop/libopencm3/lib//libopencm3_stm32f1.a(rcc.o)
                0x08002398                rcc_set_ppre1
 .text.rcc_set_hpre
                0x080023ac       0x14 /home/evandro/Develop/libopencm3/lib//libopencm3_stm32f1.a(rcc.o)
                0x080023ac                rcc_set_hpre
 .text.rcc_set_usbpre
                0x080023c0       0x18 /home/evandro/Develop/libopencm3/lib//libopencm3_stm32f1.a(rcc.o)
                0x080023c0                rcc_set_usbpre
 .text.rcc_set_prediv1
                0x080023d8       0x14 /home/evandro/Develop/libopencm3/lib//libopencm3_stm32f1.a(rcc.o)
                0x080023d8                rcc_set_prediv1
 .text.rcc_set_prediv2
                0x080023ec       0x14 /home/evandro/Develop/libopencm3/lib//libopencm3_stm32f1.a(rcc.o)
                0x080023ec                rcc_set_prediv2
 .text.rcc_set_prediv1_source
                0x08002400       0x18 /home/evandro/Develop/libopencm3/lib//libopencm3_stm32f1.a(rcc.o)
                0x08002400                rcc_set_prediv1_source
 .text.rcc_clock_setup_pll
                0x08002418       0xbc /home/evandro/Develop/libopencm3/lib//libopencm3_stm32f1.a(rcc.o)
                0x08002418                rcc_clock_setup_pll
 .text.rcc_periph_clock_enable
                0x080024d4       0x1a /home/evandro/Develop/libopencm3/lib//libopencm3_stm32f1.a(rcc_common_all.o)
                0x080024d4                rcc_periph_clock_enable
 .text.rcc_periph_clock_disable
                0x080024ee       0x1c /home/evandro/Develop/libopencm3/lib//libopencm3_stm32f1.a(rcc_common_all.o)
                0x080024ee                rcc_periph_clock_disable
 .text.rcc_periph_reset_pulse
                0x0800250a       0x22 /home/evandro/Develop/libopencm3/lib//libopencm3_stm32f1.a(rcc_common_all.o)
                0x0800250a                rcc_periph_reset_pulse
 .text.timer_get_flag
                0x0800252c        0xc /home/evandro/Develop/libopencm3/lib//libopencm3_stm32f1.a(timer_common_all.o)
                0x0800252c                timer_get_flag
 .text.timer_clear_flag
                0x08002538        0x6 /home/evandro/Develop/libopencm3/lib//libopencm3_stm32f1.a(timer_common_all.o)
                0x08002538                timer_clear_flag
 .text.timer_set_mode
                0x0800253e       0x12 /home/evandro/Develop/libopencm3/lib//libopencm3_stm32f1.a(timer_common_all.o)
                0x0800253e                timer_set_mode
 .text.timer_enable_preload
                0x08002550        0xa /home/evandro/Develop/libopencm3/lib//libopencm3_stm32f1.a(timer_common_all.o)
                0x08002550                timer_enable_preload
 .text.timer_set_prescaler
                0x0800255a        0x4 /home/evandro/Develop/libopencm3/lib//libopencm3_stm32f1.a(timer_common_all.o)
                0x0800255a                timer_set_prescaler
 .text.timer_set_period
                0x0800255e        0x4 /home/evandro/Develop/libopencm3/lib//libopencm3_stm32f1.a(timer_common_all.o)
                0x0800255e                timer_set_period
 *fill*         0x08002562        0x2 
 .text.usart_set_baudrate
                0x08002564       0x28 /home/evandro/Develop/libopencm3/lib//libopencm3_stm32f1.a(usart_common_all.o)
                0x08002564                usart_set_baudrate
 .text.usart_set_databits
                0x0800258c       0x12 /home/evandro/Develop/libopencm3/lib//libopencm3_stm32f1.a(usart_common_all.o)
                0x0800258c                usart_set_databits
 .text.usart_set_stopbits
                0x0800259e        0xc /home/evandro/Develop/libopencm3/lib//libopencm3_stm32f1.a(usart_common_all.o)
                0x0800259e                usart_set_stopbits
 .text.usart_set_parity
                0x080025aa        0xc /home/evandro/Develop/libopencm3/lib//libopencm3_stm32f1.a(usart_common_all.o)
                0x080025aa                usart_set_parity
 .text.usart_set_mode
                0x080025b6        0xc /home/evandro/Develop/libopencm3/lib//libopencm3_stm32f1.a(usart_common_all.o)
                0x080025b6                usart_set_mode
 .text.usart_set_flow_control
                0x080025c2        0xc /home/evandro/Develop/libopencm3/lib//libopencm3_stm32f1.a(usart_common_all.o)
                0x080025c2                usart_set_flow_control
 .text.usart_enable
                0x080025ce        0xa /home/evandro/Develop/libopencm3/lib//libopencm3_stm32f1.a(usart_common_all.o)
                0x080025ce                usart_enable
 .text.usart_enable_rx_dma
                0x080025d8        0xa /home/evandro/Develop/libopencm3/lib//libopencm3_stm32f1.a(usart_common_all.o)
                0x080025d8                usart_enable_rx_dma
 .text.usart_enable_tx_dma
                0x080025e2        0xa /home/evandro/Develop/libopencm3/lib//libopencm3_stm32f1.a(usart_common_all.o)
                0x080025e2                usart_enable_tx_dma
 .text.usart_disable_tx_dma
                0x080025ec        0xa /home/evandro/Develop/libopencm3/lib//libopencm3_stm32f1.a(usart_common_all.o)
                0x080025ec                usart_disable_tx_dma
 .text.usart_disable_rx_interrupt
                0x080025f6        0xa /home/evandro/Develop/libopencm3/lib//libopencm3_stm32f1.a(usart_common_all.o)
                0x080025f6                usart_disable_rx_interrupt
 .text.usart_disable_tx_complete_interrupt
                0x08002600        0xa /home/evandro/Develop/libopencm3/lib//libopencm3_stm32f1.a(usart_common_all.o)
                0x08002600                usart_disable_tx_complete_interrupt
 .text.usart_enable_idle_interrupt
                0x0800260a        0xa /home/evandro/Develop/libopencm3/lib//libopencm3_stm32f1.a(usart_common_all.o)
                0x0800260a                usart_enable_idle_interrupt
 .text.usbd_init
                0x08002614       0x54 /home/evandro/Develop/libopencm3/lib//libopencm3_stm32f1.a(usb.o)
                0x08002614                usbd_init
 .text.usbd_poll
                0x08002668        0x8 /home/evandro/Develop/libopencm3/lib//libopencm3_stm32f1.a(usb.o)
                0x08002668                usbd_poll
 .text.usbd_ep_setup
                0x08002670        0xe /home/evandro/Develop/libopencm3/lib//libopencm3_stm32f1.a(usb.o)
                0x08002670                usbd_ep_setup
 .text._usbd_reset
                0x0800267e       0x32 /home/evandro/Develop/libopencm3/lib//libopencm3_stm32f1.a(usb.o)
                0x0800267e                _usbd_reset
 .text.usbd_ep_write_packet
                0x080026b0        0xe /home/evandro/Develop/libopencm3/lib//libopencm3_stm32f1.a(usb.o)
                0x080026b0                usbd_ep_write_packet
 .text.usbd_ep_read_packet
                0x080026be        0xe /home/evandro/Develop/libopencm3/lib//libopencm3_stm32f1.a(usb.o)
                0x080026be                usbd_ep_read_packet
 .text.usbd_ep_stall_set
                0x080026cc        0x8 /home/evandro/Develop/libopencm3/lib//libopencm3_stm32f1.a(usb.o)
                0x080026cc                usbd_ep_stall_set
 .text.usbd_ep_stall_get
                0x080026d4        0x8 /home/evandro/Develop/libopencm3/lib//libopencm3_stm32f1.a(usb.o)
                0x080026d4                usbd_ep_stall_get
 .text.usbd_ep_nak_set
                0x080026dc        0x8 /home/evandro/Develop/libopencm3/lib//libopencm3_stm32f1.a(usb.o)
                0x080026dc                usbd_ep_nak_set
 .text.usb_control_send_chunk
                0x080026e4       0x4e /home/evandro/Develop/libopencm3/lib//libopencm3_stm32f1.a(usb_control.o)
 .text.usb_control_request_dispatch
                0x08002732       0x60 /home/evandro/Develop/libopencm3/lib//libopencm3_stm32f1.a(usb_control.o)
 .text.stall_transaction
                0x08002792       0x14 /home/evandro/Develop/libopencm3/lib//libopencm3_stm32f1.a(usb_control.o)
 .text.usb_control_recv_chunk
                0x080027a6       0x3c /home/evandro/Develop/libopencm3/lib//libopencm3_stm32f1.a(usb_control.o)
 .text.usb_control_setup_read
                0x080027e2       0x66 /home/evandro/Develop/libopencm3/lib//libopencm3_stm32f1.a(usb_control.o)
 .text.usbd_register_control_callback
                0x08002848       0x2c /home/evandro/Develop/libopencm3/lib//libopencm3_stm32f1.a(usb_control.o)
                0x08002848                usbd_register_control_callback
 .text._usbd_control_setup
                0x08002874       0x60 /home/evandro/Develop/libopencm3/lib//libopencm3_stm32f1.a(usb_control.o)
                0x08002874                _usbd_control_setup
 .text._usbd_control_out
                0x080028d4       0x82 /home/evandro/Develop/libopencm3/lib//libopencm3_stm32f1.a(usb_control.o)
                0x080028d4                _usbd_control_out
 .text._usbd_control_in
                0x08002956       0x64 /home/evandro/Develop/libopencm3/lib//libopencm3_stm32f1.a(usb_control.o)
                0x08002956                _usbd_control_in
 .text.usb_standard_set_address
                0x080029ba       0x28 /home/evandro/Develop/libopencm3/lib//libopencm3_stm32f1.a(usb_standard.o)
 .text.usb_standard_set_configuration
                0x080029e2       0x92 /home/evandro/Develop/libopencm3/lib//libopencm3_stm32f1.a(usb_standard.o)
 .text.usb_standard_get_configuration
                0x08002a74       0x22 /home/evandro/Develop/libopencm3/lib//libopencm3_stm32f1.a(usb_standard.o)
 .text.usb_standard_set_interface
                0x08002a96       0x50 /home/evandro/Develop/libopencm3/lib//libopencm3_stm32f1.a(usb_standard.o)
 .text.usb_standard_get_interface
                0x08002ae6       0x34 /home/evandro/Develop/libopencm3/lib//libopencm3_stm32f1.a(usb_standard.o)
 .text.usb_standard_device_get_status
                0x08002b1a       0x18 /home/evandro/Develop/libopencm3/lib//libopencm3_stm32f1.a(usb_standard.o)
 .text.usb_standard_endpoint_get_status
                0x08002b32       0x2a /home/evandro/Develop/libopencm3/lib//libopencm3_stm32f1.a(usb_standard.o)
 .text.usb_standard_endpoint_stall
                0x08002b5c       0x10 /home/evandro/Develop/libopencm3/lib//libopencm3_stm32f1.a(usb_standard.o)
 .text.usb_standard_endpoint_unstall
                0x08002b6c       0x10 /home/evandro/Develop/libopencm3/lib//libopencm3_stm32f1.a(usb_standard.o)
 .text.usb_standard_get_descriptor
                0x08002b7c      0x2ac /home/evandro/Develop/libopencm3/lib//libopencm3_stm32f1.a(usb_standard.o)
 .text.usb_standard_interface_get_status
                0x08002e28       0x18 /home/evandro/Develop/libopencm3/lib//libopencm3_stm32f1.a(usb_standard.o)
 .text.usbd_register_set_config_callback
                0x08002e40       0x2c /home/evandro/Develop/libopencm3/lib//libopencm3_stm32f1.a(usb_standard.o)
                0x08002e40                usbd_register_set_config_callback
 .text._usbd_standard_request_device
                0x08002e6c       0x48 /home/evandro/Develop/libopencm3/lib//libopencm3_stm32f1.a(usb_standard.o)
                0x08002e6c                _usbd_standard_request_device
 .text._usbd_standard_request_interface
                0x08002eb4       0x30 /home/evandro/Develop/libopencm3/lib//libopencm3_stm32f1.a(usb_standard.o)
                0x08002eb4                _usbd_standard_request_interface
 .text._usbd_standard_request_endpoint
                0x08002ee4       0x3c /home/evandro/Develop/libopencm3/lib//libopencm3_stm32f1.a(usb_standard.o)
                0x08002ee4                _usbd_standard_request_endpoint
 .text._usbd_standard_request
                0x08002f20       0x30 /home/evandro/Develop/libopencm3/lib//libopencm3_stm32f1.a(usb_standard.o)
                0x08002f20                _usbd_standard_request
 .text.st_usbfs_v1_usbd_init
                0x08002f50       0x30 /home/evandro/Develop/libopencm3/lib//libopencm3_stm32f1.a(st_usbfs_v1.o)
 .text.st_usbfs_copy_to_pm
                0x08002f80       0x18 /home/evandro/Develop/libopencm3/lib//libopencm3_stm32f1.a(st_usbfs_v1.o)
                0x08002f80                st_usbfs_copy_to_pm
 .text.st_usbfs_copy_from_pm
                0x08002f98       0x26 /home/evandro/Develop/libopencm3/lib//libopencm3_stm32f1.a(st_usbfs_v1.o)
                0x08002f98                st_usbfs_copy_from_pm
 .text.blocking_handler
                0x08002fbe        0x2 /home/evandro/Develop/libopencm3/lib//libopencm3_stm32f1.a(vector.o)
                0x08002fbe                usart3_isr
                0x08002fbe                rtc_isr
                0x08002fbe                tim7_isr
                0x08002fbe                adc1_2_isr
                0x08002fbe                tim1_trg_com_isr
                0x08002fbe                usb_hp_can_tx_isr
                0x08002fbe                tim6_isr
                0x08002fbe                usb_wakeup_isr
                0x08002fbe                blocking_handler
                0x08002fbe                tim5_isr
                0x08002fbe                otg_fs_isr
                0x08002fbe                spi1_isr
                0x08002fbe                exti2_isr
                0x08002fbe                can_rx1_isr
                0x08002fbe                dma1_channel5_isr
                0x08002fbe                dma2_channel5_isr
                0x08002fbe                usart1_isr
                0x08002fbe                usage_fault_handler
                0x08002fbe                tim8_trg_com_isr
                0x08002fbe                can2_rx0_isr
                0x08002fbe                tim1_brk_isr
                0x08002fbe                can2_rx1_isr
                0x08002fbe                tim1_cc_isr
                0x08002fbe                sdio_isr
                0x08002fbe                eth_isr
                0x08002fbe                dma1_channel4_isr
                0x08002fbe                tim8_brk_isr
                0x08002fbe                dma2_channel4_5_isr
                0x08002fbe                pvd_isr
                0x08002fbe                rcc_isr
                0x08002fbe                flash_isr
                0x08002fbe                uart4_isr
                0x08002fbe                rtc_alarm_isr
                0x08002fbe                exti15_10_isr
                0x08002fbe                hard_fault_handler
                0x08002fbe                exti1_isr
                0x08002fbe                i2c1_ev_isr
                0x08002fbe                dma2_channel1_isr
                0x08002fbe                spi2_isr
                0x08002fbe                tim8_up_isr
                0x08002fbe                dma2_channel2_isr
                0x08002fbe                exti3_isr
                0x08002fbe                adc3_isr
                0x08002fbe                tim3_isr
                0x08002fbe                i2c2_er_isr
                0x08002fbe                i2c2_ev_isr
                0x08002fbe                uart5_isr
                0x08002fbe                fsmc_isr
                0x08002fbe                dma1_channel1_isr
                0x08002fbe                exti4_isr
                0x08002fbe                mem_manage_handler
                0x08002fbe                can2_tx_isr
                0x08002fbe                exti9_5_isr
                0x08002fbe                dma2_channel3_isr
                0x08002fbe                tim1_up_isr
                0x08002fbe                can2_sce_isr
                0x08002fbe                tim4_isr
                0x08002fbe                dma1_channel2_isr
                0x08002fbe                i2c1_er_isr
                0x08002fbe                can_sce_isr
                0x08002fbe                tim8_cc_isr
                0x08002fbe                tamper_isr
                0x08002fbe                eth_wkup_isr
                0x08002fbe                bus_fault_handler
                0x08002fbe                wwdg_isr
                0x08002fbe                dma1_channel3_isr
                0x08002fbe                spi3_isr
                0x08002fbe                exti0_isr
 .text.null_handler
                0x08002fc0        0x2 /home/evandro/Develop/libopencm3/lib//libopencm3_stm32f1.a(vector.o)
                0x08002fc0                null_handler
                0x08002fc0                sv_call_handler
                0x08002fc0                pend_sv_handler
                0x08002fc0                debug_monitor_handler
                0x08002fc0                nmi_handler
 *fill*         0x08002fc2        0x2 
 .text.reset_handler
                0x08002fc4       0x94 /home/evandro/Develop/libopencm3/lib//libopencm3_stm32f1.a(vector.o)
                0x08002fc4                reset_handler
 .text.systick_set_reload
                0x08003058        0xc /home/evandro/Develop/libopencm3/lib//libopencm3_stm32f1.a(systick.o)
                0x08003058                systick_set_reload
 .text.systick_interrupt_enable
                0x08003064        0xe /home/evandro/Develop/libopencm3/lib//libopencm3_stm32f1.a(systick.o)
                0x08003064                systick_interrupt_enable
 .text.systick_counter_enable
                0x08003072        0xe /home/evandro/Develop/libopencm3/lib//libopencm3_stm32f1.a(systick.o)
                0x08003072                systick_counter_enable
 .text.systick_counter_disable
                0x08003080        0xe /home/evandro/Develop/libopencm3/lib//libopencm3_stm32f1.a(systick.o)
                0x08003080                systick_counter_disable
 .text.nvic_enable_irq
                0x0800308e       0x18 /home/evandro/Develop/libopencm3/lib//libopencm3_stm32f1.a(nvic.o)
                0x0800308e                nvic_enable_irq
 *fill*         0x080030a6        0x2 
 .text.nvic_set_priority
                0x080030a8       0x20 /home/evandro/Develop/libopencm3/lib//libopencm3_stm32f1.a(nvic.o)
                0x080030a8                nvic_set_priority
 .text.flash_set_ws
                0x080030c8       0x14 /home/evandro/Develop/libopencm3/lib//libopencm3_stm32f1.a(flash_common_all.o)
                0x080030c8                flash_set_ws
 .text.st_usbfs_set_address
                0x080030dc       0x10 /home/evandro/Develop/libopencm3/lib//libopencm3_stm32f1.a(st_usbfs_core.o)
                0x080030dc                st_usbfs_set_address
 .text.st_usbfs_set_ep_rx_bufsize
                0x080030ec       0x44 /home/evandro/Develop/libopencm3/lib//libopencm3_stm32f1.a(st_usbfs_core.o)
                0x080030ec                st_usbfs_set_ep_rx_bufsize
 .text.st_usbfs_ep_setup
                0x08003130      0x128 /home/evandro/Develop/libopencm3/lib//libopencm3_stm32f1.a(st_usbfs_core.o)
                0x08003130                st_usbfs_ep_setup
 .text.st_usbfs_endpoints_reset
                0x08003258       0x44 /home/evandro/Develop/libopencm3/lib//libopencm3_stm32f1.a(st_usbfs_core.o)
                0x08003258                st_usbfs_endpoints_reset
 .text.st_usbfs_ep_stall_set
                0x0800329c       0xbc /home/evandro/Develop/libopencm3/lib//libopencm3_stm32f1.a(st_usbfs_core.o)
                0x0800329c                st_usbfs_ep_stall_set
 .text.st_usbfs_ep_stall_get
                0x08003358       0x38 /home/evandro/Develop/libopencm3/lib//libopencm3_stm32f1.a(st_usbfs_core.o)
                0x08003358                st_usbfs_ep_stall_get
 .text.st_usbfs_ep_nak_set
                0x08003390       0x3c /home/evandro/Develop/libopencm3/lib//libopencm3_stm32f1.a(st_usbfs_core.o)
                0x08003390                st_usbfs_ep_nak_set
 .text.st_usbfs_ep_write_packet
                0x080033cc       0x88 /home/evandro/Develop/libopencm3/lib//libopencm3_stm32f1.a(st_usbfs_core.o)
                0x080033cc                st_usbfs_ep_write_packet
 .text.st_usbfs_ep_read_packet
                0x08003454       0xb4 /home/evandro/Develop/libopencm3/lib//libopencm3_stm32f1.a(st_usbfs_core.o)
                0x08003454                st_usbfs_ep_read_packet
 .text.st_usbfs_poll
                0x08003508       0xf4 /home/evandro/Develop/libopencm3/lib//libopencm3_stm32f1.a(st_usbfs_core.o)
                0x08003508                st_usbfs_poll
 .text.memset   0x080035fc       0xa0 /opt/gcc-arm-none/bin/../lib/gcc/arm-none-eabi/12.2.0/../../../../arm-none-eabi/lib/thumb/v7-m/nofp/libc.a(libc_a-memset.o)
                0x080035fc                memset
 .text          0x0800369c       0xec /opt/gcc-arm-none/bin/../lib/gcc/arm-none-eabi/12.2.0/../../../../arm-none-eabi/lib/thumb/v7-m/nofp/libc.a(libc_a-memcpy.o)
                0x0800369c                memcpy
 .text.strlen   0x08003788       0x5c /opt/gcc-arm-none/bin/../lib/gcc/arm-none-eabi/12.2.0/../../../../arm-none-eabi/lib/thumb/v7-m/nofp/libc.a(libc_a-strlen-stub.o)
                0x08003788                strlen
 .text.selfrel_offset31
                0x080037e4       0x14 /opt/gcc-arm-none/bin/../lib/gcc/arm-none-eabi/12.2.0/thumb/v7-m/nofp/libgcc.a(unwind-arm.o)
 .text.search_EIT_table
                0x080037f8       0x64 /opt/gcc-arm-none/bin/../lib/gcc/arm-none-eabi/12.2.0/thumb/v7-m/nofp/libgcc.a(unwind-arm.o)
 .text.__gnu_unwind_get_pr_addr
                0x0800385c       0x28 /opt/gcc-arm-none/bin/../lib/gcc/arm-none-eabi/12.2.0/thumb/v7-m/nofp/libgcc.a(unwind-arm.o)
 .text.get_eit_entry
                0x08003884       0x94 /opt/gcc-arm-none/bin/../lib/gcc/arm-none-eabi/12.2.0/thumb/v7-m/nofp/libgcc.a(unwind-arm.o)
 .text.restore_non_core_regs
                0x08003918       0x58 /opt/gcc-arm-none/bin/../lib/gcc/arm-none-eabi/12.2.0/thumb/v7-m/nofp/libgcc.a(unwind-arm.o)
 .text._Unwind_decode_typeinfo_ptr.constprop.0
                0x08003970        0xc /opt/gcc-arm-none/bin/../lib/gcc/arm-none-eabi/12.2.0/thumb/v7-m/nofp/libgcc.a(unwind-arm.o)
 .text._Unwind_DebugHook
                0x0800397c        0x4 /opt/gcc-arm-none/bin/../lib/gcc/arm-none-eabi/12.2.0/thumb/v7-m/nofp/libgcc.a(unwind-arm.o)
 .text.unwind_phase2
                0x08003980       0x3c /opt/gcc-arm-none/bin/../lib/gcc/arm-none-eabi/12.2.0/thumb/v7-m/nofp/libgcc.a(unwind-arm.o)
 .text.unwind_phase2_forced
                0x080039bc       0xe0 /opt/gcc-arm-none/bin/../lib/gcc/arm-none-eabi/12.2.0/thumb/v7-m/nofp/libgcc.a(unwind-arm.o)
 .text.__gnu_Unwind_RaiseException
                0x08003a9c       0x68 /opt/gcc-arm-none/bin/../lib/gcc/arm-none-eabi/12.2.0/thumb/v7-m/nofp/libgcc.a(unwind-arm.o)
                0x08003a9c                __gnu_Unwind_RaiseException
 .text.__gnu_Unwind_ForcedUnwind
                0x08003b04       0x18 /opt/gcc-arm-none/bin/../lib/gcc/arm-none-eabi/12.2.0/thumb/v7-m/nofp/libgcc.a(unwind-arm.o)
                0x08003b04                __gnu_Unwind_ForcedUnwind
 .text.__gnu_Unwind_Resume
                0x08003b1c       0x40 /opt/gcc-arm-none/bin/../lib/gcc/arm-none-eabi/12.2.0/thumb/v7-m/nofp/libgcc.a(unwind-arm.o)
                0x08003b1c                __gnu_Unwind_Resume
 .text.__gnu_Unwind_Resume_or_Rethrow
                0x08003b5c       0x18 /opt/gcc-arm-none/bin/../lib/gcc/arm-none-eabi/12.2.0/thumb/v7-m/nofp/libgcc.a(unwind-arm.o)
                0x08003b5c                __gnu_Unwind_Resume_or_Rethrow
 .text._Unwind_VRS_Get
                0x08003b74       0x34 /opt/gcc-arm-none/bin/../lib/gcc/arm-none-eabi/12.2.0/thumb/v7-m/nofp/libgcc.a(unwind-arm.o)
                0x08003b74                _Unwind_VRS_Get
 .text._Unwind_GetGR
                0x08003ba8       0x1c /opt/gcc-arm-none/bin/../lib/gcc/arm-none-eabi/12.2.0/thumb/v7-m/nofp/libgcc.a(unwind-arm.o)
 .text._Unwind_VRS_Set
                0x08003bc4       0x34 /opt/gcc-arm-none/bin/../lib/gcc/arm-none-eabi/12.2.0/thumb/v7-m/nofp/libgcc.a(unwind-arm.o)
                0x08003bc4                _Unwind_VRS_Set
 .text._Unwind_SetGR
                0x08003bf8       0x18 /opt/gcc-arm-none/bin/../lib/gcc/arm-none-eabi/12.2.0/thumb/v7-m/nofp/libgcc.a(unwind-arm.o)
 .text.__gnu_Unwind_Backtrace
                0x08003c10       0x80 /opt/gcc-arm-none/bin/../lib/gcc/arm-none-eabi/12.2.0/thumb/v7-m/nofp/libgcc.a(unwind-arm.o)
                0x08003c10                __gnu_Unwind_Backtrace
 .text.__gnu_unwind_pr_common
                0x08003c90      0x298 /opt/gcc-arm-none/bin/../lib/gcc/arm-none-eabi/12.2.0/thumb/v7-m/nofp/libgcc.a(unwind-arm.o)
 .text.__aeabi_unwind_cpp_pr0
                0x08003f28        0x8 /opt/gcc-arm-none/bin/../lib/gcc/arm-none-eabi/12.2.0/thumb/v7-m/nofp/libgcc.a(unwind-arm.o)
                0x08003f28                __aeabi_unwind_cpp_pr0
 .text.__aeabi_unwind_cpp_pr1
                0x08003f30        0x8 /opt/gcc-arm-none/bin/../lib/gcc/arm-none-eabi/12.2.0/thumb/v7-m/nofp/libgcc.a(unwind-arm.o)
                0x08003f30                __aeabi_unwind_cpp_pr1
 .text.__aeabi_unwind_cpp_pr2
                0x08003f38        0x8 /opt/gcc-arm-none/bin/../lib/gcc/arm-none-eabi/12.2.0/thumb/v7-m/nofp/libgcc.a(unwind-arm.o)
                0x08003f38                __aeabi_unwind_cpp_pr2
 .text._Unwind_VRS_Pop
                0x08003f40      0x2e0 /opt/gcc-arm-none/bin/../lib/gcc/arm-none-eabi/12.2.0/thumb/v7-m/nofp/libgcc.a(unwind-arm.o)
                0x08003f40                _Unwind_VRS_Pop
 .text          0x08004220      0x1ac /opt/gcc-arm-none/bin/../lib/gcc/arm-none-eabi/12.2.0/thumb/v7-m/nofp/libgcc.a(libunwind.o)
                0x08004220                __restore_core_regs
                0x08004220                restore_core_regs
                0x08004238                __gnu_Unwind_Restore_VFP
                0x08004240                __gnu_Unwind_Save_VFP
                0x08004248                __gnu_Unwind_Restore_VFP_D
                0x08004250                __gnu_Unwind_Save_VFP_D
                0x08004258                __gnu_Unwind_Restore_VFP_D_16_to_31
                0x08004260                __gnu_Unwind_Save_VFP_D_16_to_31
                0x08004268                __gnu_Unwind_Restore_WMMXD
                0x080042ac                __gnu_Unwind_Save_WMMXD
                0x080042f0                __gnu_Unwind_Restore_WMMXC
                0x08004304                __gnu_Unwind_Save_WMMXC
                0x08004318                ___Unwind_RaiseException
                0x08004318                _Unwind_RaiseException
                0x0800433c                ___Unwind_Resume
                0x0800433c                _Unwind_Resume
                0x08004360                _Unwind_Resume_or_Rethrow
                0x08004360                ___Unwind_Resume_or_Rethrow
                0x08004384                ___Unwind_ForcedUnwind
                0x08004384                _Unwind_ForcedUnwind
                0x080043a8                _Unwind_Backtrace
                0x080043a8                ___Unwind_Backtrace
 .text.next_unwind_byte
                0x080043cc       0x38 /opt/gcc-arm-none/bin/../lib/gcc/arm-none-eabi/12.2.0/thumb/v7-m/nofp/libgcc.a(pr-support.o)
 .text.__gnu_unwind_execute
                0x08004404      0x2e8 /opt/gcc-arm-none/bin/../lib/gcc/arm-none-eabi/12.2.0/thumb/v7-m/nofp/libgcc.a(pr-support.o)
                0x08004404                __gnu_unwind_execute
                0x080046ec                        . = ALIGN (0x4)
 *(.rodata*)
 .rodata.portXread.str1.1
                0x080046ec        0xa t_msxmap.o
 .rodata._ZL20TIME_TO_READ_X_TABLE
                0x080046f6        0xe sys_timer.o
 .rodata._ZL21SPEED_SYSTICK_DIVISOR
                0x08004704       0x22 sys_timer.o
 *fill*         0x08004726        0x2 
 .rodata._ZL20SPEED_SYSTICK_RELOAD
                0x08004728       0x44 sys_timer.o
 .rodata._ZL6y_bits
                0x0800476c       0x40 sys_timer.o
 .rodata.config
                0x080047ac        0xd cdcacm.o
 *fill*         0x080047b9        0x3 
 .rodata.interfaces
                0x080047bc       0x40 cdcacm.o
 .rodata.uart_iface_assoc
                0x080047fc        0x8 cdcacm.o
 .rodata.uart_data_iface
                0x08004804       0x15 cdcacm.o
 .rodata.uart_comm_iface
                0x08004819       0x15 cdcacm.o
 .rodata.uart_cdcacm_functional_descriptors
                0x0800482e       0x13 cdcacm.o
 .rodata.uart_data_endp
                0x08004841       0x1e cdcacm.o
 .rodata.uart_comm_endp
                0x0800485f        0xf cdcacm.o
 .rodata.con_iface_assoc
                0x0800486e        0x8 cdcacm.o
 .rodata.con_data_iface
                0x08004876       0x15 cdcacm.o
 .rodata.con_comm_iface
                0x0800488b       0x15 cdcacm.o
 .rodata.con_cdcacm_functional_descriptors
                0x080048a0       0x13 cdcacm.o
 .rodata.con_data_endp
                0x080048b3       0x1e cdcacm.o
 .rodata.con_comm_endp
                0x080048d1        0xf cdcacm.o
 .rodata.dev_desc
                0x080048e0       0x12 cdcacm.o
 .rodata.str1.1
                0x080048f2      0x11b cdcacm.o
 .rodata.line_coding
                0x08004a0d        0x7 cdcacm.o
 .rodata.console_get_line.str1.1
                0x08004a14        0x4 serial.o
 .rodata        0x08004a18       0x28 serial.o
 .rodata.main.str1.1
                0x08004a40      0xc87 tester-ps2-msx.o
                                0xcd0 (size before relaxing)
 .rodata._ZL14TIME_TO_READ_X
                0x080056c7       0x46 tester-ps2-msx.o
 .rodata._ZL20MAX_INACT_READ_CYLES
                0x0800570d       0x11 tester-ps2-msx.o
 .rodata._ZL11SPEED_SELEC
                0x0800571e       0x88 tester-ps2-msx.o
 *fill*         0x080057a6        0x2 
 .rodata.rcc_hse_configs
                0x080057a8       0x8c /home/evandro/Develop/libopencm3/lib//libopencm3_stm32f1.a(rcc.o)
                0x080057a8                rcc_hse_configs
 .rodata.st_usbfs_v1_usb_driver
                0x08005834       0x34 /home/evandro/Develop/libopencm3/lib//libopencm3_stm32f1.a(st_usbfs_v1.o)
                0x08005834                st_usbfs_v1_usb_driver
                0x08005868                        . = ALIGN (0x4)

.glue_7         0x08005868        0x0
 .glue_7        0x08005868        0x0 linker stubs

.glue_7t        0x08005868        0x0
 .glue_7t       0x08005868        0x0 linker stubs

.vfp11_veneer   0x08005868        0x0
 .vfp11_veneer  0x08005868        0x0 linker stubs

.v4_bx          0x08005868        0x0
 .v4_bx         0x08005868        0x0 linker stubs

.iplt           0x08005868        0x0
 .iplt          0x08005868        0x0 t_msxmap.o

.preinit_array  0x08005868        0x0
                0x08005868                        . = ALIGN (0x4)
                0x08005868                        __preinit_array_start = .
 *(.preinit_array)
                0x08005868                        __preinit_array_end = .

.init_array     0x08005868        0x0
                0x08005868                        . = ALIGN (0x4)
                0x08005868                        __init_array_start = .
 *(SORT_BY_NAME(.init_array.*))
 *(.init_array)
                0x08005868                        __init_array_end = .

.fini_array     0x08005868        0x0
                0x08005868                        . = ALIGN (0x4)
                0x08005868                        __fini_array_start = .
 *(.fini_array)
 *(SORT_BY_NAME(.fini_array.*))
                0x08005868                        __fini_array_end = .

.ARM.extab
 *(.ARM.extab*)

.ARM.exidx      0x08005868       0xc0
                0x08005868                        __exidx_start = .
 *(.ARM.exidx*)
 .ARM.exidx.text._ZN6msxmap19msx_interface_setupEv
                0x08005868        0x8 t_msxmap.o
 .ARM.exidx.text._ZN6msxmap19general_debug_setupEv
                0x08005870        0x0 t_msxmap.o
                                  0x8 (size before relaxing)
 .ARM.exidx.text.portXread
                0x08005870        0x8 t_msxmap.o
 .ARM.exidx.text.systick_setup
                0x08005878        0x8 sys_timer.o
 .ARM.exidx.text.systick_update
                0x08005880        0x0 sys_timer.o
                                  0x8 (size before relaxing)
 .ARM.exidx.text.write_to_Y_port
                0x08005880        0x8 sys_timer.o
 .ARM.exidx.text.sys_tick_handler
                0x08005888       0x10 sys_timer.o
                                  0x8 (size before relaxing)
 .ARM.exidx.text.startup.main
                0x08005898       0x10 tester-ps2-msx.o
                                  0x8 (size before relaxing)
 .ARM.exidx     0x080058a8        0x0 /opt/gcc-arm-none/bin/../lib/gcc/arm-none-eabi/12.2.0/../../../../arm-none-eabi/lib/thumb/v7-m/nofp/libc.a(libc_a-memcpy.o)
                                  0x8 (size before relaxing)
 .ARM.exidx.text.selfrel_offset31
                0x080058a8        0x0 /opt/gcc-arm-none/bin/../lib/gcc/arm-none-eabi/12.2.0/thumb/v7-m/nofp/libgcc.a(unwind-arm.o)
                                  0x8 (size before relaxing)
 .ARM.exidx.text.search_EIT_table
                0x080058a8        0x0 /opt/gcc-arm-none/bin/../lib/gcc/arm-none-eabi/12.2.0/thumb/v7-m/nofp/libgcc.a(unwind-arm.o)
                                  0x8 (size before relaxing)
 .ARM.exidx.text.__gnu_unwind_get_pr_addr
                0x080058a8        0x0 /opt/gcc-arm-none/bin/../lib/gcc/arm-none-eabi/12.2.0/thumb/v7-m/nofp/libgcc.a(unwind-arm.o)
                                  0x8 (size before relaxing)
 .ARM.exidx.text.get_eit_entry
                0x080058a8        0x8 /opt/gcc-arm-none/bin/../lib/gcc/arm-none-eabi/12.2.0/thumb/v7-m/nofp/libgcc.a(unwind-arm.o)
 .ARM.exidx.text.restore_non_core_regs
                0x080058b0        0x8 /opt/gcc-arm-none/bin/../lib/gcc/arm-none-eabi/12.2.0/thumb/v7-m/nofp/libgcc.a(unwind-arm.o)
 .ARM.exidx.text._Unwind_decode_typeinfo_ptr.constprop.0
                0x080058b8        0x8 /opt/gcc-arm-none/bin/../lib/gcc/arm-none-eabi/12.2.0/thumb/v7-m/nofp/libgcc.a(unwind-arm.o)
 .ARM.exidx.text._Unwind_DebugHook
                0x080058c0        0x0 /opt/gcc-arm-none/bin/../lib/gcc/arm-none-eabi/12.2.0/thumb/v7-m/nofp/libgcc.a(unwind-arm.o)
                                  0x8 (size before relaxing)
 .ARM.exidx.text.unwind_phase2
                0x080058c0        0x8 /opt/gcc-arm-none/bin/../lib/gcc/arm-none-eabi/12.2.0/thumb/v7-m/nofp/libgcc.a(unwind-arm.o)
 .ARM.exidx.text.unwind_phase2_forced
                0x080058c8        0x8 /opt/gcc-arm-none/bin/../lib/gcc/arm-none-eabi/12.2.0/thumb/v7-m/nofp/libgcc.a(unwind-arm.o)
 .ARM.exidx.text.__gnu_Unwind_RaiseException
                0x080058d0        0x8 /opt/gcc-arm-none/bin/../lib/gcc/arm-none-eabi/12.2.0/thumb/v7-m/nofp/libgcc.a(unwind-arm.o)
 .ARM.exidx.text.__gnu_Unwind_ForcedUnwind
                0x080058d8        0x8 /opt/gcc-arm-none/bin/../lib/gcc/arm-none-eabi/12.2.0/thumb/v7-m/nofp/libgcc.a(unwind-arm.o)
 .ARM.exidx.text.__gnu_Unwind_Resume
                0x080058e0        0x8 /opt/gcc-arm-none/bin/../lib/gcc/arm-none-eabi/12.2.0/thumb/v7-m/nofp/libgcc.a(unwind-arm.o)
 .ARM.exidx.text.__gnu_Unwind_Resume_or_Rethrow
                0x080058e8        0x8 /opt/gcc-arm-none/bin/../lib/gcc/arm-none-eabi/12.2.0/thumb/v7-m/nofp/libgcc.a(unwind-arm.o)
 .ARM.exidx.text._Unwind_VRS_Get
                0x080058f0        0x0 /opt/gcc-arm-none/bin/../lib/gcc/arm-none-eabi/12.2.0/thumb/v7-m/nofp/libgcc.a(unwind-arm.o)
                                  0x8 (size before relaxing)
 .ARM.exidx.text._Unwind_GetGR
                0x080058f0        0x0 /opt/gcc-arm-none/bin/../lib/gcc/arm-none-eabi/12.2.0/thumb/v7-m/nofp/libgcc.a(unwind-arm.o)
                                  0x8 (size before relaxing)
 .ARM.exidx.text._Unwind_VRS_Set
                0x080058f0        0x0 /opt/gcc-arm-none/bin/../lib/gcc/arm-none-eabi/12.2.0/thumb/v7-m/nofp/libgcc.a(unwind-arm.o)
                                  0x8 (size before relaxing)
 .ARM.exidx.text._Unwind_SetGR
                0x080058f0        0x0 /opt/gcc-arm-none/bin/../lib/gcc/arm-none-eabi/12.2.0/thumb/v7-m/nofp/libgcc.a(unwind-arm.o)
                                  0x8 (size before relaxing)
 .ARM.exidx.text.__gnu_Unwind_Backtrace
                0x080058f0        0x8 /opt/gcc-arm-none/bin/../lib/gcc/arm-none-eabi/12.2.0/thumb/v7-m/nofp/libgcc.a(unwind-arm.o)
 .ARM.exidx.text.__gnu_unwind_pr_common
                0x080058f8        0x8 /opt/gcc-arm-none/bin/../lib/gcc/arm-none-eabi/12.2.0/thumb/v7-m/nofp/libgcc.a(unwind-arm.o)
 .ARM.exidx.text.__aeabi_unwind_cpp_pr0
                0x08005900        0x8 /opt/gcc-arm-none/bin/../lib/gcc/arm-none-eabi/12.2.0/thumb/v7-m/nofp/libgcc.a(unwind-arm.o)
 .ARM.exidx.text.__aeabi_unwind_cpp_pr1
                0x08005908        0x0 /opt/gcc-arm-none/bin/../lib/gcc/arm-none-eabi/12.2.0/thumb/v7-m/nofp/libgcc.a(unwind-arm.o)
                                  0x8 (size before relaxing)
 .ARM.exidx.text.__aeabi_unwind_cpp_pr2
                0x08005908        0x0 /opt/gcc-arm-none/bin/../lib/gcc/arm-none-eabi/12.2.0/thumb/v7-m/nofp/libgcc.a(unwind-arm.o)
                                  0x8 (size before relaxing)
 .ARM.exidx.text._Unwind_VRS_Pop
                0x08005908       0x10 /opt/gcc-arm-none/bin/../lib/gcc/arm-none-eabi/12.2.0/thumb/v7-m/nofp/libgcc.a(unwind-arm.o)
                                  0x8 (size before relaxing)
 .ARM.exidx.text.next_unwind_byte
                0x08005918        0x0 /opt/gcc-arm-none/bin/../lib/gcc/arm-none-eabi/12.2.0/thumb/v7-m/nofp/libgcc.a(pr-support.o)
                                  0x8 (size before relaxing)
 .ARM.exidx.text.__gnu_unwind_execute
                0x08005918       0x10 /opt/gcc-arm-none/bin/../lib/gcc/arm-none-eabi/12.2.0/thumb/v7-m/nofp/libgcc.a(pr-support.o)
                                  0x8 (size before relaxing)
                0x08005928                        __exidx_end = .

.rel.dyn        0x08005928        0x0
 .rel.iplt      0x08005928        0x0 t_msxmap.o
                0x08005928                        . = ALIGN (0x4)
                0x08005928                        _etext = .

.noinit
 *(.noinit*)
                0x08005928                        . = ALIGN (0x4)

.data           0x20000000       0x44 load address 0x08005928
                0x20000000                        _data = .
 *(.data*)
 .data.msx_X_prev
                0x20000000       0x10 t_msxmap.o
                0x20000000                msx_X_prev
 .data.usb_strings
                0x20000010       0x24 cdcacm.o
 .data.xon_condition
                0x20000034        0x1 serial.o
                0x20000034                xon_condition
 .data.enable_xon_xoff
                0x20000035        0x1 serial.o
                0x20000035                enable_xon_xoff
 *fill*         0x20000036        0x2 
 .data.rcc_ahb_frequency
                0x20000038        0x4 /home/evandro/Develop/libopencm3/lib//libopencm3_stm32f1.a(rcc.o)
                0x20000038                rcc_ahb_frequency
 .data.rcc_apb1_frequency
                0x2000003c        0x4 /home/evandro/Develop/libopencm3/lib//libopencm3_stm32f1.a(rcc.o)
                0x2000003c                rcc_apb1_frequency
 .data.rcc_apb2_frequency
                0x20000040        0x4 /home/evandro/Develop/libopencm3/lib//libopencm3_stm32f1.a(rcc.o)
                0x20000040                rcc_apb2_frequency
 *(.ramtext*)
                0x20000044                        . = ALIGN (0x4)
                0x20000044                        _edata = .
                0x08005928                        _data_loadaddr = LOADADDR (.data)

.igot.plt       0x20000044        0x0 load address 0x0800596c
 .igot.plt      0x20000044        0x0 t_msxmap.o

.bss            0x20000044      0xe4c load address 0x0800596c
 *(.bss*)
 .bss.pascal_string
                0x20000044        0x8 t_msxmap.o
                0x20000044                pascal_string
 .bss.mountISRstr
                0x2000004c       0x80 t_msxmap.o
                0x2000004c                mountISRstr
 .bss.msx_X     0x200000cc        0x1 t_msxmap.o
                0x200000cc                msx_X
 .bss.inactivity_cycles
                0x200000cd       0x11 sys_timer.o
                0x200000cd                inactivity_cycles
 .bss.kana_line
                0x200000de        0x1 sys_timer.o
                0x200000de                kana_line
 .bss.caps_line
                0x200000df        0x1 sys_timer.o
                0x200000df                caps_line
 .bss.y_scan    0x200000e0        0x1 sys_timer.o
                0x200000e0                y_scan
 .bss.scancount_end
                0x200000e1        0x1 sys_timer.o
                0x200000e1                scancount_end
 .bss.scancount_init
                0x200000e2        0x1 sys_timer.o
                0x200000e2                scancount_init
 .bss.single_step
                0x200000e3        0x1 sys_timer.o
                0x200000e3                single_step
 .bss.single_sweep
                0x200000e4        0x1 sys_timer.o
                0x200000e4                single_sweep
 .bss.wait_flag
                0x200000e5        0x1 sys_timer.o
                0x200000e5                wait_flag
 .bss.ticks_keys
                0x200000e6        0x1 sys_timer.o
                0x200000e6                ticks_keys
 *fill*         0x200000e7        0x1 
 .bss.tickscaps
                0x200000e8        0x4 sys_timer.o
                0x200000e8                tickscaps
 .bss.systicks  0x200000ec        0x4 sys_timer.o
                0x200000ec                systicks
 .bss.serial_no
                0x200000f0        0x9 serial_no.o
                0x200000f0                serial_no
 .bss.usbd_control_buffer
                0x200000f9      0x100 cdcacm.o
                0x200000f9                usbd_control_buffer
 .bss.nak_cleared
                0x200001f9        0x8 cdcacm.o
                0x200001f9                nak_cleared
 *fill*         0x20000201        0x3 
 .bss.usb_configured
                0x20000204        0x4 cdcacm.o
                0x20000204                usb_configured
 .bss.usb_dev   0x20000208        0x4 cdcacm.o
                0x20000208                usb_dev
 .bss.ok_to_rx  0x2000020c        0x1 serial.o
                0x2000020c                ok_to_rx
 .bss.con_rx_ring_buffer
                0x2000020d      0x400 serial.o
                0x2000020d                con_rx_ring_buffer
 .bss.con_tx_ring_buffer
                0x2000060d      0x200 serial.o
                0x2000060d                con_tx_ring_buffer
 *fill*         0x2000080d        0x3 
 .bss.con_rx_ring
                0x20000810        0xc serial.o
                0x20000810                con_rx_ring
 .bss.con_tx_ring
                0x2000081c        0xc serial.o
                0x2000081c                con_tx_ring
 .bss.last_dma_tx_set_number_of_data
                0x20000828        0x2 serial.o
                0x20000828                last_dma_tx_set_number_of_data
 .bss.buf_dma_rx
                0x2000082a      0x100 serial.o
                0x2000082a                buf_dma_rx
 *fill*         0x2000092a        0x2 
 .bss.dma_rx_ring
                0x2000092c        0xc serial.o
                0x2000092c                dma_rx_ring
 .bss.uart_rx_ring_buffer
                0x20000938      0x200 serial.o
                0x20000938                uart_rx_ring_buffer
 .bss.uart_tx_ring_buffer
                0x20000b38      0x200 serial.o
                0x20000b38                uart_tx_ring_buffer
 .bss.uart_rx_ring
                0x20000d38        0xc serial.o
                0x20000d38                uart_rx_ring
 .bss.uart_tx_ring
                0x20000d44        0xc serial.o
                0x20000d44                uart_tx_ring
 .bss.xonoff_sendnow
                0x20000d50        0x1 serial.o
                0x20000d50                xonoff_sendnow
 .bss.xoff_condition
                0x20000d51        0x1 serial.o
                0x20000d51                xoff_condition
 *fill*         0x20000d52        0x2 
 .bss.next_routine
                0x20000d54        0x4 hr_timer.o
                0x20000d54                next_routine
 .bss.init_inactivity_cycles
                0x20000d58       0x22 tester-ps2-msx.o
                0x20000d58                init_inactivity_cycles
 *fill*         0x20000d7a        0x2 
 .bss.delay_to_read_x_scan
                0x20000d7c        0x4 tester-ps2-msx.o
                0x20000d7c                delay_to_read_x_scan
 .bss.scan_pointer
                0x20000d80        0x4 tester-ps2-msx.o
                0x20000d80                scan_pointer
 .bss.st_usbfs_dev
                0x20000d84      0x104 /home/evandro/Develop/libopencm3/lib//libopencm3_stm32f1.a(st_usbfs_core.o)
                0x20000d84                st_usbfs_dev
 .bss.st_usbfs_force_nak
                0x20000e88        0x8 /home/evandro/Develop/libopencm3/lib//libopencm3_stm32f1.a(st_usbfs_core.o)
                0x20000e88                st_usbfs_force_nak
 *(COMMON)
                0x20000e90                        . = ALIGN (0x4)
                0x20000e90                        _ebss = .

/DISCARD/
 *(.eh_frame)
                0x20000e90                        . = ALIGN (0x4)
                0x20000e90                        end = .
                0x20002800                        PROVIDE (_stack = (ORIGIN (ram) + LENGTH (ram)))
OUTPUT(tester-ps2-msxF1.elf elf32-littlearm)
LOAD linker stubs

.debug_info     0x00000000    0x13eae
 .debug_info    0x00000000      0xf8c t_msxmap.o
 .debug_info    0x00000f8c      0xc09 sys_timer.o
 .debug_info    0x00001b95      0x1a7 serial_no.o
 .debug_info    0x00001d3c     0x19d0 cdcacm.o
 .debug_info    0x0000370c     0x1cd1 serial.o
 .debug_info    0x000053dd      0x799 hr_timer.o
 .debug_info    0x00005b76     0x1df1 tester-ps2-msx.o
 .debug_info    0x00007967      0x781 /home/evandro/Develop/libopencm3/lib//libopencm3_stm32f1.a(dma_common_l1f013.o)
 .debug_info    0x000080e8      0x1f8 /home/evandro/Develop/libopencm3/lib//libopencm3_stm32f1.a(gpio.o)
 .debug_info    0x000082e0      0x256 /home/evandro/Develop/libopencm3/lib//libopencm3_stm32f1.a(gpio_common_all.o)
 .debug_info    0x00008536     0x14d0 /home/evandro/Develop/libopencm3/lib//libopencm3_stm32f1.a(rcc.o)
 .debug_info    0x00009a06      0x60d /home/evandro/Develop/libopencm3/lib//libopencm3_stm32f1.a(rcc_common_all.o)
 .debug_info    0x0000a013     0x1004 /home/evandro/Develop/libopencm3/lib//libopencm3_stm32f1.a(timer_common_all.o)
 .debug_info    0x0000b017      0x569 /home/evandro/Develop/libopencm3/lib//libopencm3_stm32f1.a(usart_common_all.o)
 .debug_info    0x0000b580      0xf51 /home/evandro/Develop/libopencm3/lib//libopencm3_stm32f1.a(usb.o)
 .debug_info    0x0000c4d1     0x1064 /home/evandro/Develop/libopencm3/lib//libopencm3_stm32f1.a(usb_control.o)
 .debug_info    0x0000d535     0x1639 /home/evandro/Develop/libopencm3/lib//libopencm3_stm32f1.a(usb_standard.o)
 .debug_info    0x0000eb6e      0xe49 /home/evandro/Develop/libopencm3/lib//libopencm3_stm32f1.a(st_usbfs_v1.o)
 .debug_info    0x0000f9b7      0x2c4 /home/evandro/Develop/libopencm3/lib//libopencm3_stm32f1.a(vector.o)
 .debug_info    0x0000fc7b      0x271 /home/evandro/Develop/libopencm3/lib//libopencm3_stm32f1.a(systick.o)
 .debug_info    0x0000feec      0x239 /home/evandro/Develop/libopencm3/lib//libopencm3_stm32f1.a(nvic.o)
 .debug_info    0x00010125       0xf1 /home/evandro/Develop/libopencm3/lib//libopencm3_stm32f1.a(flash_common_all.o)
 .debug_info    0x00010216     0x1041 /home/evandro/Develop/libopencm3/lib//libopencm3_stm32f1.a(st_usbfs_core.o)
 .debug_info    0x00011257      0x135 /opt/gcc-arm-none/bin/../lib/gcc/arm-none-eabi/12.2.0/../../../../arm-none-eabi/lib/thumb/v7-m/nofp/libc.a(libc_a-memset.o)
 .debug_info    0x0001138c       0x31 /opt/gcc-arm-none/bin/../lib/gcc/arm-none-eabi/12.2.0/../../../../arm-none-eabi/lib/thumb/v7-m/nofp/libc.a(libc_a-memcpy.o)
 .debug_info    0x000113bd       0xbd /opt/gcc-arm-none/bin/../lib/gcc/arm-none-eabi/12.2.0/../../../../arm-none-eabi/lib/thumb/v7-m/nofp/libc.a(libc_a-strlen-stub.o)
 .debug_info    0x0001147a     0x1efa /opt/gcc-arm-none/bin/../lib/gcc/arm-none-eabi/12.2.0/thumb/v7-m/nofp/libgcc.a(unwind-arm.o)
 .debug_info    0x00013374       0x9e /opt/gcc-arm-none/bin/../lib/gcc/arm-none-eabi/12.2.0/thumb/v7-m/nofp/libgcc.a(libunwind.o)
 .debug_info    0x00013412      0xa9c /opt/gcc-arm-none/bin/../lib/gcc/arm-none-eabi/12.2.0/thumb/v7-m/nofp/libgcc.a(pr-support.o)

.debug_abbrev   0x00000000     0x3c17
 .debug_abbrev  0x00000000      0x308 t_msxmap.o
 .debug_abbrev  0x00000308      0x271 sys_timer.o
 .debug_abbrev  0x00000579      0x119 serial_no.o
 .debug_abbrev  0x00000692      0x3c8 cdcacm.o
 .debug_abbrev  0x00000a5a      0x46b serial.o
 .debug_abbrev  0x00000ec5      0x1d7 hr_timer.o
 .debug_abbrev  0x0000109c      0x350 tester-ps2-msx.o
 .debug_abbrev  0x000013ec      0x168 /home/evandro/Develop/libopencm3/lib//libopencm3_stm32f1.a(dma_common_l1f013.o)
 .debug_abbrev  0x00001554       0xd2 /home/evandro/Develop/libopencm3/lib//libopencm3_stm32f1.a(gpio.o)
 .debug_abbrev  0x00001626      0x115 /home/evandro/Develop/libopencm3/lib//libopencm3_stm32f1.a(gpio_common_all.o)
 .debug_abbrev  0x0000173b      0x2be /home/evandro/Develop/libopencm3/lib//libopencm3_stm32f1.a(rcc.o)
 .debug_abbrev  0x000019f9      0x185 /home/evandro/Develop/libopencm3/lib//libopencm3_stm32f1.a(rcc_common_all.o)
 .debug_abbrev  0x00001b7e      0x1ac /home/evandro/Develop/libopencm3/lib//libopencm3_stm32f1.a(timer_common_all.o)
 .debug_abbrev  0x00001d2a      0x164 /home/evandro/Develop/libopencm3/lib//libopencm3_stm32f1.a(usart_common_all.o)
 .debug_abbrev  0x00001e8e      0x291 /home/evandro/Develop/libopencm3/lib//libopencm3_stm32f1.a(usb.o)
 .debug_abbrev  0x0000211f      0x3ba /home/evandro/Develop/libopencm3/lib//libopencm3_stm32f1.a(usb_control.o)
 .debug_abbrev  0x000024d9      0x4c7 /home/evandro/Develop/libopencm3/lib//libopencm3_stm32f1.a(usb_standard.o)
 .debug_abbrev  0x000029a0      0x293 /home/evandro/Develop/libopencm3/lib//libopencm3_stm32f1.a(st_usbfs_v1.o)
 .debug_abbrev  0x00002c33      0x149 /home/evandro/Develop/libopencm3/lib//libopencm3_stm32f1.a(vector.o)
 .debug_abbrev  0x00002d7c      0x14e /home/evandro/Develop/libopencm3/lib//libopencm3_stm32f1.a(systick.o)
 .debug_abbrev  0x00002eca       0xb6 /home/evandro/Develop/libopencm3/lib//libopencm3_stm32f1.a(nvic.o)
 .debug_abbrev  0x00002f80       0x96 /home/evandro/Develop/libopencm3/lib//libopencm3_stm32f1.a(flash_common_all.o)
 .debug_abbrev  0x00003016      0x31a /home/evandro/Develop/libopencm3/lib//libopencm3_stm32f1.a(st_usbfs_core.o)
 .debug_abbrev  0x00003330       0xb7 /opt/gcc-arm-none/bin/../lib/gcc/arm-none-eabi/12.2.0/../../../../arm-none-eabi/lib/thumb/v7-m/nofp/libc.a(libc_a-memset.o)
 .debug_abbrev  0x000033e7       0x21 /opt/gcc-arm-none/bin/../lib/gcc/arm-none-eabi/12.2.0/../../../../arm-none-eabi/lib/thumb/v7-m/nofp/libc.a(libc_a-memcpy.o)
 .debug_abbrev  0x00003408       0x78 /opt/gcc-arm-none/bin/../lib/gcc/arm-none-eabi/12.2.0/../../../../arm-none-eabi/lib/thumb/v7-m/nofp/libc.a(libc_a-strlen-stub.o)
 .debug_abbrev  0x00003480      0x47f /opt/gcc-arm-none/bin/../lib/gcc/arm-none-eabi/12.2.0/thumb/v7-m/nofp/libgcc.a(unwind-arm.o)
 .debug_abbrev  0x000038ff       0x21 /opt/gcc-arm-none/bin/../lib/gcc/arm-none-eabi/12.2.0/thumb/v7-m/nofp/libgcc.a(libunwind.o)
 .debug_abbrev  0x00003920      0x2f7 /opt/gcc-arm-none/bin/../lib/gcc/arm-none-eabi/12.2.0/thumb/v7-m/nofp/libgcc.a(pr-support.o)

.debug_loclists
                0x00000000     0x561c
 .debug_loclists
                0x00000000       0x55 t_msxmap.o
 .debug_loclists
                0x00000055       0x23 sys_timer.o
 .debug_loclists
                0x00000078       0x3b serial_no.o
 .debug_loclists
                0x000000b3      0x64f cdcacm.o
 .debug_loclists
                0x00000702      0x8f5 serial.o
 .debug_loclists
                0x00000ff7       0x6e hr_timer.o
 .debug_loclists
                0x00001065      0x19b tester-ps2-msx.o
 .debug_loclists
                0x00001200      0x4fa /home/evandro/Develop/libopencm3/lib//libopencm3_stm32f1.a(dma_common_l1f013.o)
 .debug_loclists
                0x000016fa      0x19d /home/evandro/Develop/libopencm3/lib//libopencm3_stm32f1.a(gpio.o)
 .debug_loclists
                0x00001897       0x7e /home/evandro/Develop/libopencm3/lib//libopencm3_stm32f1.a(gpio_common_all.o)
 .debug_loclists
                0x00001915      0x256 /home/evandro/Develop/libopencm3/lib//libopencm3_stm32f1.a(rcc.o)
 .debug_loclists
                0x00001b6b       0x68 /home/evandro/Develop/libopencm3/lib//libopencm3_stm32f1.a(rcc_common_all.o)
 .debug_loclists
                0x00001bd3      0x18d /home/evandro/Develop/libopencm3/lib//libopencm3_stm32f1.a(timer_common_all.o)
 .debug_loclists
                0x00001d60       0xe8 /home/evandro/Develop/libopencm3/lib//libopencm3_stm32f1.a(usart_common_all.o)
 .debug_loclists
                0x00001e48      0x342 /home/evandro/Develop/libopencm3/lib//libopencm3_stm32f1.a(usb.o)
 .debug_loclists
                0x0000218a      0x50b /home/evandro/Develop/libopencm3/lib//libopencm3_stm32f1.a(usb_control.o)
 .debug_loclists
                0x00002695      0xc3a /home/evandro/Develop/libopencm3/lib//libopencm3_stm32f1.a(usb_standard.o)
 .debug_loclists
                0x000032cf      0x132 /home/evandro/Develop/libopencm3/lib//libopencm3_stm32f1.a(st_usbfs_v1.o)
 .debug_loclists
                0x00003401       0xb6 /home/evandro/Develop/libopencm3/lib//libopencm3_stm32f1.a(vector.o)
 .debug_loclists
                0x000034b7      0x12c /home/evandro/Develop/libopencm3/lib//libopencm3_stm32f1.a(systick.o)
 .debug_loclists
                0x000035e3       0xdb /home/evandro/Develop/libopencm3/lib//libopencm3_stm32f1.a(nvic.o)
 .debug_loclists
                0x000036be       0x17 /home/evandro/Develop/libopencm3/lib//libopencm3_stm32f1.a(flash_common_all.o)
 .debug_loclists
                0x000036d5      0x56c /home/evandro/Develop/libopencm3/lib//libopencm3_stm32f1.a(st_usbfs_core.o)
 .debug_loclists
                0x00003c41      0x1e2 /opt/gcc-arm-none/bin/../lib/gcc/arm-none-eabi/12.2.0/../../../../arm-none-eabi/lib/thumb/v7-m/nofp/libc.a(libc_a-memset.o)
 .debug_loclists
                0x00003e23       0x23 /opt/gcc-arm-none/bin/../lib/gcc/arm-none-eabi/12.2.0/../../../../arm-none-eabi/lib/thumb/v7-m/nofp/libc.a(libc_a-strlen-stub.o)
 .debug_loclists
                0x00003e46     0x142a /opt/gcc-arm-none/bin/../lib/gcc/arm-none-eabi/12.2.0/thumb/v7-m/nofp/libgcc.a(unwind-arm.o)
 .debug_loclists
                0x00005270      0x3ac /opt/gcc-arm-none/bin/../lib/gcc/arm-none-eabi/12.2.0/thumb/v7-m/nofp/libgcc.a(pr-support.o)

.debug_aranges  0x00000000      0xe08
 .debug_aranges
                0x00000000       0x30 t_msxmap.o
 .debug_aranges
                0x00000030       0x38 sys_timer.o
 .debug_aranges
                0x00000068       0x20 serial_no.o
 .debug_aranges
                0x00000088       0x80 cdcacm.o
 .debug_aranges
                0x00000108       0xe8 serial.o
 .debug_aranges
                0x000001f0       0x40 hr_timer.o
 .debug_aranges
                0x00000230       0x20 tester-ps2-msx.o
 .debug_aranges
                0x00000250       0xe8 /home/evandro/Develop/libopencm3/lib//libopencm3_stm32f1.a(dma_common_l1f013.o)
 .debug_aranges
                0x00000338       0x38 /home/evandro/Develop/libopencm3/lib//libopencm3_stm32f1.a(gpio.o)
 .debug_aranges
                0x00000370       0x50 /home/evandro/Develop/libopencm3/lib//libopencm3_stm32f1.a(gpio_common_all.o)
 .debug_aranges
                0x000003c0      0x170 /home/evandro/Develop/libopencm3/lib//libopencm3_stm32f1.a(rcc.o)
 .debug_aranges
                0x00000530       0x60 /home/evandro/Develop/libopencm3/lib//libopencm3_stm32f1.a(rcc_common_all.o)
 .debug_aranges
                0x00000590      0x270 /home/evandro/Develop/libopencm3/lib//libopencm3_stm32f1.a(timer_common_all.o)
 .debug_aranges
                0x00000800       0xd8 /home/evandro/Develop/libopencm3/lib//libopencm3_stm32f1.a(usart_common_all.o)
 .debug_aranges
                0x000008d8       0x90 /home/evandro/Develop/libopencm3/lib//libopencm3_stm32f1.a(usb.o)
 .debug_aranges
                0x00000968       0x60 /home/evandro/Develop/libopencm3/lib//libopencm3_stm32f1.a(usb_control.o)
 .debug_aranges
                0x000009c8       0x98 /home/evandro/Develop/libopencm3/lib//libopencm3_stm32f1.a(usb_standard.o)
 .debug_aranges
                0x00000a60       0x30 /home/evandro/Develop/libopencm3/lib//libopencm3_stm32f1.a(st_usbfs_v1.o)
 .debug_aranges
                0x00000a90       0x30 /home/evandro/Develop/libopencm3/lib//libopencm3_stm32f1.a(vector.o)
 .debug_aranges
                0x00000ac0       0x78 /home/evandro/Develop/libopencm3/lib//libopencm3_stm32f1.a(systick.o)
 .debug_aranges
                0x00000b38       0x60 /home/evandro/Develop/libopencm3/lib//libopencm3_stm32f1.a(nvic.o)
 .debug_aranges
                0x00000b98       0x38 /home/evandro/Develop/libopencm3/lib//libopencm3_stm32f1.a(flash_common_all.o)
 .debug_aranges
                0x00000bd0       0x68 /home/evandro/Develop/libopencm3/lib//libopencm3_stm32f1.a(st_usbfs_core.o)
 .debug_aranges
                0x00000c38       0x20 /opt/gcc-arm-none/bin/../lib/gcc/arm-none-eabi/12.2.0/../../../../arm-none-eabi/lib/thumb/v7-m/nofp/libc.a(libc_a-memset.o)
 .debug_aranges
                0x00000c58       0x20 /opt/gcc-arm-none/bin/../lib/gcc/arm-none-eabi/12.2.0/../../../../arm-none-eabi/lib/thumb/v7-m/nofp/libc.a(libc_a-memcpy.o)
 .debug_aranges
                0x00000c78       0x20 /opt/gcc-arm-none/bin/../lib/gcc/arm-none-eabi/12.2.0/../../../../arm-none-eabi/lib/thumb/v7-m/nofp/libc.a(libc_a-strlen-stub.o)
 .debug_aranges
                0x00000c98       0xf0 /opt/gcc-arm-none/bin/../lib/gcc/arm-none-eabi/12.2.0/thumb/v7-m/nofp/libgcc.a(unwind-arm.o)
 .debug_aranges
                0x00000d88       0x20 /opt/gcc-arm-none/bin/../lib/gcc/arm-none-eabi/12.2.0/thumb/v7-m/nofp/libgcc.a(libunwind.o)
 .debug_aranges
                0x00000da8       0x60 /opt/gcc-arm-none/bin/../lib/gcc/arm-none-eabi/12.2.0/thumb/v7-m/nofp/libgcc.a(pr-support.o)

.debug_rnglists
                0x00000000      0xd49
 .debug_rnglists
                0x00000000       0x2d t_msxmap.o
 .debug_rnglists
                0x0000002d       0x26 sys_timer.o
 .debug_rnglists
                0x00000053       0x13 serial_no.o
 .debug_rnglists
                0x00000066       0x9e cdcacm.o
 .debug_rnglists
                0x00000104      0x16a serial.o
 .debug_rnglists
                0x0000026e       0x2c hr_timer.o
 .debug_rnglists
                0x0000029a       0x4e tester-ps2-msx.o
 .debug_rnglists
                0x000002e8       0xa9 /home/evandro/Develop/libopencm3/lib//libopencm3_stm32f1.a(dma_common_l1f013.o)
 .debug_rnglists
                0x00000391       0x25 /home/evandro/Develop/libopencm3/lib//libopencm3_stm32f1.a(gpio.o)
 .debug_rnglists
                0x000003b6       0x37 /home/evandro/Develop/libopencm3/lib//libopencm3_stm32f1.a(gpio_common_all.o)
 .debug_rnglists
                0x000003ed      0x160 /home/evandro/Develop/libopencm3/lib//libopencm3_stm32f1.a(rcc.o)
 .debug_rnglists
                0x0000054d       0x43 /home/evandro/Develop/libopencm3/lib//libopencm3_stm32f1.a(rcc_common_all.o)
 .debug_rnglists
                0x00000590      0x1d0 /home/evandro/Develop/libopencm3/lib//libopencm3_stm32f1.a(timer_common_all.o)
 .debug_rnglists
                0x00000760       0x9d /home/evandro/Develop/libopencm3/lib//libopencm3_stm32f1.a(usart_common_all.o)
 .debug_rnglists
                0x000007fd       0x67 /home/evandro/Develop/libopencm3/lib//libopencm3_stm32f1.a(usb.o)
 .debug_rnglists
                0x00000864       0x6e /home/evandro/Develop/libopencm3/lib//libopencm3_stm32f1.a(usb_control.o)
 .debug_rnglists
                0x000008d2       0xb9 /home/evandro/Develop/libopencm3/lib//libopencm3_stm32f1.a(usb_standard.o)
 .debug_rnglists
                0x0000098b       0x1f /home/evandro/Develop/libopencm3/lib//libopencm3_stm32f1.a(st_usbfs_v1.o)
 .debug_rnglists
                0x000009aa       0x20 /home/evandro/Develop/libopencm3/lib//libopencm3_stm32f1.a(vector.o)
 .debug_rnglists
                0x000009ca       0x61 /home/evandro/Develop/libopencm3/lib//libopencm3_stm32f1.a(systick.o)
 .debug_rnglists
                0x00000a2b       0x43 /home/evandro/Develop/libopencm3/lib//libopencm3_stm32f1.a(nvic.o)
 .debug_rnglists
                0x00000a6e       0x25 /home/evandro/Develop/libopencm3/lib//libopencm3_stm32f1.a(flash_common_all.o)
 .debug_rnglists
                0x00000a93       0xa9 /home/evandro/Develop/libopencm3/lib//libopencm3_stm32f1.a(st_usbfs_core.o)
 .debug_rnglists
                0x00000b3c       0x14 /opt/gcc-arm-none/bin/../lib/gcc/arm-none-eabi/12.2.0/../../../../arm-none-eabi/lib/thumb/v7-m/nofp/libc.a(libc_a-memset.o)
 .debug_rnglists
                0x00000b50       0x13 /opt/gcc-arm-none/bin/../lib/gcc/arm-none-eabi/12.2.0/../../../../arm-none-eabi/lib/thumb/v7-m/nofp/libc.a(libc_a-strlen-stub.o)
 .debug_rnglists
                0x00000b63      0x188 /opt/gcc-arm-none/bin/../lib/gcc/arm-none-eabi/12.2.0/thumb/v7-m/nofp/libgcc.a(unwind-arm.o)
 .debug_rnglists
                0x00000ceb       0x5e /opt/gcc-arm-none/bin/../lib/gcc/arm-none-eabi/12.2.0/thumb/v7-m/nofp/libgcc.a(pr-support.o)

.debug_macro    0x00000000     0xde99
 .debug_macro   0x00000000      0x46b t_msxmap.o
 .debug_macro   0x0000046b      0xc1c t_msxmap.o
 .debug_macro   0x00001087       0x76 t_msxmap.o
 .debug_macro   0x000010fd       0x1c t_msxmap.o
 .debug_macro   0x00001119       0x1c t_msxmap.o
 .debug_macro   0x00001135       0x22 t_msxmap.o
 .debug_macro   0x00001157       0x8e t_msxmap.o
 .debug_macro   0x000011e5       0x51 t_msxmap.o
 .debug_macro   0x00001236      0x103 t_msxmap.o
 .debug_macro   0x00001339       0x6a t_msxmap.o
 .debug_macro   0x000013a3      0x1df t_msxmap.o
 .debug_macro   0x00001582       0x16 t_msxmap.o
 .debug_macro   0x00001598       0xe8 t_msxmap.o
 .debug_macro   0x00001680       0x69 t_msxmap.o
 .debug_macro   0x000016e9      0x1ba t_msxmap.o
 .debug_macro   0x000018a3      0x8c6 t_msxmap.o
 .debug_macro   0x00002169       0x76 t_msxmap.o
 .debug_macro   0x000021df      0xe2e t_msxmap.o
 .debug_macro   0x0000300d       0xee t_msxmap.o
 .debug_macro   0x000030fb       0x28 t_msxmap.o
 .debug_macro   0x00003123       0x94 t_msxmap.o
 .debug_macro   0x000031b7      0x29e t_msxmap.o
 .debug_macro   0x00003455      0xf8f t_msxmap.o
 .debug_macro   0x000043e4      0x1a2 t_msxmap.o
 .debug_macro   0x00004586       0x10 t_msxmap.o
 .debug_macro   0x00004596      0x8de t_msxmap.o
 .debug_macro   0x00004e74      0x130 t_msxmap.o
 .debug_macro   0x00004fa4      0x3d4 t_msxmap.o
 .debug_macro   0x00005378       0x10 t_msxmap.o
 .debug_macro   0x00005388       0x7b t_msxmap.o
 .debug_macro   0x00005403       0x24 t_msxmap.o
 .debug_macro   0x00005427       0x3c t_msxmap.o
 .debug_macro   0x00005463       0x34 t_msxmap.o
 .debug_macro   0x00005497      0x190 t_msxmap.o
 .debug_macro   0x00005627       0x16 t_msxmap.o
 .debug_macro   0x0000563d       0x43 t_msxmap.o
 .debug_macro   0x00005680       0x34 t_msxmap.o
 .debug_macro   0x000056b4       0x10 t_msxmap.o
 .debug_macro   0x000056c4       0x58 t_msxmap.o
 .debug_macro   0x0000571c      0x1de t_msxmap.o
 .debug_macro   0x000058fa      0x23c t_msxmap.o
 .debug_macro   0x00005b36       0x16 t_msxmap.o
 .debug_macro   0x00005b4c       0x35 t_msxmap.o
 .debug_macro   0x00005b81      0x38c t_msxmap.o
 .debug_macro   0x00005f0d       0x10 t_msxmap.o
 .debug_macro   0x00005f1d       0x1c t_msxmap.o
 .debug_macro   0x00005f39       0x16 t_msxmap.o
 .debug_macro   0x00005f4f      0x138 t_msxmap.o
 .debug_macro   0x00006087       0x16 t_msxmap.o
 .debug_macro   0x0000609d       0x16 t_msxmap.o
 .debug_macro   0x000060b3       0x10 t_msxmap.o
 .debug_macro   0x000060c3       0x1c t_msxmap.o
 .debug_macro   0x000060df       0x52 t_msxmap.o
 .debug_macro   0x00006131       0x22 t_msxmap.o
 .debug_macro   0x00006153       0x10 t_msxmap.o
 .debug_macro   0x00006163       0x52 t_msxmap.o
 .debug_macro   0x000061b5       0xc1 t_msxmap.o
 .debug_macro   0x00006276       0x1c t_msxmap.o
 .debug_macro   0x00006292       0x3d t_msxmap.o
 .debug_macro   0x000062cf      0x51a t_msxmap.o
 .debug_macro   0x000067e9      0x4f5 t_msxmap.o
 .debug_macro   0x00006cde       0x6e t_msxmap.o
 .debug_macro   0x00006d4c      0x1a2 t_msxmap.o
 .debug_macro   0x00006eee       0x65 t_msxmap.o
 .debug_macro   0x00006f53      0x1d6 t_msxmap.o
 .debug_macro   0x00007129       0x10 t_msxmap.o
 .debug_macro   0x00007139       0xc1 t_msxmap.o
 .debug_macro   0x000071fa      0x103 t_msxmap.o
 .debug_macro   0x000072fd      0x322 t_msxmap.o
 .debug_macro   0x0000761f       0x10 t_msxmap.o
 .debug_macro   0x0000762f       0x16 t_msxmap.o
 .debug_macro   0x00007645       0x16 t_msxmap.o
 .debug_macro   0x0000765b       0x29 t_msxmap.o
 .debug_macro   0x00007684       0x1c t_msxmap.o
 .debug_macro   0x000076a0       0xde t_msxmap.o
 .debug_macro   0x0000777e      0x39b t_msxmap.o
 .debug_macro   0x00007b19      0x47d sys_timer.o
 .debug_macro   0x00007f96      0x34f serial_no.o
 .debug_macro   0x000082e5      0xab4 serial_no.o
 .debug_macro   0x00008d99       0x1c serial_no.o
 .debug_macro   0x00008db5       0x56 serial_no.o
 .debug_macro   0x00008e0b       0x22 serial_no.o
 .debug_macro   0x00008e2d      0x1b4 serial_no.o
 .debug_macro   0x00008fe1       0x34 serial_no.o
 .debug_macro   0x00009015      0x182 serial_no.o
 .debug_macro   0x00009197       0x43 serial_no.o
 .debug_macro   0x000091da       0x35 serial_no.o
 .debug_macro   0x0000920f      0x385 serial_no.o
 .debug_macro   0x00009594       0x16 serial_no.o
 .debug_macro   0x000095aa      0x12a serial_no.o
 .debug_macro   0x000096d4       0xaa serial_no.o
 .debug_macro   0x0000977e      0x4fe serial_no.o
 .debug_macro   0x00009c7c       0x22 serial_no.o
 .debug_macro   0x00009c9e      0x35f cdcacm.o
 .debug_macro   0x00009ffd       0x75 cdcacm.o
 .debug_macro   0x0000a072       0x5c cdcacm.o
 .debug_macro   0x0000a0ce      0x11c cdcacm.o
 .debug_macro   0x0000a1ea       0x8d cdcacm.o
 .debug_macro   0x0000a277       0x57 cdcacm.o
 .debug_macro   0x0000a2ce      0x242 cdcacm.o
 .debug_macro   0x0000a510       0x1c cdcacm.o
 .debug_macro   0x0000a52c       0x2e cdcacm.o
 .debug_macro   0x0000a55a       0x10 cdcacm.o
 .debug_macro   0x0000a56a      0x34a serial.o
 .debug_macro   0x0000a8b4       0x9e serial.o
 .debug_macro   0x0000a952      0x33b hr_timer.o
 .debug_macro   0x0000ac8d      0x485 tester-ps2-msx.o
 .debug_macro   0x0000b112       0xb3 /home/evandro/Develop/libopencm3/lib//libopencm3_stm32f1.a(dma_common_l1f013.o)
 .debug_macro   0x0000b1c5      0xa90 /home/evandro/Develop/libopencm3/lib//libopencm3_stm32f1.a(dma_common_l1f013.o)
 .debug_macro   0x0000bc55       0x22 /home/evandro/Develop/libopencm3/lib//libopencm3_stm32f1.a(dma_common_l1f013.o)
 .debug_macro   0x0000bc77       0x56 /home/evandro/Develop/libopencm3/lib//libopencm3_stm32f1.a(dma_common_l1f013.o)
 .debug_macro   0x0000bccd       0xb8 /home/evandro/Develop/libopencm3/lib//libopencm3_stm32f1.a(gpio.o)
 .debug_macro   0x0000bd85       0xb8 /home/evandro/Develop/libopencm3/lib//libopencm3_stm32f1.a(gpio_common_all.o)
 .debug_macro   0x0000be3d       0xe7 /home/evandro/Develop/libopencm3/lib//libopencm3_stm32f1.a(rcc.o)
 .debug_macro   0x0000bf24       0x16 /home/evandro/Develop/libopencm3/lib//libopencm3_stm32f1.a(rcc.o)
 .debug_macro   0x0000bf3a       0xee /home/evandro/Develop/libopencm3/lib//libopencm3_stm32f1.a(rcc.o)
 .debug_macro   0x0000c028       0x82 /home/evandro/Develop/libopencm3/lib//libopencm3_stm32f1.a(rcc.o)
 .debug_macro   0x0000c0aa       0xce /home/evandro/Develop/libopencm3/lib//libopencm3_stm32f1.a(rcc_common_all.o)
 .debug_macro   0x0000c178       0xc5 /home/evandro/Develop/libopencm3/lib//libopencm3_stm32f1.a(timer_common_all.o)
 .debug_macro   0x0000c23d       0xda /home/evandro/Develop/libopencm3/lib//libopencm3_stm32f1.a(usart_common_all.o)
 .debug_macro   0x0000c317      0x146 /home/evandro/Develop/libopencm3/lib//libopencm3_stm32f1.a(usb.o)
 .debug_macro   0x0000c45d       0x58 /home/evandro/Develop/libopencm3/lib//libopencm3_stm32f1.a(usb.o)
 .debug_macro   0x0000c4b5       0x18 /home/evandro/Develop/libopencm3/lib//libopencm3_stm32f1.a(usb.o)
 .debug_macro   0x0000c4cd       0x5c /home/evandro/Develop/libopencm3/lib//libopencm3_stm32f1.a(usb.o)
 .debug_macro   0x0000c529       0x35 /home/evandro/Develop/libopencm3/lib//libopencm3_stm32f1.a(usb.o)
 .debug_macro   0x0000c55e      0x16d /home/evandro/Develop/libopencm3/lib//libopencm3_stm32f1.a(usb.o)
 .debug_macro   0x0000c6cb       0x43 /home/evandro/Develop/libopencm3/lib//libopencm3_stm32f1.a(usb.o)
 .debug_macro   0x0000c70e       0x34 /home/evandro/Develop/libopencm3/lib//libopencm3_stm32f1.a(usb.o)
 .debug_macro   0x0000c742       0x52 /home/evandro/Develop/libopencm3/lib//libopencm3_stm32f1.a(usb.o)
 .debug_macro   0x0000c794      0x182 /home/evandro/Develop/libopencm3/lib//libopencm3_stm32f1.a(usb.o)
 .debug_macro   0x0000c916      0x35d /home/evandro/Develop/libopencm3/lib//libopencm3_stm32f1.a(usb.o)
 .debug_macro   0x0000cc73       0x10 /home/evandro/Develop/libopencm3/lib//libopencm3_stm32f1.a(usb.o)
 .debug_macro   0x0000cc83       0x35 /home/evandro/Develop/libopencm3/lib//libopencm3_stm32f1.a(usb.o)
 .debug_macro   0x0000ccb8      0x19c /home/evandro/Develop/libopencm3/lib//libopencm3_stm32f1.a(usb.o)
 .debug_macro   0x0000ce54       0x1c /home/evandro/Develop/libopencm3/lib//libopencm3_stm32f1.a(usb.o)
 .debug_macro   0x0000ce70      0x154 /home/evandro/Develop/libopencm3/lib//libopencm3_stm32f1.a(usb_control.o)
 .debug_macro   0x0000cfc4      0x10e /home/evandro/Develop/libopencm3/lib//libopencm3_stm32f1.a(usb_control.o)
 .debug_macro   0x0000d0d2       0x86 /home/evandro/Develop/libopencm3/lib//libopencm3_stm32f1.a(usb_control.o)
 .debug_macro   0x0000d158      0x146 /home/evandro/Develop/libopencm3/lib//libopencm3_stm32f1.a(usb_standard.o)
 .debug_macro   0x0000d29e      0x10d /home/evandro/Develop/libopencm3/lib//libopencm3_stm32f1.a(st_usbfs_v1.o)
 .debug_macro   0x0000d3ab       0x3a /home/evandro/Develop/libopencm3/lib//libopencm3_stm32f1.a(st_usbfs_v1.o)
 .debug_macro   0x0000d3e5      0x29e /home/evandro/Develop/libopencm3/lib//libopencm3_stm32f1.a(st_usbfs_v1.o)
 .debug_macro   0x0000d683       0x28 /home/evandro/Develop/libopencm3/lib//libopencm3_stm32f1.a(st_usbfs_v1.o)
 .debug_macro   0x0000d6ab       0x10 /home/evandro/Develop/libopencm3/lib//libopencm3_stm32f1.a(st_usbfs_v1.o)
 .debug_macro   0x0000d6bb       0xcf /home/evandro/Develop/libopencm3/lib//libopencm3_stm32f1.a(vector.o)
 .debug_macro   0x0000d78a      0x395 /home/evandro/Develop/libopencm3/lib//libopencm3_stm32f1.a(vector.o)
 .debug_macro   0x0000db1f       0x92 /home/evandro/Develop/libopencm3/lib//libopencm3_stm32f1.a(systick.o)
 .debug_macro   0x0000dbb1       0xb3 /home/evandro/Develop/libopencm3/lib//libopencm3_stm32f1.a(nvic.o)
 .debug_macro   0x0000dc64       0x68 /home/evandro/Develop/libopencm3/lib//libopencm3_stm32f1.a(nvic.o)
 .debug_macro   0x0000dccc       0xc0 /home/evandro/Develop/libopencm3/lib//libopencm3_stm32f1.a(flash_common_all.o)
 .debug_macro   0x0000dd8c      0x10d /home/evandro/Develop/libopencm3/lib//libopencm3_stm32f1.a(st_usbfs_core.o)

.debug_line     0x00000000     0xd8bd
 .debug_line    0x00000000      0xa89 t_msxmap.o
 .debug_line    0x00000a89      0xa8c sys_timer.o
 .debug_line    0x00001515      0x656 serial_no.o
 .debug_line    0x00001b6b      0xc82 cdcacm.o
 .debug_line    0x000027ed     0x12d5 serial.o
 .debug_line    0x00003ac2      0x7a0 hr_timer.o
 .debug_line    0x00004262     0x1436 tester-ps2-msx.o
 .debug_line    0x00005698      0x5ed /home/evandro/Develop/libopencm3/lib//libopencm3_stm32f1.a(dma_common_l1f013.o)
 .debug_line    0x00005c85      0x353 /home/evandro/Develop/libopencm3/lib//libopencm3_stm32f1.a(gpio.o)
 .debug_line    0x00005fd8      0x369 /home/evandro/Develop/libopencm3/lib//libopencm3_stm32f1.a(gpio_common_all.o)
 .debug_line    0x00006341      0xcff /home/evandro/Develop/libopencm3/lib//libopencm3_stm32f1.a(rcc.o)
 .debug_line    0x00007040      0x3c8 /home/evandro/Develop/libopencm3/lib//libopencm3_stm32f1.a(rcc_common_all.o)
 .debug_line    0x00007408     0x1051 /home/evandro/Develop/libopencm3/lib//libopencm3_stm32f1.a(timer_common_all.o)
 .debug_line    0x00008459      0x5dc /home/evandro/Develop/libopencm3/lib//libopencm3_stm32f1.a(usart_common_all.o)
 .debug_line    0x00008a35      0x4e0 /home/evandro/Develop/libopencm3/lib//libopencm3_stm32f1.a(usb.o)
 .debug_line    0x00008f15      0x6c1 /home/evandro/Develop/libopencm3/lib//libopencm3_stm32f1.a(usb_control.o)
 .debug_line    0x000095d6      0xc20 /home/evandro/Develop/libopencm3/lib//libopencm3_stm32f1.a(usb_standard.o)
 .debug_line    0x0000a1f6      0x3ef /home/evandro/Develop/libopencm3/lib//libopencm3_stm32f1.a(st_usbfs_v1.o)
 .debug_line    0x0000a5e5      0x3bc /home/evandro/Develop/libopencm3/lib//libopencm3_stm32f1.a(vector.o)
 .debug_line    0x0000a9a1      0x35f /home/evandro/Develop/libopencm3/lib//libopencm3_stm32f1.a(systick.o)
 .debug_line    0x0000ad00      0x391 /home/evandro/Develop/libopencm3/lib//libopencm3_stm32f1.a(nvic.o)
 .debug_line    0x0000b091      0x31a /home/evandro/Develop/libopencm3/lib//libopencm3_stm32f1.a(flash_common_all.o)
 .debug_line    0x0000b3ab      0x801 /home/evandro/Develop/libopencm3/lib//libopencm3_stm32f1.a(st_usbfs_core.o)
 .debug_line    0x0000bbac      0x244 /opt/gcc-arm-none/bin/../lib/gcc/arm-none-eabi/12.2.0/../../../../arm-none-eabi/lib/thumb/v7-m/nofp/libc.a(libc_a-memset.o)
 .debug_line    0x0000bdf0       0xbd /opt/gcc-arm-none/bin/../lib/gcc/arm-none-eabi/12.2.0/../../../../arm-none-eabi/lib/thumb/v7-m/nofp/libc.a(libc_a-memcpy.o)
 .debug_line    0x0000bead      0x17f /opt/gcc-arm-none/bin/../lib/gcc/arm-none-eabi/12.2.0/../../../../arm-none-eabi/lib/thumb/v7-m/nofp/libc.a(libc_a-strlen-stub.o)
 .debug_line    0x0000c02c     0x1245 /opt/gcc-arm-none/bin/../lib/gcc/arm-none-eabi/12.2.0/thumb/v7-m/nofp/libgcc.a(unwind-arm.o)
 .debug_line    0x0000d271       0x97 /opt/gcc-arm-none/bin/../lib/gcc/arm-none-eabi/12.2.0/thumb/v7-m/nofp/libgcc.a(libunwind.o)
 .debug_line    0x0000d308      0x5b5 /opt/gcc-arm-none/bin/../lib/gcc/arm-none-eabi/12.2.0/thumb/v7-m/nofp/libgcc.a(pr-support.o)

.debug_str      0x00000000    0x27d84
 .debug_str     0x00000000    0x1fe88 t_msxmap.o
                              0x20164 (size before relaxing)
 .debug_str     0x0001fe88      0x1a0 sys_timer.o
                              0x20176 (size before relaxing)
 .debug_str     0x00020028      0x3f0 serial_no.o
                              0x1c44b (size before relaxing)
 .debug_str     0x00020418      0xfa4 cdcacm.o
                              0x1d4b9 (size before relaxing)
 .debug_str     0x000213bc      0x606 serial.o
                              0x1cf46 (size before relaxing)
 .debug_str     0x000219c2      0x34c hr_timer.o
                              0x1c9fd (size before relaxing)
 .debug_str     0x00021d0e       0xdc tester-ps2-msx.o
                              0x20657 (size before relaxing)
 .debug_str     0x00021dea      0x2b2 /home/evandro/Develop/libopencm3/lib//libopencm3_stm32f1.a(dma_common_l1f013.o)
                               0x6c78 (size before relaxing)
 .debug_str     0x0002209c       0x66 /home/evandro/Develop/libopencm3/lib//libopencm3_stm32f1.a(gpio.o)
                               0x8604 (size before relaxing)
 .debug_str     0x00022102       0x32 /home/evandro/Develop/libopencm3/lib//libopencm3_stm32f1.a(gpio_common_all.o)
                               0x85f8 (size before relaxing)
 .debug_str     0x00022134      0xd2a /home/evandro/Develop/libopencm3/lib//libopencm3_stm32f1.a(rcc.o)
                               0x8259 (size before relaxing)
 .debug_str     0x00022e5e      0x16d /home/evandro/Develop/libopencm3/lib//libopencm3_stm32f1.a(rcc_common_all.o)
                               0x7967 (size before relaxing)
 .debug_str     0x00022fcb      0xa88 /home/evandro/Develop/libopencm3/lib//libopencm3_stm32f1.a(timer_common_all.o)
                               0xbf03 (size before relaxing)
 .debug_str     0x00023a53      0x185 /home/evandro/Develop/libopencm3/lib//libopencm3_stm32f1.a(usart_common_all.o)
                               0x8588 (size before relaxing)
 .debug_str     0x00023bd8      0xad3 /home/evandro/Develop/libopencm3/lib//libopencm3_stm32f1.a(usb.o)
                               0x7a9b (size before relaxing)
 .debug_str     0x000246ab       0xce /home/evandro/Develop/libopencm3/lib//libopencm3_stm32f1.a(usb_control.o)
                               0x7a7d (size before relaxing)
 .debug_str     0x00024779      0x2ab /home/evandro/Develop/libopencm3/lib//libopencm3_stm32f1.a(usb_standard.o)
                               0x7bb7 (size before relaxing)
 .debug_str     0x00024a24     0x1640 /home/evandro/Develop/libopencm3/lib//libopencm3_stm32f1.a(st_usbfs_v1.o)
                               0x9b7d (size before relaxing)
 .debug_str     0x00026064      0xb08 /home/evandro/Develop/libopencm3/lib//libopencm3_stm32f1.a(vector.o)
                               0x663e (size before relaxing)
 .debug_str     0x00026b6c       0xbd /home/evandro/Develop/libopencm3/lib//libopencm3_stm32f1.a(systick.o)
                               0x4519 (size before relaxing)
 .debug_str     0x00026c29       0xb2 /home/evandro/Develop/libopencm3/lib//libopencm3_stm32f1.a(nvic.o)
                               0x5c20 (size before relaxing)
 .debug_str     0x00026cdb       0x64 /home/evandro/Develop/libopencm3/lib//libopencm3_stm32f1.a(flash_common_all.o)
                               0x553d (size before relaxing)
 .debug_str     0x00026d3f       0x6d /home/evandro/Develop/libopencm3/lib//libopencm3_stm32f1.a(st_usbfs_core.o)
                               0x99ca (size before relaxing)
 .debug_str     0x00026dac      0x16d /opt/gcc-arm-none/bin/../lib/gcc/arm-none-eabi/12.2.0/../../../../arm-none-eabi/lib/thumb/v7-m/nofp/libc.a(libc_a-memset.o)
                                0x217 (size before relaxing)
 .debug_str     0x00026f19       0x80 /opt/gcc-arm-none/bin/../lib/gcc/arm-none-eabi/12.2.0/../../../../arm-none-eabi/lib/thumb/v7-m/nofp/libc.a(libc_a-memcpy.o)
                                0x102 (size before relaxing)
 .debug_str     0x00026f99       0x6f /opt/gcc-arm-none/bin/../lib/gcc/arm-none-eabi/12.2.0/../../../../arm-none-eabi/lib/thumb/v7-m/nofp/libc.a(libc_a-strlen-stub.o)
                                0x20d (size before relaxing)
 .debug_str     0x00027008      0xb86 /opt/gcc-arm-none/bin/../lib/gcc/arm-none-eabi/12.2.0/thumb/v7-m/nofp/libgcc.a(unwind-arm.o)
                                0xcb7 (size before relaxing)
 .debug_str     0x00027b8e       0xe2 /opt/gcc-arm-none/bin/../lib/gcc/arm-none-eabi/12.2.0/thumb/v7-m/nofp/libgcc.a(libunwind.o)
                                0x1e3 (size before relaxing)
 .debug_str     0x00027c70      0x114 /opt/gcc-arm-none/bin/../lib/gcc/arm-none-eabi/12.2.0/thumb/v7-m/nofp/libgcc.a(pr-support.o)
                                0x605 (size before relaxing)

.comment        0x00000000       0xa3
 .comment       0x00000000       0x4c t_msxmap.o
                                 0x4d (size before relaxing)
 .comment       0x0000004c       0x4d sys_timer.o
 .comment       0x0000004c       0x4d serial_no.o
 .comment       0x0000004c       0x4d cdcacm.o
 .comment       0x0000004c       0x4d serial.o
 .comment       0x0000004c       0x4d hr_timer.o
 .comment       0x0000004c       0x4d tester-ps2-msx.o
 .comment       0x0000004c       0x57 /home/evandro/Develop/libopencm3/lib//libopencm3_stm32f1.a(dma_common_l1f013.o)
                                 0x58 (size before relaxing)
 .comment       0x000000a3       0x58 /home/evandro/Develop/libopencm3/lib//libopencm3_stm32f1.a(gpio.o)
 .comment       0x000000a3       0x58 /home/evandro/Develop/libopencm3/lib//libopencm3_stm32f1.a(gpio_common_all.o)
 .comment       0x000000a3       0x58 /home/evandro/Develop/libopencm3/lib//libopencm3_stm32f1.a(rcc.o)