Archive member included to satisfy reference by file (symbol)

/home/evandro/Develop/libopencm3/lib//libopencm3_stm32f4.a(dma_common_f24.o)
                              serial.o (dma_stream_reset)
/home/evandro/Develop/libopencm3/lib//libopencm3_stm32f4.a(gpio_common_all.o)
                              t_msxmap.o (gpio_set)
/home/evandro/Develop/libopencm3/lib//libopencm3_stm32f4.a(gpio_common_f0234.o)
                              t_msxmap.o (gpio_mode_setup)
/home/evandro/Develop/libopencm3/lib//libopencm3_stm32f4.a(rcc_common_all.o)
                              cdcacm.o (rcc_periph_clock_enable)
/home/evandro/Develop/libopencm3/lib//libopencm3_stm32f4.a(rcc.o)
                              tester-ps2-msx.o (rcc_clock_setup_pll)
/home/evandro/Develop/libopencm3/lib//libopencm3_stm32f4.a(timer_common_all.o)
                              hr_timer.o (timer_enable_irq)
/home/evandro/Develop/libopencm3/lib//libopencm3_stm32f4.a(usart_common_all.o)
                              serial.o (usart_set_baudrate)
/home/evandro/Develop/libopencm3/lib//libopencm3_stm32f4.a(usart_common_f124.o)
                              /home/evandro/Develop/libopencm3/lib//libopencm3_stm32f4.a(usart_common_all.o) (usart_send)
/home/evandro/Develop/libopencm3/lib//libopencm3_stm32f4.a(usb.o)
                              cdcacm.o (usbd_init)
/home/evandro/Develop/libopencm3/lib//libopencm3_stm32f4.a(usb_standard.o)
                              cdcacm.o (usbd_register_set_config_callback)
/home/evandro/Develop/libopencm3/lib//libopencm3_stm32f4.a(usb_control.o)
                              cdcacm.o (usbd_register_control_callback)
/home/evandro/Develop/libopencm3/lib//libopencm3_stm32f4.a(usb_f107.o)
                              cdcacm.o (stm32f107_usb_driver)
/home/evandro/Develop/libopencm3/lib//libopencm3_stm32f4.a(vector.o)
                              (reset_handler)
/home/evandro/Develop/libopencm3/lib//libopencm3_stm32f4.a(systick.o)
                              sys_timer.o (systick_set_reload)
/home/evandro/Develop/libopencm3/lib//libopencm3_stm32f4.a(nvic.o)
                              cdcacm.o (nvic_enable_irq)
/home/evandro/Develop/libopencm3/lib//libopencm3_stm32f4.a(flash_common_all.o)
                              /home/evandro/Develop/libopencm3/lib//libopencm3_stm32f4.a(rcc.o) (flash_set_ws)
/home/evandro/Develop/libopencm3/lib//libopencm3_stm32f4.a(flash_common_idcache.o)
                              /home/evandro/Develop/libopencm3/lib//libopencm3_stm32f4.a(rcc.o) (flash_dcache_enable)
/home/evandro/Develop/libopencm3/lib//libopencm3_stm32f4.a(pwr.o)
                              /home/evandro/Develop/libopencm3/lib//libopencm3_stm32f4.a(rcc.o) (pwr_set_vos_scale)
/home/evandro/Develop/libopencm3/lib//libopencm3_stm32f4.a(usb_dwc_common.o)
                              /home/evandro/Develop/libopencm3/lib//libopencm3_stm32f4.a(usb_f107.o) (dwc_set_address)
/opt/gcc-arm-none/bin/../lib/gcc/arm-none-eabi/14.2.1/../../../../arm-none-eabi/lib/thumb/v7e-m+fp/hard/libc.a(libc_a-memset.o)
                              t_msxmap.o (memset)
/opt/gcc-arm-none/bin/../lib/gcc/arm-none-eabi/14.2.1/../../../../arm-none-eabi/lib/thumb/v7e-m+fp/hard/libc.a(libc_a-errno.o)
                              serial.o (__errno)
/opt/gcc-arm-none/bin/../lib/gcc/arm-none-eabi/14.2.1/../../../../arm-none-eabi/lib/thumb/v7e-m+fp/hard/libc.a(libc_a-memcpy.o)
                              serial.o (memcpy)
/opt/gcc-arm-none/bin/../lib/gcc/arm-none-eabi/14.2.1/../../../../arm-none-eabi/lib/thumb/v7e-m+fp/hard/libc.a(libc_a-strlen.o)
                              /home/evandro/Develop/libopencm3/lib//libopencm3_stm32f4.a(usb_standard.o) (strlen)
/opt/gcc-arm-none/bin/../lib/gcc/arm-none-eabi/14.2.1/../../../../arm-none-eabi/lib/thumb/v7e-m+fp/hard/libc.a(libc_a-impure.o)
                              /opt/gcc-arm-none/bin/../lib/gcc/arm-none-eabi/14.2.1/../../../../arm-none-eabi/lib/thumb/v7e-m+fp/hard/libc.a(libc_a-errno.o) (_impure_ptr)
/opt/gcc-arm-none/bin/../lib/gcc/arm-none-eabi/14.2.1/../../../../arm-none-eabi/lib/thumb/v7e-m+fp/hard/libc.a(libc_a-findfp.o)
                              /opt/gcc-arm-none/bin/../lib/gcc/arm-none-eabi/14.2.1/../../../../arm-none-eabi/lib/thumb/v7e-m+fp/hard/libc.a(libc_a-impure.o) (__sf)
/opt/gcc-arm-none/bin/../lib/gcc/arm-none-eabi/14.2.1/../../../../arm-none-eabi/lib/thumb/v7e-m+fp/hard/libc.a(libc_a-fwalk.o)
                              /opt/gcc-arm-none/bin/../lib/gcc/arm-none-eabi/14.2.1/../../../../arm-none-eabi/lib/thumb/v7e-m+fp/hard/libc.a(libc_a-findfp.o) (_fwalk_sglue)
/opt/gcc-arm-none/bin/../lib/gcc/arm-none-eabi/14.2.1/../../../../arm-none-eabi/lib/thumb/v7e-m+fp/hard/libc.a(libc_a-stdio.o)
                              /opt/gcc-arm-none/bin/../lib/gcc/arm-none-eabi/14.2.1/../../../../arm-none-eabi/lib/thumb/v7e-m+fp/hard/libc.a(libc_a-findfp.o) (__sread)
/opt/gcc-arm-none/bin/../lib/gcc/arm-none-eabi/14.2.1/../../../../arm-none-eabi/lib/thumb/v7e-m+fp/hard/libc.a(libc_a-closer.o)
[...]
Memory Configuration

Name             Origin             Length             Attributes
ram              0x20000000         0x00010000         xrw
rom              0x08000000         0x00040000         xr
*default*        0x00000000         0xffffffff

Linker script and memory map

LOAD t_msxmap.o
LOAD sys_timer.o
LOAD serial_no.o
LOAD cdcacm.o
LOAD serial.o
LOAD hr_timer.o
LOAD newlib_warning_fix.o
LOAD tester-ps2-msx.o
LOAD /home/evandro/Develop/libopencm3/lib//libopencm3_stm32f4.a
START GROUP
LOAD /opt/gcc-arm-none/bin/../lib/gcc/arm-none-eabi/14.2.1/../../../../arm-none-eabi/lib/thumb/v7e-m+fp/hard/libc.a
LOAD /opt/gcc-arm-none/bin/../lib/gcc/arm-none-eabi/14.2.1/thumb/v7e-m+fp/hard/libgcc.a
LOAD /opt/gcc-arm-none/bin/../lib/gcc/arm-none-eabi/14.2.1/../../../../arm-none-eabi/lib/thumb/v7e-m+fp/hard/libnosys.a
END GROUP
START GROUP
LOAD /opt/gcc-arm-none/bin/../lib/gcc/arm-none-eabi/14.2.1/thumb/v7e-m+fp/hard/libgcc.a
LOAD /opt/gcc-arm-none/bin/../lib/gcc/arm-none-eabi/14.2.1/../../../../arm-none-eabi/lib/thumb/v7e-m+fp/hard/libg.a
LOAD /opt/gcc-arm-none/bin/../lib/gcc/arm-none-eabi/14.2.1/../../../../arm-none-eabi/lib/thumb/v7e-m+fp/hard/libc.a
END GROUP

.text           0x08000000     0x5e4c
 *(.vectors)
 .vectors       0x08000000      0x1ac /home/evandro/Develop/libopencm3/lib//libopencm3_stm32f4.a(vector.o)
                0x08000000                vector_table
 *(.text*)
 .text._ZN6msxmap19msx_interface_setupEv
                0x080001ac      0x130 t_msxmap.o
                0x080001ac                msxmap::msx_interface_setup()
 .text._ZN6msxmap19general_debug_setupEv
                0x080002dc       0x94 t_msxmap.o
                0x080002dc                msxmap::general_debug_setup()
 .text.portXread
                0x08000370      0x124 t_msxmap.o
                0x08000370                portXread
 .text.systick_setup
                0x08000494       0x70 sys_timer.o
                0x08000494                systick_setup
 .text.systick_update
                0x08000504       0x30 sys_timer.o
                0x08000504                systick_update
 .text.write_to_Y_port
                0x08000534       0x14 sys_timer.o
                0x08000534                write_to_Y_port
 .text.sys_tick_handler
                0x08000548      0x14c sys_timer.o
                0x08000548                sys_tick_handler
 .text.serialno_read
                0x08000694       0x64 serial_no.o
                0x08000694                serialno_read
 .text.cdcacm_uart_data_tx_cb
                0x080006f8       0x58 cdcacm.o
 .text.usb_cdc_set_state
                0x08000750       0x2a cdcacm.o
 *fill*         0x0800077a        0x2 
 .text.cdcacm_set_config
                0x0800077c       0xa4 cdcacm.o
 .text.cdcacm_control_request
                0x08000820       0x84 cdcacm.o
 .text.cdcacm_con_data_tx_cb
                0x080008a4       0xd0 cdcacm.o
 .text.cdcacm_con_data_rx_cb
                0x08000974       0x6c cdcacm.o
 .text.disable_usb
                0x080009e0       0x26 cdcacm.o
                0x080009e0                disable_usb
 *fill*         0x08000a06        0x2 
 .text.set_nak_endpoint
                0x08000a08       0x24 cdcacm.o
                0x08000a08                set_nak_endpoint
 .text.cdcacm_uart_data_rx_cb
                0x08000a2c       0x6c cdcacm.o
 .text.clear_nak_endpoint
                0x08000a98       0x24 cdcacm.o
                0x08000a98                clear_nak_endpoint
 .text.first_put_ring_content_onto_ep
                0x08000abc       0x70 cdcacm.o
                0x08000abc                first_put_ring_content_onto_ep
 .text.cdcacm_init
                0x08000b2c       0xa8 cdcacm.o
                0x08000b2c                cdcacm_init
 .text.otg_fs_isr
                0x08000bd4        0xc cdcacm.o
                0x08000bd4                otg_fs_isr
 .text.usart_rx_read_dma
                0x08000be0       0xd8 serial.o
 .text.pascal_string_init
                0x08000cb8        0xc serial.o
                0x08000cb8                pascal_string_init
 .text.serial_setup
                0x08000cc4      0x2ac serial.o
                0x08000cc4                serial_setup
 .text.usart_update_comm_param
                0x08000f70       0x6c serial.o
                0x08000f70                usart_update_comm_param
 .text.serial_rx_restart
                0x08000fdc       0x64 serial.o
                0x08000fdc                serial_rx_restart
 .text.do_dma_usart_tx_ring
                0x08001040       0x50 serial.o
                0x08001040                do_dma_usart_tx_ring
 .text.ring_put_ch
                0x08001090       0x2c serial.o
                0x08001090                ring_put_ch
 .text.con_send_string
                0x080010bc      0x140 serial.o
                0x080010bc                con_send_string
 .text.ring_avail_get_ch
                0x080011fc       0x12 serial.o
                0x080011fc                ring_avail_get_ch
 .text.ring_get_ch
                0x0800120e       0x2a serial.o
                0x0800120e                ring_get_ch
 .text.con_available_get_char
                0x08001238       0x1c serial.o
                0x08001238                con_available_get_char
 .text.con_get_char
                0x08001254       0xb8 serial.o
                0x08001254                con_get_char
 .text.console_get_line
                0x0800130c       0xa4 serial.o
                0x0800130c                console_get_line
 .text.string_append
                0x080013b0       0x2c serial.o
                0x080013b0                string_append
 .text.conv_2a_hex_to_uint8
                0x080013dc       0x2e serial.o
                0x080013dc                conv_2a_hex_to_uint8
 *fill*         0x0800140a        0x2 
 .text.conv_uint32_to_dec
                0x0800140c       0x70 serial.o
                0x0800140c                conv_uint32_to_dec
 .text.conv_uint8_to_2a_hex
                0x0800147c       0x26 serial.o
                0x0800147c                conv_uint8_to_2a_hex
 *fill*         0x080014a2        0x2 
 .text.usart1_isr
                0x080014a4       0x2c serial.o
                0x080014a4                usart1_isr
 .text.dma2_stream2_isr
                0x080014d0        0x4 serial.o
                0x080014d0                dma2_stream2_isr
 .text.dma2_stream7_isr
                0x080014d4       0x84 serial.o
                0x080014d4                dma2_stream7_isr
 .text.tim_hr_setup
                0x08001558       0x60 hr_timer.o
                0x08001558                tim_hr_setup
 .text.delay_qusec
                0x080015b8       0x50 hr_timer.o
                0x080015b8                delay_qusec
 .text.tim2_isr
                0x08001608       0x28 hr_timer.o
                0x08001608                tim2_isr
 .text._getpid  0x08001630        0x2 newlib_warning_fix.o
                0x08001630                _getpid
 .text._kill    0x08001632        0x2 newlib_warning_fix.o
                0x08001632                _kill
 .text.startup.main
                0x08001634      0xb4c tester-ps2-msx.o
                0x08001634                main
 .text.dma_stream_reset
                0x08002180       0x4c /home/evandro/Develop/libopencm3/lib//libopencm3_stm32f4.a(dma_common_f24.o)
                0x08002180                dma_stream_reset
 .text.dma_clear_interrupt_flags
                0x080021cc       0x1e /home/evandro/Develop/libopencm3/lib//libopencm3_stm32f4.a(dma_common_f24.o)
                0x080021cc                dma_clear_interrupt_flags
 .text.dma_set_transfer_mode
                0x080021ea       0x20 /home/evandro/Develop/libopencm3/lib//libopencm3_stm32f4.a(dma_common_f24.o)
                0x080021ea                dma_set_transfer_mode
 .text.dma_set_priority
                0x0800220a       0x18 /home/evandro/Develop/libopencm3/lib//libopencm3_stm32f4.a(dma_common_f24.o)
                0x0800220a                dma_set_priority
 .text.dma_set_memory_size
                0x08002222       0x18 /home/evandro/Develop/libopencm3/lib//libopencm3_stm32f4.a(dma_common_f24.o)
                0x08002222                dma_set_memory_size
 .text.dma_set_peripheral_size
                0x0800223a       0x18 /home/evandro/Develop/libopencm3/lib//libopencm3_stm32f4.a(dma_common_f24.o)
                0x0800223a                dma_set_peripheral_size
 .text.dma_enable_memory_increment_mode
                0x08002252       0x12 /home/evandro/Develop/libopencm3/lib//libopencm3_stm32f4.a(dma_common_f24.o)
                0x08002252                dma_enable_memory_increment_mode
 .text.dma_disable_peripheral_increment_mode
                0x08002264       0x12 /home/evandro/Develop/libopencm3/lib//libopencm3_stm32f4.a(dma_common_f24.o)
                0x08002264                dma_disable_peripheral_increment_mode
 .text.dma_enable_circular_mode
                0x08002276       0x12 /home/evandro/Develop/libopencm3/lib//libopencm3_stm32f4.a(dma_common_f24.o)
                0x08002276                dma_enable_circular_mode
 .text.dma_channel_select
                0x08002288       0x10 /home/evandro/Develop/libopencm3/lib//libopencm3_stm32f4.a(dma_common_f24.o)
                0x08002288                dma_channel_select
 .text.dma_set_dma_flow_control
                0x08002298       0x12 /home/evandro/Develop/libopencm3/lib//libopencm3_stm32f4.a(dma_common_f24.o)
                0x08002298                dma_set_dma_flow_control
 .text.dma_enable_half_transfer_interrupt
                0x080022aa       0x1c /home/evandro/Develop/libopencm3/lib//libopencm3_stm32f4.a(dma_common_f24.o)
                0x080022aa                dma_enable_half_transfer_interrupt
 .text.dma_enable_transfer_complete_interrupt
                0x080022c6       0x1c /home/evandro/Develop/libopencm3/lib//libopencm3_stm32f4.a(dma_common_f24.o)
                0x080022c6                dma_enable_transfer_complete_interrupt
 .text.dma_enable_direct_mode
                0x080022e2       0x12 /home/evandro/Develop/libopencm3/lib//libopencm3_stm32f4.a(dma_common_f24.o)
                0x080022e2                dma_enable_direct_mode
 .text.dma_enable_stream
                0x080022f4       0x12 /home/evandro/Develop/libopencm3/lib//libopencm3_stm32f4.a(dma_common_f24.o)
                0x080022f4                dma_enable_stream
 .text.dma_disable_stream
                0x08002306       0x12 /home/evandro/Develop/libopencm3/lib//libopencm3_stm32f4.a(dma_common_f24.o)
                0x08002306                dma_disable_stream
 .text.dma_set_peripheral_address
                0x08002318       0x10 /home/evandro/Develop/libopencm3/lib//libopencm3_stm32f4.a(dma_common_f24.o)
                0x08002318                dma_set_peripheral_address
 .text.dma_set_memory_address
                0x08002328       0x1a /home/evandro/Develop/libopencm3/lib//libopencm3_stm32f4.a(dma_common_f24.o)
                0x08002328                dma_set_memory_address
 .text.dma_get_number_of_data
                0x08002342        0xe /home/evandro/Develop/libopencm3/lib//libopencm3_stm32f4.a(dma_common_f24.o)
                0x08002342                dma_get_number_of_data
 .text.dma_set_number_of_data
                0x08002350        0xc /home/evandro/Develop/libopencm3/lib//libopencm3_stm32f4.a(dma_common_f24.o)
                0x08002350                dma_set_number_of_data
 .text.gpio_set
                0x0800235c        0x4 /home/evandro/Develop/libopencm3/lib//libopencm3_stm32f4.a(gpio_common_all.o)
                0x0800235c                gpio_set
 .text.gpio_clear
                0x08002360        0x6 /home/evandro/Develop/libopencm3/lib//libopencm3_stm32f4.a(gpio_common_all.o)
                0x08002360                gpio_clear
 .text.gpio_get
                0x08002366        0x6 /home/evandro/Develop/libopencm3/lib//libopencm3_stm32f4.a(gpio_common_all.o)
                0x08002366                gpio_get
 .text.gpio_toggle
                0x0800236c       0x12 /home/evandro/Develop/libopencm3/lib//libopencm3_stm32f4.a(gpio_common_all.o)
                0x0800236c                gpio_toggle
 .text.gpio_port_read
                0x0800237e        0x6 /home/evandro/Develop/libopencm3/lib//libopencm3_stm32f4.a(gpio_common_all.o)
                0x0800237e                gpio_port_read
 .text.gpio_port_config_lock
                0x08002384       0x10 /home/evandro/Develop/libopencm3/lib//libopencm3_stm32f4.a(gpio_common_all.o)
                0x08002384                gpio_port_config_lock
 .text.gpio_mode_setup
                0x08002394       0x40 /home/evandro/Develop/libopencm3/lib//libopencm3_stm32f4.a(gpio_common_f0234.o)
                0x08002394                gpio_mode_setup
 .text.gpio_set_output_options
                0x080023d4       0x36 /home/evandro/Develop/libopencm3/lib//libopencm3_stm32f4.a(gpio_common_f0234.o)
                0x080023d4                gpio_set_output_options
 .text.gpio_set_af
                0x0800240a       0x58 /home/evandro/Develop/libopencm3/lib//libopencm3_stm32f4.a(gpio_common_f0234.o)
                0x0800240a                gpio_set_af
 .text.rcc_periph_clock_enable
                0x08002462       0x1a /home/evandro/Develop/libopencm3/lib//libopencm3_stm32f4.a(rcc_common_all.o)
                0x08002462                rcc_periph_clock_enable
 .text.rcc_periph_clock_disable
                0x0800247c       0x1c /home/evandro/Develop/libopencm3/lib//libopencm3_stm32f4.a(rcc_common_all.o)
                0x0800247c                rcc_periph_clock_disable
 .text.rcc_periph_reset_pulse
                0x08002498       0x22 /home/evandro/Develop/libopencm3/lib//libopencm3_stm32f4.a(rcc_common_all.o)
                0x08002498                rcc_periph_reset_pulse
 *fill*         0x080024ba        0x2 
 .text.rcc_is_osc_ready
                0x080024bc       0x64 /home/evandro/Develop/libopencm3/lib//libopencm3_stm32f4.a(rcc.o)
                0x080024bc                rcc_is_osc_ready
 .text.rcc_wait_for_osc_ready
                0x08002520       0x10 /home/evandro/Develop/libopencm3/lib//libopencm3_stm32f4.a(rcc.o)
                0x08002520                rcc_wait_for_osc_ready
 .text.rcc_osc_on
                0x08002530       0x74 /home/evandro/Develop/libopencm3/lib//libopencm3_stm32f4.a(rcc.o)
                0x08002530                rcc_osc_on
 .text.rcc_osc_off
                0x080025a4       0x74 /home/evandro/Develop/libopencm3/lib//libopencm3_stm32f4.a(rcc.o)
                0x080025a4                rcc_osc_off
 .text.rcc_set_sysclk_source
                0x08002618       0x18 /home/evandro/Develop/libopencm3/lib//libopencm3_stm32f4.a(rcc.o)
                0x08002618                rcc_set_sysclk_source
 .text.rcc_set_ppre2
                0x08002630       0x18 /home/evandro/Develop/libopencm3/lib//libopencm3_stm32f4.a(rcc.o)
                0x08002630                rcc_set_ppre2
 .text.rcc_set_ppre1
                0x08002648       0x18 /home/evandro/Develop/libopencm3/lib//libopencm3_stm32f4.a(rcc.o)
                0x08002648                rcc_set_ppre1
 .text.rcc_set_hpre
                0x08002660       0x18 /home/evandro/Develop/libopencm3/lib//libopencm3_stm32f4.a(rcc.o)
                0x08002660                rcc_set_hpre
 .text.rcc_set_main_pll_hsi
                0x08002678       0x44 /home/evandro/Develop/libopencm3/lib//libopencm3_stm32f4.a(rcc.o)
                0x08002678                rcc_set_main_pll_hsi
 .text.rcc_set_main_pll_hse
                0x080026bc       0x44 /home/evandro/Develop/libopencm3/lib//libopencm3_stm32f4.a(rcc.o)
                0x080026bc                rcc_set_main_pll_hse
 .text.rcc_clock_setup_pll
                0x08002700       0xe4 /home/evandro/Develop/libopencm3/lib//libopencm3_stm32f4.a(rcc.o)
                0x08002700                rcc_clock_setup_pll
 .text.rcc_get_usart_clk_freq
                0x080027e4       0x20 /home/evandro/Develop/libopencm3/lib//libopencm3_stm32f4.a(rcc.o)
                0x080027e4                rcc_get_usart_clk_freq
 .text.timer_get_flag
                0x08002804        0xc /home/evandro/Develop/libopencm3/lib//libopencm3_stm32f4.a(timer_common_all.o)
                0x08002804                timer_get_flag
 .text.timer_clear_flag
                0x08002810        0x6 /home/evandro/Develop/libopencm3/lib//libopencm3_stm32f4.a(timer_common_all.o)
                0x08002810                timer_clear_flag
 .text.timer_set_mode
                0x08002816       0x12 /home/evandro/Develop/libopencm3/lib//libopencm3_stm32f4.a(timer_common_all.o)
                0x08002816                timer_set_mode
 .text.timer_enable_preload
                0x08002828        0xa /home/evandro/Develop/libopencm3/lib//libopencm3_stm32f4.a(timer_common_all.o)
                0x08002828                timer_enable_preload
 .text.timer_set_prescaler
                0x08002832        0x4 /home/evandro/Develop/libopencm3/lib//libopencm3_stm32f4.a(timer_common_all.o)
                0x08002832                timer_set_prescaler
 .text.timer_set_period
                0x08002836        0x4 /home/evandro/Develop/libopencm3/lib//libopencm3_stm32f4.a(timer_common_all.o)
                0x08002836                timer_set_period
 .text.usart_set_baudrate
                0x0800283a       0x16 /home/evandro/Develop/libopencm3/lib//libopencm3_stm32f4.a(usart_common_all.o)
                0x0800283a                usart_set_baudrate
 .text.usart_set_databits
                0x08002850       0x12 /home/evandro/Develop/libopencm3/lib//libopencm3_stm32f4.a(usart_common_all.o)
                0x08002850                usart_set_databits
 .text.usart_set_stopbits
                0x08002862        0xc /home/evandro/Develop/libopencm3/lib//libopencm3_stm32f4.a(usart_common_all.o)
                0x08002862                usart_set_stopbits
 .text.usart_set_parity
                0x0800286e        0xc /home/evandro/Develop/libopencm3/lib//libopencm3_stm32f4.a(usart_common_all.o)
                0x0800286e                usart_set_parity
 .text.usart_set_mode
                0x0800287a        0xc /home/evandro/Develop/libopencm3/lib//libopencm3_stm32f4.a(usart_common_all.o)
                0x0800287a                usart_set_mode
 .text.usart_set_flow_control
                0x08002886        0xc /home/evandro/Develop/libopencm3/lib//libopencm3_stm32f4.a(usart_common_all.o)
                0x08002886                usart_set_flow_control
 .text.usart_enable
                0x08002892        0xa /home/evandro/Develop/libopencm3/lib//libopencm3_stm32f4.a(usart_common_all.o)
                0x08002892                usart_enable
 .text.usart_enable_rx_dma
                0x0800289c        0xa /home/evandro/Develop/libopencm3/lib//libopencm3_stm32f4.a(usart_common_all.o)
                0x0800289c                usart_enable_rx_dma
 .text.usart_enable_tx_dma
                0x080028a6        0xa /home/evandro/Develop/libopencm3/lib//libopencm3_stm32f4.a(usart_common_all.o)
                0x080028a6                usart_enable_tx_dma
 .text.usart_disable_tx_dma
                0x080028b0        0xa /home/evandro/Develop/libopencm3/lib//libopencm3_stm32f4.a(usart_common_all.o)
                0x080028b0                usart_disable_tx_dma
 .text.usart_disable_rx_interrupt
                0x080028ba        0xa /home/evandro/Develop/libopencm3/lib//libopencm3_stm32f4.a(usart_common_all.o)
                0x080028ba                usart_disable_rx_interrupt
 .text.usart_disable_tx_complete_interrupt
                0x080028c4        0xa /home/evandro/Develop/libopencm3/lib//libopencm3_stm32f4.a(usart_common_all.o)
                0x080028c4                usart_disable_tx_complete_interrupt
 .text.usart_enable_idle_interrupt
                0x080028ce        0xa /home/evandro/Develop/libopencm3/lib//libopencm3_stm32f4.a(usart_common_all.o)
                0x080028ce                usart_enable_idle_interrupt
 .text.usbd_init
                0x080028d8       0x54 /home/evandro/Develop/libopencm3/lib//libopencm3_stm32f4.a(usb.o)
                0x080028d8                usbd_init
 .text.usbd_poll
                0x0800292c        0x8 /home/evandro/Develop/libopencm3/lib//libopencm3_stm32f4.a(usb.o)
                0x0800292c                usbd_poll
 .text.usbd_ep_setup
                0x08002934       0x10 /home/evandro/Develop/libopencm3/lib//libopencm3_stm32f4.a(usb.o)
                0x08002934                usbd_ep_setup
 .text._usbd_reset
                0x08002944       0x32 /home/evandro/Develop/libopencm3/lib//libopencm3_stm32f4.a(usb.o)
                0x08002944                _usbd_reset
 .text.usbd_ep_write_packet
                0x08002976       0x10 /home/evandro/Develop/libopencm3/lib//libopencm3_stm32f4.a(usb.o)
                0x08002976                usbd_ep_write_packet
 .text.usbd_ep_read_packet
                0x08002986       0x10 /home/evandro/Develop/libopencm3/lib//libopencm3_stm32f4.a(usb.o)
                0x08002986                usbd_ep_read_packet
 .text.usbd_ep_stall_set
                0x08002996        0x8 /home/evandro/Develop/libopencm3/lib//libopencm3_stm32f4.a(usb.o)
                0x08002996                usbd_ep_stall_set
 .text.usbd_ep_stall_get
                0x0800299e        0x8 /home/evandro/Develop/libopencm3/lib//libopencm3_stm32f4.a(usb.o)
                0x0800299e                usbd_ep_stall_get
 .text.usbd_ep_nak_set
                0x080029a6        0x8 /home/evandro/Develop/libopencm3/lib//libopencm3_stm32f4.a(usb.o)
                0x080029a6                usbd_ep_nak_set
 .text.usb_standard_set_address
                0x080029ae       0x28 /home/evandro/Develop/libopencm3/lib//libopencm3_stm32f4.a(usb_standard.o)
 .text.usb_standard_set_configuration
                0x080029d6       0x7e /home/evandro/Develop/libopencm3/lib//libopencm3_stm32f4.a(usb_standard.o)
 .text.usb_standard_get_configuration
                0x08002a54       0x22 /home/evandro/Develop/libopencm3/lib//libopencm3_stm32f4.a(usb_standard.o)
 .text.usb_standard_set_interface
                0x08002a76       0x54 /home/evandro/Develop/libopencm3/lib//libopencm3_stm32f4.a(usb_standard.o)
 .text.usb_standard_get_interface
                0x08002aca       0x38 /home/evandro/Develop/libopencm3/lib//libopencm3_stm32f4.a(usb_standard.o)
 .text.usb_standard_device_get_status
                0x08002b02       0x18 /home/evandro/Develop/libopencm3/lib//libopencm3_stm32f4.a(usb_standard.o)
 .text.usb_standard_endpoint_get_status
                0x08002b1a       0x2a /home/evandro/Develop/libopencm3/lib//libopencm3_stm32f4.a(usb_standard.o)
 .text.usb_standard_endpoint_stall
                0x08002b44       0x10 /home/evandro/Develop/libopencm3/lib//libopencm3_stm32f4.a(usb_standard.o)
 .text.usb_standard_endpoint_unstall
                0x08002b54       0x10 /home/evandro/Develop/libopencm3/lib//libopencm3_stm32f4.a(usb_standard.o)
 .text.usb_standard_get_descriptor
                0x08002b64      0x2ae /home/evandro/Develop/libopencm3/lib//libopencm3_stm32f4.a(usb_standard.o)
 .text.usb_standard_interface_get_status
                0x08002e12       0x18 /home/evandro/Develop/libopencm3/lib//libopencm3_stm32f4.a(usb_standard.o)
 .text.usbd_register_set_config_callback
                0x08002e2a       0x28 /home/evandro/Develop/libopencm3/lib//libopencm3_stm32f4.a(usb_standard.o)
                0x08002e2a                usbd_register_set_config_callback
 *fill*         0x08002e52        0x2 
 .text._usbd_standard_request_device
                0x08002e54       0x48 /home/evandro/Develop/libopencm3/lib//libopencm3_stm32f4.a(usb_standard.o)
                0x08002e54                _usbd_standard_request_device
 .text._usbd_standard_request_interface
                0x08002e9c       0x34 /home/evandro/Develop/libopencm3/lib//libopencm3_stm32f4.a(usb_standard.o)
                0x08002e9c                _usbd_standard_request_interface
 .text._usbd_standard_request_endpoint
                0x08002ed0       0x40 /home/evandro/Develop/libopencm3/lib//libopencm3_stm32f4.a(usb_standard.o)
                0x08002ed0                _usbd_standard_request_endpoint
 .text._usbd_standard_request
                0x08002f10       0x38 /home/evandro/Develop/libopencm3/lib//libopencm3_stm32f4.a(usb_standard.o)
                0x08002f10                _usbd_standard_request
 .text.usb_control_send_chunk
                0x08002f48       0x4e /home/evandro/Develop/libopencm3/lib//libopencm3_stm32f4.a(usb_control.o)
 .text.usb_control_request_dispatch
                0x08002f96       0x60 /home/evandro/Develop/libopencm3/lib//libopencm3_stm32f4.a(usb_control.o)
 .text.stall_transaction
                0x08002ff6       0x14 /home/evandro/Develop/libopencm3/lib//libopencm3_stm32f4.a(usb_control.o)
 .text.usb_control_recv_chunk
                0x0800300a       0x3c /home/evandro/Develop/libopencm3/lib//libopencm3_stm32f4.a(usb_control.o)
 .text.usb_control_setup_read
                0x08003046       0x66 /home/evandro/Develop/libopencm3/lib//libopencm3_stm32f4.a(usb_control.o)
 .text.usbd_register_control_callback
                0x080030ac       0x2c /home/evandro/Develop/libopencm3/lib//libopencm3_stm32f4.a(usb_control.o)
                0x080030ac                usbd_register_control_callback
 .text._usbd_control_setup
                0x080030d8       0x60 /home/evandro/Develop/libopencm3/lib//libopencm3_stm32f4.a(usb_control.o)
                0x080030d8                _usbd_control_setup
 .text._usbd_control_out
                0x08003138       0x82 /home/evandro/Develop/libopencm3/lib//libopencm3_stm32f4.a(usb_control.o)
                0x08003138                _usbd_control_out
 .text._usbd_control_in
                0x080031ba       0x64 /home/evandro/Develop/libopencm3/lib//libopencm3_stm32f4.a(usb_control.o)
                0x080031ba                _usbd_control_in
 *fill*         0x0800321e        0x2 
 .text.stm32f107_usbd_init
                0x08003220       0xa0 /home/evandro/Develop/libopencm3/lib//libopencm3_stm32f4.a(usb_f107.o)
 .text.blocking_handler
                0x080032c0        0x2 /home/evandro/Develop/libopencm3/lib//libopencm3_stm32f4.a(vector.o)
                0x080032c0                dma2_stream1_isr
                0x080032c0                tim8_brk_tim12_isr
                0x080032c0                dma1_stream7_isr
                0x080032c0                usart3_isr
                0x080032c0                tim7_isr
                0x080032c0                dma2d_isr
                0x080032c0                uart8_isr
                0x080032c0                dma1_stream2_isr
                0x080032c0                otg_hs_isr
                0x080032c0                blocking_handler
                0x080032c0                tim5_isr
                0x080032c0                rtc_wkup_isr
                0x080032c0                spi1_isr
                0x080032c0                i2c3_er_isr
                0x080032c0                exti2_isr
                0x080032c0                spi5_isr
                0x080032c0                usb_fs_wkup_isr
                0x080032c0                tamp_stamp_isr
                0x080032c0                can1_rx1_isr
                0x080032c0                dma2_stream0_isr
                0x080032c0                i2c3_ev_isr
                0x080032c0                usage_fault_handler
                0x080032c0                can2_rx0_isr
                0x080032c0                dma1_stream6_isr
                0x080032c0                can2_rx1_isr
                0x080032c0                can1_sce_isr
                0x080032c0                tim1_cc_isr
                0x080032c0                can1_tx_isr
                0x080032c0                tim1_up_tim10_isr
                0x080032c0                sdio_isr
                0x080032c0                eth_isr
                0x080032c0                spi6_isr
                0x080032c0                dma2_stream5_isr
                0x080032c0                pvd_isr
                0x080032c0                can1_rx0_isr
                0x080032c0                rcc_isr
                0x080032c0                dma2_stream3_isr
                0x080032c0                flash_isr
                0x080032c0                uart4_isr
                0x080032c0                lcd_tft_isr
                0x080032c0                rtc_alarm_isr
                0x080032c0                exti15_10_isr
                0x080032c0                hash_rng_isr
                0x080032c0                tim1_trg_com_tim11_isr
                0x080032c0                hard_fault_handler
                0x080032c0                exti1_isr
                0x080032c0                i2c1_ev_isr
                0x080032c0                usart6_isr
                0x080032c0                spi2_isr
                0x080032c0                cryp_isr
                0x080032c0                nvic_wwdg_isr
                0x080032c0                dma1_stream1_isr
                0x080032c0                dma2_stream4_isr
                0x080032c0                exti3_isr
                0x080032c0                tim3_isr
                0x080032c0                usart2_isr
                0x080032c0                sai1_isr
                0x080032c0                fpu_isr
                0x080032c0                dma1_stream4_isr
                0x080032c0                i2c2_er_isr
                0x080032c0                i2c2_ev_isr
                0x080032c0                uart5_isr
                0x080032c0                dma2_stream6_isr
                0x080032c0                spi4_isr
                0x080032c0                adc_isr
                0x080032c0                tim8_up_tim13_isr
                0x080032c0                fsmc_isr
                0x080032c0                exti4_isr
                0x080032c0                tim6_dac_isr
                0x080032c0                dma1_stream3_isr
                0x080032c0                tim8_trg_com_tim14_isr
                0x080032c0                mem_manage_handler
                0x080032c0                lcd_tft_err_isr
                0x080032c0                can2_tx_isr
                0x080032c0                exti9_5_isr
                0x080032c0                tim1_brk_tim9_isr
                0x080032c0                uart7_isr
                0x080032c0                can2_sce_isr
                0x080032c0                tim4_isr
                0x080032c0                otg_hs_wkup_isr
                0x080032c0                i2c1_er_isr
                0x080032c0                dma1_stream0_isr
                0x080032c0                tim8_cc_isr
                0x080032c0                dcmi_isr
                0x080032c0                eth_wkup_isr
                0x080032c0                bus_fault_handler
                0x080032c0                otg_hs_ep1_out_isr
                0x080032c0                spi3_isr
                0x080032c0                dma1_stream5_isr
                0x080032c0                otg_hs_ep1_in_isr
                0x080032c0                exti0_isr
 .text.null_handler
                0x080032c2        0x2 /home/evandro/Develop/libopencm3/lib//libopencm3_stm32f4.a(vector.o)
                0x080032c2                null_handler
                0x080032c2                sv_call_handler
                0x080032c2                pend_sv_handler
                0x080032c2                debug_monitor_handler
                0x080032c2                nmi_handler
 .text.reset_handler
                0x080032c4       0xa0 /home/evandro/Develop/libopencm3/lib//libopencm3_stm32f4.a(vector.o)
                0x080032c4                reset_handler
 .text.systick_set_reload
                0x08003364        0xc /home/evandro/Develop/libopencm3/lib//libopencm3_stm32f4.a(systick.o)
                0x08003364                systick_set_reload
 .text.systick_interrupt_enable
                0x08003370        0xe /home/evandro/Develop/libopencm3/lib//libopencm3_stm32f4.a(systick.o)
                0x08003370                systick_interrupt_enable
 .text.systick_counter_enable
                0x0800337e        0xe /home/evandro/Develop/libopencm3/lib//libopencm3_stm32f4.a(systick.o)
                0x0800337e                systick_counter_enable
 .text.systick_counter_disable
                0x0800338c        0xe /home/evandro/Develop/libopencm3/lib//libopencm3_stm32f4.a(systick.o)
                0x0800338c                systick_counter_disable
 *fill*         0x0800339a        0x2 
 .text.nvic_enable_irq
                0x0800339c       0x18 /home/evandro/Develop/libopencm3/lib//libopencm3_stm32f4.a(nvic.o)
                0x0800339c                nvic_enable_irq
 .text.nvic_set_priority
                0x080033b4       0x20 /home/evandro/Develop/libopencm3/lib//libopencm3_stm32f4.a(nvic.o)
                0x080033b4                nvic_set_priority
 .text.flash_set_ws
                0x080033d4       0x18 /home/evandro/Develop/libopencm3/lib//libopencm3_stm32f4.a(flash_common_all.o)
                0x080033d4                flash_set_ws
 .text.flash_dcache_enable
                0x080033ec       0x14 /home/evandro/Develop/libopencm3/lib//libopencm3_stm32f4.a(flash_common_idcache.o)
                0x080033ec                flash_dcache_enable
 .text.flash_dcache_disable
                0x08003400       0x14 /home/evandro/Develop/libopencm3/lib//libopencm3_stm32f4.a(flash_common_idcache.o)
                0x08003400                flash_dcache_disable
 .text.flash_icache_enable
                0x08003414       0x14 /home/evandro/Develop/libopencm3/lib//libopencm3_stm32f4.a(flash_common_idcache.o)
                0x08003414                flash_icache_enable
 .text.flash_icache_disable
                0x08003428       0x14 /home/evandro/Develop/libopencm3/lib//libopencm3_stm32f4.a(flash_common_idcache.o)
                0x08003428                flash_icache_disable
 .text.pwr_set_vos_scale
                0x0800343c       0x18 /home/evandro/Develop/libopencm3/lib//libopencm3_stm32f4.a(pwr.o)
                0x0800343c                pwr_set_vos_scale
 .text.dwc_set_address
                0x08003454       0x18 /home/evandro/Develop/libopencm3/lib//libopencm3_stm32f4.a(usb_dwc_common.o)
                0x08003454                dwc_set_address
 .text.dwc_ep_setup
                0x0800346c      0x136 /home/evandro/Develop/libopencm3/lib//libopencm3_stm32f4.a(usb_dwc_common.o)
                0x0800346c                dwc_ep_setup
 .text.dwc_endpoints_reset
                0x080035a2       0x4c /home/evandro/Develop/libopencm3/lib//libopencm3_stm32f4.a(usb_dwc_common.o)
                0x080035a2                dwc_endpoints_reset
 .text.dwc_ep_stall_set
                0x080035ee       0x82 /home/evandro/Develop/libopencm3/lib//libopencm3_stm32f4.a(usb_dwc_common.o)
                0x080035ee                dwc_ep_stall_set
 .text.dwc_ep_stall_get
                0x08003670       0x24 /home/evandro/Develop/libopencm3/lib//libopencm3_stm32f4.a(usb_dwc_common.o)
                0x08003670                dwc_ep_stall_get
 .text.dwc_ep_nak_set
                0x08003694       0x28 /home/evandro/Develop/libopencm3/lib//libopencm3_stm32f4.a(usb_dwc_common.o)
                0x08003694                dwc_ep_nak_set
 .text.dwc_ep_write_packet
                0x080036bc       0x4a /home/evandro/Develop/libopencm3/lib//libopencm3_stm32f4.a(usb_dwc_common.o)
                0x080036bc                dwc_ep_write_packet
 .text.dwc_ep_read_packet
                0x08003706       0x70 /home/evandro/Develop/libopencm3/lib//libopencm3_stm32f4.a(usb_dwc_common.o)
                0x08003706                dwc_ep_read_packet
 .text.dwc_poll
                0x08003776      0x1ec /home/evandro/Develop/libopencm3/lib//libopencm3_stm32f4.a(usb_dwc_common.o)
                0x08003776                dwc_poll
 .text.dwc_disconnect
                0x08003962       0x1c /home/evandro/Develop/libopencm3/lib//libopencm3_stm32f4.a(usb_dwc_common.o)
                0x08003962                dwc_disconnect
 *fill*         0x0800397e        0x2 
 .text.memset   0x08003980       0x9c /opt/gcc-arm-none/bin/../lib/gcc/arm-none-eabi/14.2.1/../../../../arm-none-eabi/lib/thumb/v7e-m+fp/hard/libc.a(libc_a-memset.o)
                0x08003980                memset
 .text          0x08003a1c      0x134 /opt/gcc-arm-none/bin/../lib/gcc/arm-none-eabi/14.2.1/../../../../arm-none-eabi/lib/thumb/v7e-m+fp/hard/libc.a(libc_a-memcpy.o)
                0x08003a1c                memcpy
 *fill*         0x08003b50       0x30 
 .text          0x08003b80       0xd8 /opt/gcc-arm-none/bin/../lib/gcc/arm-none-eabi/14.2.1/../../../../arm-none-eabi/lib/thumb/v7e-m+fp/hard/libc.a(libc_a-strlen.o)
                0x08003b80                strlen
 .text.selfrel_offset31
                0x08003c58       0x14 /opt/gcc-arm-none/bin/../lib/gcc/arm-none-eabi/14.2.1/thumb/v7e-m+fp/hard/libgcc.a(unwind-arm.o)
 .text.search_EIT_table
                0x08003c6c       0x68 /opt/gcc-arm-none/bin/../lib/gcc/arm-none-eabi/14.2.1/thumb/v7e-m+fp/hard/libgcc.a(unwind-arm.o)
 .text.__gnu_unwind_get_pr_addr
                0x08003cd4       0x28 /opt/gcc-arm-none/bin/../lib/gcc/arm-none-eabi/14.2.1/thumb/v7e-m+fp/hard/libgcc.a(unwind-arm.o)
 .text.get_eit_entry
                0x08003cfc       0x98 /opt/gcc-arm-none/bin/../lib/gcc/arm-none-eabi/14.2.1/thumb/v7e-m+fp/hard/libgcc.a(unwind-arm.o)
 .text.restore_non_core_regs
                0x08003d94       0x58 /opt/gcc-arm-none/bin/../lib/gcc/arm-none-eabi/14.2.1/thumb/v7e-m+fp/hard/libgcc.a(unwind-arm.o)
 .text._Unwind_decode_typeinfo_ptr.constprop.0
                0x08003dec        0xc /opt/gcc-arm-none/bin/../lib/gcc/arm-none-eabi/14.2.1/thumb/v7e-m+fp/hard/libgcc.a(unwind-arm.o)
 .text._Unwind_DebugHook
                0x08003df8        0x4 /opt/gcc-arm-none/bin/../lib/gcc/arm-none-eabi/14.2.1/thumb/v7e-m+fp/hard/libgcc.a(unwind-arm.o)
 .text.unwind_phase2
                0x08003dfc       0x3c /opt/gcc-arm-none/bin/../lib/gcc/arm-none-eabi/14.2.1/thumb/v7e-m+fp/hard/libgcc.a(unwind-arm.o)
 .text.unwind_phase2_forced
                0x08003e38       0xdc /opt/gcc-arm-none/bin/../lib/gcc/arm-none-eabi/14.2.1/thumb/v7e-m+fp/hard/libgcc.a(unwind-arm.o)
 .text.__gnu_Unwind_RaiseException
                0x08003f14       0x6c /opt/gcc-arm-none/bin/../lib/gcc/arm-none-eabi/14.2.1/thumb/v7e-m+fp/hard/libgcc.a(unwind-arm.o)
                0x08003f14                __gnu_Unwind_RaiseException
 .text.__gnu_Unwind_ForcedUnwind
                0x08003f80       0x10 /opt/gcc-arm-none/bin/../lib/gcc/arm-none-eabi/14.2.1/thumb/v7e-m+fp/hard/libgcc.a(unwind-arm.o)
                0x08003f80                __gnu_Unwind_ForcedUnwind
 .text.__gnu_Unwind_Resume
                0x08003f90       0x44 /opt/gcc-arm-none/bin/../lib/gcc/arm-none-eabi/14.2.1/thumb/v7e-m+fp/hard/libgcc.a(unwind-arm.o)
                0x08003f90                __gnu_Unwind_Resume
 .text.__gnu_Unwind_Resume_or_Rethrow
                0x08003fd4       0x1c /opt/gcc-arm-none/bin/../lib/gcc/arm-none-eabi/14.2.1/thumb/v7e-m+fp/hard/libgcc.a(unwind-arm.o)
                0x08003fd4                __gnu_Unwind_Resume_or_Rethrow
 .text._Unwind_VRS_Get
                0x08003ff0       0x34 /opt/gcc-arm-none/bin/../lib/gcc/arm-none-eabi/14.2.1/thumb/v7e-m+fp/hard/libgcc.a(unwind-arm.o)
                0x08003ff0                _Unwind_VRS_Get
 .text._Unwind_GetGR
                0x08004024       0x1c /opt/gcc-arm-none/bin/../lib/gcc/arm-none-eabi/14.2.1/thumb/v7e-m+fp/hard/libgcc.a(unwind-arm.o)
 .text._Unwind_VRS_Set
                0x08004040       0x34 /opt/gcc-arm-none/bin/../lib/gcc/arm-none-eabi/14.2.1/thumb/v7e-m+fp/hard/libgcc.a(unwind-arm.o)
                0x08004040                _Unwind_VRS_Set
 .text._Unwind_SetGR
                0x08004074       0x18 /opt/gcc-arm-none/bin/../lib/gcc/arm-none-eabi/14.2.1/thumb/v7e-m+fp/hard/libgcc.a(unwind-arm.o)
 .text.__gnu_Unwind_Backtrace
                0x0800408c       0x90 /opt/gcc-arm-none/bin/../lib/gcc/arm-none-eabi/14.2.1/thumb/v7e-m+fp/hard/libgcc.a(unwind-arm.o)
                0x0800408c                __gnu_Unwind_Backtrace
 .text.__gnu_unwind_pr_common
                0x0800411c      0x2a8 /opt/gcc-arm-none/bin/../lib/gcc/arm-none-eabi/14.2.1/thumb/v7e-m+fp/hard/libgcc.a(unwind-arm.o)
 .text.__aeabi_unwind_cpp_pr0
                0x080043c4        0x8 /opt/gcc-arm-none/bin/../lib/gcc/arm-none-eabi/14.2.1/thumb/v7e-m+fp/hard/libgcc.a(unwind-arm.o)
                0x080043c4                __aeabi_unwind_cpp_pr0
 .text.__aeabi_unwind_cpp_pr1
                0x080043cc        0x8 /opt/gcc-arm-none/bin/../lib/gcc/arm-none-eabi/14.2.1/thumb/v7e-m+fp/hard/libgcc.a(unwind-arm.o)
                0x080043cc                __aeabi_unwind_cpp_pr1
 .text.__aeabi_unwind_cpp_pr2
                0x080043d4        0x8 /opt/gcc-arm-none/bin/../lib/gcc/arm-none-eabi/14.2.1/thumb/v7e-m+fp/hard/libgcc.a(unwind-arm.o)
                0x080043d4                __aeabi_unwind_cpp_pr2
 .text._Unwind_VRS_Pop
                0x080043dc      0x2ec /opt/gcc-arm-none/bin/../lib/gcc/arm-none-eabi/14.2.1/thumb/v7e-m+fp/hard/libgcc.a(unwind-arm.o)
                0x080043dc                _Unwind_VRS_Pop
 .text          0x080046c8      0x1ac /opt/gcc-arm-none/bin/../lib/gcc/arm-none-eabi/14.2.1/thumb/v7e-m+fp/hard/libgcc.a(libunwind.o)
                0x080046c8                __restore_core_regs
                0x080046c8                restore_core_regs
                0x080046e0                __gnu_Unwind_Restore_VFP
                0x080046e8                __gnu_Unwind_Save_VFP
                0x080046f0                __gnu_Unwind_Restore_VFP_D
                0x080046f8                __gnu_Unwind_Save_VFP_D
                0x08004700                __gnu_Unwind_Restore_VFP_D_16_to_31
                0x08004708                __gnu_Unwind_Save_VFP_D_16_to_31
                0x08004710                __gnu_Unwind_Restore_WMMXD
                0x08004754                __gnu_Unwind_Save_WMMXD
                0x08004798                __gnu_Unwind_Restore_WMMXC
                0x080047ac                __gnu_Unwind_Save_WMMXC
                0x080047c0                ___Unwind_RaiseException
                0x080047c0                _Unwind_RaiseException
                0x080047e4                ___Unwind_Resume
                0x080047e4                _Unwind_Resume
                0x08004808                _Unwind_Resume_or_Rethrow
                0x08004808                ___Unwind_Resume_or_Rethrow
                0x0800482c                ___Unwind_ForcedUnwind
                0x0800482c                _Unwind_ForcedUnwind
                0x08004850                _Unwind_Backtrace
                0x08004850                ___Unwind_Backtrace
 .text.next_unwind_byte
                0x08004874       0x38 /opt/gcc-arm-none/bin/../lib/gcc/arm-none-eabi/14.2.1/thumb/v7e-m+fp/hard/libgcc.a(pr-support.o)
 .text.__gnu_unwind_execute
                0x080048ac      0x300 /opt/gcc-arm-none/bin/../lib/gcc/arm-none-eabi/14.2.1/thumb/v7e-m+fp/hard/libgcc.a(pr-support.o)
                0x080048ac                __gnu_unwind_execute
 .text.abort    0x08004bac       0x10 /opt/gcc-arm-none/bin/../lib/gcc/arm-none-eabi/14.2.1/../../../../arm-none-eabi/lib/thumb/v7e-m+fp/hard/libc.a(libc_a-abort.o)
                0x08004bac                abort
 .text.raise    0x08004bbc       0x58 /opt/gcc-arm-none/bin/../lib/gcc/arm-none-eabi/14.2.1/../../../../arm-none-eabi/lib/thumb/v7e-m+fp/hard/libc.a(libc_a-signal.o)
                0x08004bbc                raise
 .text._kill_r  0x08004c14       0x2c /opt/gcc-arm-none/bin/../lib/gcc/arm-none-eabi/14.2.1/../../../../arm-none-eabi/lib/thumb/v7e-m+fp/hard/libc.a(libc_a-signalr.o)
                0x08004c14                _kill_r
 .text._getpid_r
                0x08004c40        0x4 /opt/gcc-arm-none/bin/../lib/gcc/arm-none-eabi/14.2.1/../../../../arm-none-eabi/lib/thumb/v7e-m+fp/hard/libc.a(libc_a-signalr.o)
                0x08004c40                _getpid_r
 .text._exit    0x08004c44        0x4 /opt/gcc-arm-none/bin/../lib/gcc/arm-none-eabi/14.2.1/../../../../arm-none-eabi/lib/thumb/v7e-m+fp/hard/libnosys.a(_exit.o)
                0x08004c44                _exit
                0x08004c48                        . = ALIGN (0x4)
 *(.rodata*)
 .rodata.portXread.str1.1
                0x08004c48      0xe45 t_msxmap.o
                                  0xa (size before relaxing)
 .rodata._ZL20TIME_TO_READ_X_TABLE
                0x08005a8d        0xe sys_timer.o
 *fill*         0x08005a9b        0x1 
 .rodata._ZL21SPEED_SYSTICK_DIVISOR
                0x08005a9c       0x24 sys_timer.o
 .rodata._ZL20SPEED_SYSTICK_RELOAD
                0x08005ac0       0x48 sys_timer.o
 .rodata._ZL6y_bits
                0x08005b08       0x40 sys_timer.o
 .rodata.config
                0x08005b48        0xd cdcacm.o
 *fill*         0x08005b55        0x3 
 .rodata.interfaces
                0x08005b58       0x40 cdcacm.o
 .rodata.uart_iface_assoc
                0x08005b98        0x8 cdcacm.o
 .rodata.uart_data_iface
                0x08005ba0       0x15 cdcacm.o
 .rodata.uart_comm_iface
                0x08005bb5       0x15 cdcacm.o
 .rodata.uart_cdcacm_functional_descriptors
                0x08005bca       0x13 cdcacm.o
 .rodata.uart_data_endp
                0x08005bdd       0x1e cdcacm.o
 .rodata.uart_comm_endp
                0x08005bfb        0xf cdcacm.o
 .rodata.con_iface_assoc
                0x08005c0a        0x8 cdcacm.o
 .rodata.con_data_iface
                0x08005c12       0x15 cdcacm.o
 .rodata.con_comm_iface
                0x08005c27       0x15 cdcacm.o
 .rodata.con_cdcacm_functional_descriptors
                0x08005c3c       0x13 cdcacm.o
 .rodata.con_data_endp
                0x08005c4f       0x1e cdcacm.o
 .rodata.con_comm_endp
                0x08005c6d        0xf cdcacm.o
 .rodata.dev_desc
                0x08005c7c       0x12 cdcacm.o
 .rodata.str1.1
                0x08005c8e      0x1a2 cdcacm.o
 .rodata.line_coding
                0x08005c8e        0x7 cdcacm.o
 .rodata.console_get_line.str1.1
                0x08005c95        0x4 serial.o
 *fill*         0x08005c95        0x3 
 .rodata        0x08005c98       0x28 serial.o
 .rodata.main.str1.1
                0x08005cc0      0xcde tester-ps2-msx.o
 .rodata._ZL14TIME_TO_READ_X
                0x08005cc0       0x46 tester-ps2-msx.o
 .rodata._ZL20MAX_INACT_READ_CYLES
                0x08005d06       0x12 tester-ps2-msx.o
 .rodata._ZL11SPEED_SELEC
                0x08005d18       0x90 tester-ps2-msx.o
 .rodata.rcc_hse_25mhz_3v3
                0x08005da8       0x70 /home/evandro/Develop/libopencm3/lib//libopencm3_stm32f4.a(rcc.o)
                0x08005da8                rcc_hse_25mhz_3v3
 .rodata.stm32f107_usb_driver
                0x08005e18       0x34 /home/evandro/Develop/libopencm3/lib//libopencm3_stm32f4.a(usb_f107.o)
                0x08005e18                stm32f107_usb_driver
                0x080069a0                        . = ALIGN (0x4)

.glue_7         0x08005e4c        0x0
 .glue_7        0x08005e4c        0x0 linker stubs

.glue_7t        0x08005e4c        0x0
 .glue_7t       0x08005e4c        0x0 linker stubs

.vfp11_veneer   0x08005e4c        0x0
 .vfp11_veneer  0x08005e4c        0x0 linker stubs

.v4_bx          0x08005e4c        0x0
 .v4_bx         0x08005e4c        0x0 linker stubs

.iplt           0x08005e4c        0x0
 .iplt          0x08005e4c        0x0 t_msxmap.o

.preinit_array  0x08005e4c        0x0
                0x08005e4c                        . = ALIGN (0x4)
                0x08005e4c                        __preinit_array_start = .
 *(.preinit_array)
                0x08005e4c                        __preinit_array_end = .

.init_array     0x08005e4c        0x0
                0x08005e4c                        . = ALIGN (0x4)
                0x08005e4c                        __init_array_start = .
 *(SORT_BY_NAME(.init_array.*))
 *(.init_array)
                0x08005e4c                        __init_array_end = .

.fini_array     0x08005e4c        0x0
                0x08005e4c                        . = ALIGN (0x4)
                0x08005e4c                        __fini_array_start = .
 *(.fini_array)
 *(SORT_BY_NAME(.fini_array.*))
                0x08005e4c                        __fini_array_end = .

.ARM.extab      0x08005e4c       0x24
 *(.ARM.extab*)
 .ARM.extab.text._ZN6msxmap19msx_interface_setupEv
                0x08005e4c        0xc t_msxmap.o
 .ARM.extab.text.systick_setup
                0x08005e58        0xc sys_timer.o
 .ARM.extab.text.__gnu_Unwind_Resume_or_Rethrow
                0x08005e64        0xc /opt/gcc-arm-none/bin/../lib/gcc/arm-none-eabi/14.2.1/thumb/v7e-m+fp/hard/libgcc.a(unwind-arm.o)

.ARM.exidx      0x08005e70       0xd8
                0x08005e70                        __exidx_start = .
 *(.ARM.exidx*)
 .ARM.exidx.text._ZN6msxmap19msx_interface_setupEv
                0x08005e70        0x8 t_msxmap.o
 .ARM.exidx.text._ZN6msxmap19general_debug_setupEv
                0x08005e78        0x8 t_msxmap.o
 .ARM.exidx.text.portXread
                0x08005e80        0x8 t_msxmap.o
 .ARM.exidx.text.systick_setup
                0x08005e88        0x8 sys_timer.o
 .ARM.exidx.text.systick_update
                0x08005e90        0x8 sys_timer.o
 .ARM.exidx.text.write_to_Y_port
                0x08005e98        0x8 sys_timer.o
 .ARM.exidx.text.sys_tick_handler
                0x08005ea0       0x10 sys_timer.o
                                  0x8 (size before relaxing)
 .ARM.exidx.text.startup.main
                0x08005eb0       0x10 tester-ps2-msx.o
                                  0x8 (size before relaxing)
 .ARM.exidx     0x08005ec0        0x0 /opt/gcc-arm-none/bin/../lib/gcc/arm-none-eabi/14.2.1/../../../../arm-none-eabi/lib/thumb/v7e-m+fp/hard/libc.a(libc_a-memcpy.o)
                                  0x8 (size before relaxing)
 .ARM.exidx     0x08005ec0        0x0 /opt/gcc-arm-none/bin/../lib/gcc/arm-none-eabi/14.2.1/../../../../arm-none-eabi/lib/thumb/v7e-m+fp/hard/libc.a(libc_a-strlen.o)
                                  0x8 (size before relaxing)
 .ARM.exidx.text.selfrel_offset31
                0x08005ec0        0x0 /opt/gcc-arm-none/bin/../lib/gcc/arm-none-eabi/14.2.1/thumb/v7e-m+fp/hard/libgcc.a(unwind-arm.o)
                                  0x8 (size before relaxing)
 .ARM.exidx.text.search_EIT_table
                0x08005ec0        0x0 /opt/gcc-arm-none/bin/../lib/gcc/arm-none-eabi/14.2.1/thumb/v7e-m+fp/hard/libgcc.a(unwind-arm.o)
                                  0x8 (size before relaxing)
 .ARM.exidx.text.__gnu_unwind_get_pr_addr
                0x08005ec0        0x0 /opt/gcc-arm-none/bin/../lib/gcc/arm-none-eabi/14.2.1/thumb/v7e-m+fp/hard/libgcc.a(unwind-arm.o)
                                  0x8 (size before relaxing)
 .ARM.exidx.text.get_eit_entry
                0x08005ec0        0x8 /opt/gcc-arm-none/bin/../lib/gcc/arm-none-eabi/14.2.1/thumb/v7e-m+fp/hard/libgcc.a(unwind-arm.o)
 .ARM.exidx.text.restore_non_core_regs
                0x08005ec8        0x8 /opt/gcc-arm-none/bin/../lib/gcc/arm-none-eabi/14.2.1/thumb/v7e-m+fp/hard/libgcc.a(unwind-arm.o)
 .ARM.exidx.text._Unwind_decode_typeinfo_ptr.constprop.0
                0x08005ed0        0x8 /opt/gcc-arm-none/bin/../lib/gcc/arm-none-eabi/14.2.1/thumb/v7e-m+fp/hard/libgcc.a(unwind-arm.o)
 .ARM.exidx.text._Unwind_DebugHook
                0x08005ed8        0x0 /opt/gcc-arm-none/bin/../lib/gcc/arm-none-eabi/14.2.1/thumb/v7e-m+fp/hard/libgcc.a(unwind-arm.o)
                                  0x8 (size before relaxing)
 .ARM.exidx.text.unwind_phase2
                0x08005ed8        0x8 /opt/gcc-arm-none/bin/../lib/gcc/arm-none-eabi/14.2.1/thumb/v7e-m+fp/hard/libgcc.a(unwind-arm.o)
 .ARM.exidx.text.unwind_phase2_forced
                0x08005ee0        0x8 /opt/gcc-arm-none/bin/../lib/gcc/arm-none-eabi/14.2.1/thumb/v7e-m+fp/hard/libgcc.a(unwind-arm.o)
 .ARM.exidx.text.__gnu_Unwind_RaiseException
                0x08005ee8        0x8 /opt/gcc-arm-none/bin/../lib/gcc/arm-none-eabi/14.2.1/thumb/v7e-m+fp/hard/libgcc.a(unwind-arm.o)
 .ARM.exidx.text.__gnu_Unwind_ForcedUnwind
                0x08005ef0        0x8 /opt/gcc-arm-none/bin/../lib/gcc/arm-none-eabi/14.2.1/thumb/v7e-m+fp/hard/libgcc.a(unwind-arm.o)
 .ARM.exidx.text.__gnu_Unwind_Resume
                0x08005ef8        0x8 /opt/gcc-arm-none/bin/../lib/gcc/arm-none-eabi/14.2.1/thumb/v7e-m+fp/hard/libgcc.a(unwind-arm.o)
 .ARM.exidx.text.__gnu_Unwind_Resume_or_Rethrow
                0x08005f00        0x8 /opt/gcc-arm-none/bin/../lib/gcc/arm-none-eabi/14.2.1/thumb/v7e-m+fp/hard/libgcc.a(unwind-arm.o)
 .ARM.exidx.text._Unwind_VRS_Get
                0x08005f08        0x8 /opt/gcc-arm-none/bin/../lib/gcc/arm-none-eabi/14.2.1/thumb/v7e-m+fp/hard/libgcc.a(unwind-arm.o)
 .ARM.exidx.text._Unwind_GetGR
                0x08005f10        0x0 /opt/gcc-arm-none/bin/../lib/gcc/arm-none-eabi/14.2.1/thumb/v7e-m+fp/hard/libgcc.a(unwind-arm.o)
                                  0x8 (size before relaxing)
 .ARM.exidx.text._Unwind_VRS_Set
                0x08005f10        0x0 /opt/gcc-arm-none/bin/../lib/gcc/arm-none-eabi/14.2.1/thumb/v7e-m+fp/hard/libgcc.a(unwind-arm.o)
                                  0x8 (size before relaxing)
 .ARM.exidx.text._Unwind_SetGR
                0x08005f10        0x0 /opt/gcc-arm-none/bin/../lib/gcc/arm-none-eabi/14.2.1/thumb/v7e-m+fp/hard/libgcc.a(unwind-arm.o)
                                  0x8 (size before relaxing)
 .ARM.exidx.text.__gnu_Unwind_Backtrace
                0x08005f10        0x8 /opt/gcc-arm-none/bin/../lib/gcc/arm-none-eabi/14.2.1/thumb/v7e-m+fp/hard/libgcc.a(unwind-arm.o)
 .ARM.exidx.text.__gnu_unwind_pr_common
                0x08005f18        0x8 /opt/gcc-arm-none/bin/../lib/gcc/arm-none-eabi/14.2.1/thumb/v7e-m+fp/hard/libgcc.a(unwind-arm.o)
 .ARM.exidx.text.__aeabi_unwind_cpp_pr0
                0x08005f20        0x8 /opt/gcc-arm-none/bin/../lib/gcc/arm-none-eabi/14.2.1/thumb/v7e-m+fp/hard/libgcc.a(unwind-arm.o)
 .ARM.exidx.text.__aeabi_unwind_cpp_pr1
                0x08005f28        0x0 /opt/gcc-arm-none/bin/../lib/gcc/arm-none-eabi/14.2.1/thumb/v7e-m+fp/hard/libgcc.a(unwind-arm.o)
                                  0x8 (size before relaxing)
 .ARM.exidx.text.__aeabi_unwind_cpp_pr2
                0x08005f28        0x0 /opt/gcc-arm-none/bin/../lib/gcc/arm-none-eabi/14.2.1/thumb/v7e-m+fp/hard/libgcc.a(unwind-arm.o)
                                  0x8 (size before relaxing)
 .ARM.exidx.text._Unwind_VRS_Pop
                0x08005f28       0x10 /opt/gcc-arm-none/bin/../lib/gcc/arm-none-eabi/14.2.1/thumb/v7e-m+fp/hard/libgcc.a(unwind-arm.o)
                                  0x8 (size before relaxing)
 .ARM.exidx.text.next_unwind_byte
                0x08005f38        0x0 /opt/gcc-arm-none/bin/../lib/gcc/arm-none-eabi/14.2.1/thumb/v7e-m+fp/hard/libgcc.a(pr-support.o)
                                  0x8 (size before relaxing)
 .ARM.exidx.text.__gnu_unwind_execute
                0x08005f38       0x10 /opt/gcc-arm-none/bin/../lib/gcc/arm-none-eabi/14.2.1/thumb/v7e-m+fp/hard/libgcc.a(pr-support.o)
                                  0x8 (size before relaxing)
                0x08005f48                        __exidx_end = .

.rel.dyn        0x08005f48        0x0
 .rel.iplt      0x08005f48        0x0 t_msxmap.o
                0x08005f48                        . = ALIGN (0x4)
                0x08005f48                        _etext = .

.noinit
 *(.noinit*)
                0x08005f48                        . = ALIGN (0x4)

.data           0x20000000      0x188 load address 0x08005f48
                0x20000000                        _data = .
 *(.data*)
 .data.msx_X_prev
                0x20000000       0x10 t_msxmap.o
                0x20000000                msx_X_prev
 .data.usb_strings
                0x20000010       0x24 cdcacm.o
 .data.xon_condition
                0x20000034        0x1 serial.o
                0x20000034                xon_condition
 .data.enable_xon_xoff
                0x20000035        0x1 serial.o
                0x20000035                enable_xon_xoff
 *fill*         0x20000036        0x2 
 .data.rcc_apb2_frequency
                0x20000038        0x4 /home/evandro/Develop/libopencm3/lib//libopencm3_stm32f4.a(rcc.o)
                0x20000038                rcc_apb2_frequency
 .data.rcc_apb1_frequency
                0x2000003c        0x4 /home/evandro/Develop/libopencm3/lib//libopencm3_stm32f4.a(rcc.o)
                0x2000003c                rcc_apb1_frequency
 .data.rcc_ahb_frequency
                0x20000040        0x4 /home/evandro/Develop/libopencm3/lib//libopencm3_stm32f4.a(rcc.o)
                0x20000040                rcc_ahb_frequency
 .data._impure_ptr
                0x20000044        0x4 /opt/gcc-arm-none/bin/../lib/gcc/arm-none-eabi/14.2.1/../../../../arm-none-eabi/lib/thumb/v7e-m+fp/hard/libc.a(libc_a-impure.o)
                0x20000044                _impure_ptr
 .data._impure_data
                0x20000048      0x140 /opt/gcc-arm-none/bin/../lib/gcc/arm-none-eabi/14.2.1/../../../../arm-none-eabi/lib/thumb/v7e-m+fp/hard/libc.a(libc_a-impure.o)
                0x20000048                _impure_data
 *(.ramtext*)
                0x20000188                        . = ALIGN (0x4)
                0x20000188                        _edata = .
                0x08005f48                        _data_loadaddr = LOADADDR (.data)

.igot.plt       0x20000188        0x0 load address 0x080060d0
 .igot.plt      0x20000188        0x0 t_msxmap.o

.bss            0x20000188     0x2184 load address 0x080060d0
 *(.bss*)
 .bss.pascal_string
                0x20000188        0x8 t_msxmap.o
                0x20000188                pascal_string
 .bss.mountISRstr
                0x20000190       0x80 t_msxmap.o
                0x20000190                mountISRstr
 .bss.msx_X     0x20000210        0x1 t_msxmap.o
                0x20000210                msx_X
 .bss.inactivity_cycles
                0x20000211       0x12 sys_timer.o
                0x20000211                inactivity_cycles
 .bss.kana_line
                0x20000223        0x1 sys_timer.o
                0x20000223                kana_line
 .bss.caps_line
                0x20000224        0x1 sys_timer.o
                0x20000224                caps_line
 .bss.y_scan    0x20000225        0x1 sys_timer.o
                0x20000225                y_scan
 .bss.scancount_end
                0x20000226        0x1 sys_timer.o
                0x20000226                scancount_end
 .bss.scancount_init
                0x20000227        0x1 sys_timer.o
                0x20000227                scancount_init
 .bss.single_step
                0x20000228        0x1 sys_timer.o
                0x20000228                single_step
 .bss.single_sweep
                0x20000229        0x1 sys_timer.o
                0x20000229                single_sweep
 .bss.wait_flag
                0x2000022a        0x1 sys_timer.o
                0x2000022a                wait_flag
 .bss.ticks_keys
                0x2000022b        0x1 sys_timer.o
                0x2000022b                ticks_keys
 .bss.tickscaps
                0x2000022c        0x4 sys_timer.o
                0x2000022c                tickscaps
 .bss.systicks  0x20000230        0x4 sys_timer.o
                0x20000230                systicks
 .bss.serial_no
                0x20000234        0xd serial_no.o
                0x20000234                serial_no
 .bss.usbd_control_buffer
                0x20000241      0x100 cdcacm.o
                0x20000241                usbd_control_buffer
 .bss.nak_cleared
                0x20000341        0x8 cdcacm.o
                0x20000341                nak_cleared
 *fill*         0x20000349        0x3 
 .bss.usb_configured
                0x2000034c        0x4 cdcacm.o
                0x2000034c                usb_configured
 .bss.usb_dev   0x20000350        0x4 cdcacm.o
                0x20000350                usb_dev
 .bss.ok_to_rx  0x20000354        0x1 serial.o
                0x20000354                ok_to_rx
 .bss.con_rx_ring_buffer
                0x20000355     0x1000 serial.o
                0x20000355                con_rx_ring_buffer
 .bss.con_tx_ring_buffer
                0x20001355      0x800 serial.o
                0x20001355                con_tx_ring_buffer
 *fill*         0x20001b55        0x3 
 .bss.con_rx_ring
                0x20001b58        0xc serial.o
                0x20001b58                con_rx_ring
 .bss.con_tx_ring
                0x20001b64        0xc serial.o
                0x20001b64                con_tx_ring
 .bss.last_dma_tx_set_number_of_data
                0x20001b70        0x2 serial.o
                0x20001b70                last_dma_tx_set_number_of_data
 .bss.buf_dma_rx
                0x20001b72      0x100 serial.o
                0x20001b72                buf_dma_rx
 *fill*         0x20001c72        0x2 
 .bss.dma_rx_ring
                0x20001c74        0xc serial.o
                0x20001c74                dma_rx_ring
 .bss.uart_rx_ring_buffer
                0x20001c80      0x200 serial.o
                0x20001c80                uart_rx_ring_buffer
 .bss.uart_tx_ring_buffer
                0x20001e80      0x200 serial.o
                0x20001e80                uart_tx_ring_buffer
 .bss.uart_rx_ring
                0x20002080        0xc serial.o
                0x20002080                uart_rx_ring
 .bss.uart_tx_ring
                0x2000208c        0xc serial.o
                0x2000208c                uart_tx_ring
 .bss.xonoff_sendnow
                0x20002098        0x1 serial.o
                0x20002098                xonoff_sendnow
 .bss.xoff_condition
                0x20002099        0x1 serial.o
                0x20002099                xoff_condition
 *fill*         0x2000209a        0x2 
 .bss.next_routine
                0x2000209c        0x4 hr_timer.o
                0x2000209c                next_routine
 .bss.init_inactivity_cycles
                0x200020a0       0x24 tester-ps2-msx.o
                0x200020a0                init_inactivity_cycles
 .bss.delay_to_read_x_scan
                0x200020c4        0x4 tester-ps2-msx.o
                0x200020c4                delay_to_read_x_scan
 .bss.scan_pointer
                0x200020c8        0x4 tester-ps2-msx.o
                0x200020c8                scan_pointer
 .bss.usbd_dev  0x200020cc      0x104 /home/evandro/Develop/libopencm3/lib//libopencm3_stm32f4.a(usb_f107.o)
 .bss.__sf      0x200021d0      0x138 /opt/gcc-arm-none/bin/../lib/gcc/arm-none-eabi/14.2.1/../../../../arm-none-eabi/lib/thumb/v7e-m+fp/hard/libc.a(libc_a-findfp.o)
                0x200021d0                __sf
 .bss.errno     0x20002308        0x4 /opt/gcc-arm-none/bin/../lib/gcc/arm-none-eabi/14.2.1/../../../../arm-none-eabi/lib/thumb/v7e-m+fp/hard/libc.a(libc_a-reent.o)
                0x20002308                errno
 *(COMMON)
                0x2000230c                        . = ALIGN (0x4)
                0x2000230c                        _ebss = .

/DISCARD/
 *(.eh_frame)
                0x2000230c                        . = ALIGN (0x4)
                0x2000230c                        end = .
                0x20010000                        PROVIDE (_stack = (ORIGIN (ram) + LENGTH (ram)))
OUTPUT(tester-ps2-msxF4.elf elf32-littlearm)
LOAD linker stubs

.debug_info     0x00000000    0x1268d
 .debug_info    0x00000000     0x109f t_msxmap.o
 .debug_info    0x0000109f      0xc0b sys_timer.o
 .debug_info    0x00001caa      0x1bb serial_no.o
 .debug_info    0x00001e65     0x1c92 cdcacm.o
 .debug_info    0x00003af7     0x21ba serial.o
 .debug_info    0x00005cb1      0xaca hr_timer.o
 .debug_info    0x0000677b       0x5b newlib_warning_fix.o
 .debug_info    0x000067d6     0x2037 tester-ps2-msx.o
 .debug_info    0x0000880d      0xcd7 /home/evandro/Develop/libopencm3/lib//libopencm3_stm32f4.a(dma_common_f24.o)
 .debug_info    0x000094e4      0x256 /home/evandro/Develop/libopencm3/lib//libopencm3_stm32f4.a(gpio_common_all.o)
 .debug_info    0x0000973a      0x21b /home/evandro/Develop/libopencm3/lib//libopencm3_stm32f4.a(gpio_common_f0234.o)
 .debug_info    0x00009955      0x932 /home/evandro/Develop/libopencm3/lib//libopencm3_stm32f4.a(rcc_common_all.o)
 .debug_info    0x0000a287      0xf9b /home/evandro/Develop/libopencm3/lib//libopencm3_stm32f4.a(rcc.o)
 .debug_info    0x0000b222     0x1004 /home/evandro/Develop/libopencm3/lib//libopencm3_stm32f4.a(timer_common_all.o)
 .debug_info    0x0000c226      0x57e /home/evandro/Develop/libopencm3/lib//libopencm3_stm32f4.a(usart_common_all.o)
 .debug_info    0x0000c7a4      0xf51 /home/evandro/Develop/libopencm3/lib//libopencm3_stm32f4.a(usb.o)
 .debug_info    0x0000d6f5     0x162d /home/evandro/Develop/libopencm3/lib//libopencm3_stm32f4.a(usb_standard.o)
 .debug_info    0x0000ed22     0x1064 /home/evandro/Develop/libopencm3/lib//libopencm3_stm32f4.a(usb_control.o)
 .debug_info    0x0000fd86      0xfb4 /home/evandro/Develop/libopencm3/lib//libopencm3_stm32f4.a(usb_f107.o)
 .debug_info    0x00010d3a      0x2d9 /home/evandro/Develop/libopencm3/lib//libopencm3_stm32f4.a(vector.o)
 .debug_info    0x00011013      0x271 /home/evandro/Develop/libopencm3/lib//libopencm3_stm32f4.a(systick.o)
 .debug_info    0x00011284      0x239 /home/evandro/Develop/libopencm3/lib//libopencm3_stm32f4.a(nvic.o)
 .debug_info    0x000114bd       0xf1 /home/evandro/Develop/libopencm3/lib//libopencm3_stm32f4.a(flash_common_all.o)
 .debug_info    0x000115ae       0xe9 /home/evandro/Develop/libopencm3/lib//libopencm3_stm32f4.a(flash_common_idcache.o)
 .debug_info    0x00011697       0xe9 /home/evandro/Develop/libopencm3/lib//libopencm3_stm32f4.a(pwr.o)
 .debug_info    0x00011780      0xf0d /home/evandro/Develop/libopencm3/lib//libopencm3_stm32f4.a(usb_dwc_common.o)

.debug_abbrev   0x00000000     0x354a
 .debug_abbrev  0x00000000      0x310 t_msxmap.o
 .debug_abbrev  0x00000310      0x277 sys_timer.o
 .debug_abbrev  0x00000587      0x117 serial_no.o
 .debug_abbrev  0x0000069e      0x3c8 cdcacm.o
 .debug_abbrev  0x00000a66      0x483 serial.o
 .debug_abbrev  0x00000ee9      0x1d7 hr_timer.o
 .debug_abbrev  0x000010c0       0x4b newlib_warning_fix.o
 .debug_abbrev  0x0000110b      0x36a tester-ps2-msx.o
 .debug_abbrev  0x00001475      0x1a3 /home/evandro/Develop/libopencm3/lib//libopencm3_stm32f4.a(dma_common_f24.o)
 .debug_abbrev  0x00001618      0x115 /home/evandro/Develop/libopencm3/lib//libopencm3_stm32f4.a(gpio_common_all.o)
 .debug_abbrev  0x0000172d       0xc2 /home/evandro/Develop/libopencm3/lib//libopencm3_stm32f4.a(gpio_common_f0234.o)
 .debug_abbrev  0x000017ef      0x185 /home/evandro/Develop/libopencm3/lib//libopencm3_stm32f4.a(rcc_common_all.o)
 .debug_abbrev  0x00001974      0x2da /home/evandro/Develop/libopencm3/lib//libopencm3_stm32f4.a(rcc.o)
 .debug_abbrev  0x00001c4e      0x1ac /home/evandro/Develop/libopencm3/lib//libopencm3_stm32f4.a(timer_common_all.o)
 .debug_abbrev  0x00001dfa      0x16f /home/evandro/Develop/libopencm3/lib//libopencm3_stm32f4.a(usart_common_all.o)
 .debug_abbrev  0x00001f69      0x291 /home/evandro/Develop/libopencm3/lib//libopencm3_stm32f4.a(usb.o)
 .debug_abbrev  0x000021fa      0x4d6 /home/evandro/Develop/libopencm3/lib//libopencm3_stm32f4.a(usb_standard.o)
 .debug_abbrev  0x000026d0      0x3ba /home/evandro/Develop/libopencm3/lib//libopencm3_stm32f4.a(usb_control.o)
 .debug_abbrev  0x00002a8a      0x22b /home/evandro/Develop/libopencm3/lib//libopencm3_stm32f4.a(usb_f107.o)
 .debug_abbrev  0x00002cb5      0x15f /home/evandro/Develop/libopencm3/lib//libopencm3_stm32f4.a(vector.o)
 .debug_abbrev  0x00002e14      0x14e /home/evandro/Develop/libopencm3/lib//libopencm3_stm32f4.a(systick.o)
 .debug_abbrev  0x00002f62       0xb6 /home/evandro/Develop/libopencm3/lib//libopencm3_stm32f4.a(nvic.o)
 .debug_abbrev  0x00003018       0x96 /home/evandro/Develop/libopencm3/lib//libopencm3_stm32f4.a(flash_common_all.o)
 .debug_abbrev  0x000030ae       0x56 /home/evandro/Develop/libopencm3/lib//libopencm3_stm32f4.a(flash_common_idcache.o)
 .debug_abbrev  0x00003104       0x9a /home/evandro/Develop/libopencm3/lib//libopencm3_stm32f4.a(pwr.o)
 .debug_abbrev  0x0000319e      0x3ac /home/evandro/Develop/libopencm3/lib//libopencm3_stm32f4.a(usb_dwc_common.o)

.debug_loclists
                0x00000000     0x4153
 .debug_loclists
                0x00000000       0x53 t_msxmap.o
 .debug_loclists
                0x00000053       0x30 sys_timer.o
 .debug_loclists
                0x00000083       0x40 serial_no.o
 .debug_loclists
                0x000000c3      0x758 cdcacm.o
 .debug_loclists
                0x0000081b      0xa30 serial.o
 .debug_loclists
                0x0000124b       0x80 hr_timer.o
 .debug_loclists
                0x000012cb      0x201 tester-ps2-msx.o
 .debug_loclists
                0x000014cc      0x77e /home/evandro/Develop/libopencm3/lib//libopencm3_stm32f4.a(dma_common_f24.o)
 .debug_loclists
                0x00001c4a       0x7e /home/evandro/Develop/libopencm3/lib//libopencm3_stm32f4.a(gpio_common_all.o)
 .debug_loclists
                0x00001cc8       0xcf /home/evandro/Develop/libopencm3/lib//libopencm3_stm32f4.a(gpio_common_f0234.o)
 .debug_loclists
                0x00001d97       0x68 /home/evandro/Develop/libopencm3/lib//libopencm3_stm32f4.a(rcc_common_all.o)
 .debug_loclists
                0x00001dff      0x466 /home/evandro/Develop/libopencm3/lib//libopencm3_stm32f4.a(rcc.o)
 .debug_loclists
                0x00002265      0x1a2 /home/evandro/Develop/libopencm3/lib//libopencm3_stm32f4.a(timer_common_all.o)
 .debug_loclists
                0x00002407       0xf0 /home/evandro/Develop/libopencm3/lib//libopencm3_stm32f4.a(usart_common_all.o)
 .debug_loclists
                0x000024f7      0x342 /home/evandro/Develop/libopencm3/lib//libopencm3_stm32f4.a(usb.o)
 .debug_loclists
                0x00002839      0xbc5 /home/evandro/Develop/libopencm3/lib//libopencm3_stm32f4.a(usb_standard.o)
 .debug_loclists
                0x000033fe      0x50b /home/evandro/Develop/libopencm3/lib//libopencm3_stm32f4.a(usb_control.o)
 .debug_loclists
                0x00003909       0xb6 /home/evandro/Develop/libopencm3/lib//libopencm3_stm32f4.a(vector.o)
 .debug_loclists
                0x000039bf      0x12c /home/evandro/Develop/libopencm3/lib//libopencm3_stm32f4.a(systick.o)
 .debug_loclists
                0x00003aeb       0xdb /home/evandro/Develop/libopencm3/lib//libopencm3_stm32f4.a(nvic.o)
 .debug_loclists
                0x00003bc6       0x17 /home/evandro/Develop/libopencm3/lib//libopencm3_stm32f4.a(flash_common_all.o)
 .debug_loclists
                0x00003bdd       0x37 /home/evandro/Develop/libopencm3/lib//libopencm3_stm32f4.a(pwr.o)
 .debug_loclists
                0x00003c14      0x53f /home/evandro/Develop/libopencm3/lib//libopencm3_stm32f4.a(usb_dwc_common.o)

.debug_aranges  0x00000000      0xd20
 .debug_aranges
                0x00000000       0x30 t_msxmap.o
 .debug_aranges
                0x00000030       0x38 sys_timer.o
 .debug_aranges
                0x00000068       0x20 serial_no.o
 .debug_aranges
                0x00000088       0x80 cdcacm.o
 .debug_aranges
                0x00000108       0xe8 serial.o
 .debug_aranges
                0x000001f0       0x40 hr_timer.o
 .debug_aranges
                0x00000230       0x40 newlib_warning_fix.o
 .debug_aranges
                0x00000270       0x20 tester-ps2-msx.o
 .debug_aranges
                0x00000290      0x170 /home/evandro/Develop/libopencm3/lib//libopencm3_stm32f4.a(dma_common_f24.o)
 .debug_aranges
                0x00000400       0x50 /home/evandro/Develop/libopencm3/lib//libopencm3_stm32f4.a(gpio_common_all.o)
 .debug_aranges
                0x00000450       0x30 /home/evandro/Develop/libopencm3/lib//libopencm3_stm32f4.a(gpio_common_f0234.o)
 .debug_aranges
                0x00000480       0x80 /home/evandro/Develop/libopencm3/lib//libopencm3_stm32f4.a(rcc_common_all.o)
 .debug_aranges
                0x00000500      0x110 /home/evandro/Develop/libopencm3/lib//libopencm3_stm32f4.a(rcc.o)
 .debug_aranges
                0x00000610      0x278 /home/evandro/Develop/libopencm3/lib//libopencm3_stm32f4.a(timer_common_all.o)
 .debug_aranges
                0x00000888       0xd8 /home/evandro/Develop/libopencm3/lib//libopencm3_stm32f4.a(usart_common_all.o)
 .debug_aranges
                0x00000960       0x90 /home/evandro/Develop/libopencm3/lib//libopencm3_stm32f4.a(usb.o)
 .debug_aranges
                0x000009f0       0xa0 /home/evandro/Develop/libopencm3/lib//libopencm3_stm32f4.a(usb_standard.o)
 .debug_aranges
                0x00000a90       0x60 /home/evandro/Develop/libopencm3/lib//libopencm3_stm32f4.a(usb_control.o)
 .debug_aranges
                0x00000af0       0x20 /home/evandro/Develop/libopencm3/lib//libopencm3_stm32f4.a(usb_f107.o)
 .debug_aranges
                0x00000b10       0x30 /home/evandro/Develop/libopencm3/lib//libopencm3_stm32f4.a(vector.o)
 .debug_aranges
                0x00000b40       0x78 /home/evandro/Develop/libopencm3/lib//libopencm3_stm32f4.a(systick.o)
 .debug_aranges
                0x00000bb8       0x60 /home/evandro/Develop/libopencm3/lib//libopencm3_stm32f4.a(nvic.o)
 .debug_aranges
                0x00000c18       0x38 /home/evandro/Develop/libopencm3/lib//libopencm3_stm32f4.a(flash_common_all.o)
 .debug_aranges
                0x00000c50       0x48 /home/evandro/Develop/libopencm3/lib//libopencm3_stm32f4.a(flash_common_idcache.o)
 .debug_aranges
                0x00000c98       0x20 /home/evandro/Develop/libopencm3/lib//libopencm3_stm32f4.a(pwr.o)
 .debug_aranges
                0x00000cb8       0x68 /home/evandro/Develop/libopencm3/lib//libopencm3_stm32f4.a(usb_dwc_common.o)

.debug_rnglists
                0x00000000      0xb36
 .debug_rnglists
                0x00000000       0x2e t_msxmap.o
 .debug_rnglists
                0x0000002e       0x26 sys_timer.o
 .debug_rnglists
                0x00000054       0x13 serial_no.o
 .debug_rnglists
                0x00000067       0x92 cdcacm.o
 .debug_rnglists
                0x000000f9      0x155 serial.o
 .debug_rnglists
                0x0000024e       0x2c hr_timer.o
 .debug_rnglists
                0x0000027a       0x2b newlib_warning_fix.o
 .debug_rnglists
                0x000002a5       0x4f tester-ps2-msx.o
 .debug_rnglists
                0x000002f4      0x10f /home/evandro/Develop/libopencm3/lib//libopencm3_stm32f4.a(dma_common_f24.o)
 .debug_rnglists
                0x00000403       0x37 /home/evandro/Develop/libopencm3/lib//libopencm3_stm32f4.a(gpio_common_all.o)
 .debug_rnglists
                0x0000043a       0x1f /home/evandro/Develop/libopencm3/lib//libopencm3_stm32f4.a(gpio_common_f0234.o)
 .debug_rnglists
                0x00000459       0x5b /home/evandro/Develop/libopencm3/lib//libopencm3_stm32f4.a(rcc_common_all.o)
 .debug_rnglists
                0x000004b4       0xe0 /home/evandro/Develop/libopencm3/lib//libopencm3_stm32f4.a(rcc.o)
 .debug_rnglists
                0x00000594      0x1d6 /home/evandro/Develop/libopencm3/lib//libopencm3_stm32f4.a(timer_common_all.o)
 .debug_rnglists
                0x0000076a       0x9d /home/evandro/Develop/libopencm3/lib//libopencm3_stm32f4.a(usart_common_all.o)
 .debug_rnglists
                0x00000807       0x67 /home/evandro/Develop/libopencm3/lib//libopencm3_stm32f4.a(usb.o)
 .debug_rnglists
                0x0000086e       0xbb /home/evandro/Develop/libopencm3/lib//libopencm3_stm32f4.a(usb_standard.o)
 .debug_rnglists
                0x00000929       0x6e /home/evandro/Develop/libopencm3/lib//libopencm3_stm32f4.a(usb_control.o)
 .debug_rnglists
                0x00000997       0x14 /home/evandro/Develop/libopencm3/lib//libopencm3_stm32f4.a(usb_f107.o)
 .debug_rnglists
                0x000009ab       0x20 /home/evandro/Develop/libopencm3/lib//libopencm3_stm32f4.a(vector.o)
 .debug_rnglists
                0x000009cb       0x61 /home/evandro/Develop/libopencm3/lib//libopencm3_stm32f4.a(systick.o)
 .debug_rnglists
                0x00000a2c       0x43 /home/evandro/Develop/libopencm3/lib//libopencm3_stm32f4.a(nvic.o)
 .debug_rnglists
                0x00000a6f       0x25 /home/evandro/Develop/libopencm3/lib//libopencm3_stm32f4.a(flash_common_all.o)
 .debug_rnglists
                0x00000a94       0x31 /home/evandro/Develop/libopencm3/lib//libopencm3_stm32f4.a(flash_common_idcache.o)
 .debug_rnglists
                0x00000ac5       0x13 /home/evandro/Develop/libopencm3/lib//libopencm3_stm32f4.a(pwr.o)
 .debug_rnglists
                0x00000ad8       0x5e /home/evandro/Develop/libopencm3/lib//libopencm3_stm32f4.a(usb_dwc_common.o)

.debug_macro    0x00000000     0xe63e
 .debug_macro   0x00000000      0x4be t_msxmap.o
 .debug_macro   0x000004be      0xc34 t_msxmap.o
 .debug_macro   0x000010f2       0x76 t_msxmap.o
 .debug_macro   0x00001168       0x1c t_msxmap.o
 .debug_macro   0x00001184       0x1c t_msxmap.o
 .debug_macro   0x000011a0       0x22 t_msxmap.o
 .debug_macro   0x000011c2       0x8e t_msxmap.o
 .debug_macro   0x00001250       0x51 t_msxmap.o
 .debug_macro   0x000012a1      0x103 t_msxmap.o
 .debug_macro   0x000013a4       0x6a t_msxmap.o
 .debug_macro   0x0000140e      0x1df t_msxmap.o
 .debug_macro   0x000015ed       0x16 t_msxmap.o
 .debug_macro   0x00001603       0xe8 t_msxmap.o
 .debug_macro   0x000016eb       0x69 t_msxmap.o
 .debug_macro   0x00001754      0x286 t_msxmap.o
 .debug_macro   0x000019da       0x8e t_msxmap.o
 .debug_macro   0x00001a68       0x46 t_msxmap.o
 .debug_macro   0x00001aae      0xcea t_msxmap.o
 .debug_macro   0x00002798       0x76 t_msxmap.o
 .debug_macro   0x0000280e      0x37e t_msxmap.o
 .debug_macro   0x00002b8c       0xca t_msxmap.o
 .debug_macro   0x00002c56       0xee t_msxmap.o
 .debug_macro   0x00002d44       0x28 t_msxmap.o
 .debug_macro   0x00002d6c       0x94 t_msxmap.o
 .debug_macro   0x00002e00      0x29e t_msxmap.o
 .debug_macro   0x0000309e       0xa0 t_msxmap.o
 .debug_macro   0x0000313e      0xf7d t_msxmap.o
 .debug_macro   0x000040bb       0x52 t_msxmap.o
 .debug_macro   0x0000410d      0x1a2 t_msxmap.o
 .debug_macro   0x000042af       0x10 t_msxmap.o
 .debug_macro   0x000042bf      0x8de t_msxmap.o
 .debug_macro   0x00004b9d      0x130 t_msxmap.o
 .debug_macro   0x00004ccd      0x443 t_msxmap.o
 .debug_macro   0x00005110       0x10 t_msxmap.o
 .debug_macro   0x00005120       0x7b t_msxmap.o
 .debug_macro   0x0000519b       0x2a t_msxmap.o
 .debug_macro   0x000051c5       0x3c t_msxmap.o
 .debug_macro   0x00005201       0x34 t_msxmap.o
 .debug_macro   0x00005235      0x197 t_msxmap.o
 .debug_macro   0x000053cc      0x380 t_msxmap.o
 .debug_macro   0x0000574c       0x16 t_msxmap.o
 .debug_macro   0x00005762       0x4a t_msxmap.o
 .debug_macro   0x000057ac       0x34 t_msxmap.o
 .debug_macro   0x000057e0       0x10 t_msxmap.o
 .debug_macro   0x000057f0       0x58 t_msxmap.o
 .debug_macro   0x00005848      0x1e5 t_msxmap.o
 .debug_macro   0x00005a2d      0x23c t_msxmap.o
 .debug_macro   0x00005c69       0x16 t_msxmap.o
 .debug_macro   0x00005c7f       0x3c t_msxmap.o
 .debug_macro   0x00005cbb       0x10 t_msxmap.o
 .debug_macro   0x00005ccb       0x1c t_msxmap.o
 .debug_macro   0x00005ce7       0x16 t_msxmap.o
 .debug_macro   0x00005cfd      0x138 t_msxmap.o
 .debug_macro   0x00005e35       0x16 t_msxmap.o
 .debug_macro   0x00005e4b       0x16 t_msxmap.o
 .debug_macro   0x00005e61       0x10 t_msxmap.o
 .debug_macro   0x00005e71       0x1c t_msxmap.o
 .debug_macro   0x00005e8d       0x52 t_msxmap.o
 .debug_macro   0x00005edf       0x22 t_msxmap.o
 .debug_macro   0x00005f01       0x10 t_msxmap.o
 .debug_macro   0x00005f11       0x52 t_msxmap.o
 .debug_macro   0x00005f63       0xc1 t_msxmap.o
 .debug_macro   0x00006024       0x1c t_msxmap.o
 .debug_macro   0x00006040       0x3d t_msxmap.o
 .debug_macro   0x0000607d      0x51a t_msxmap.o
 .debug_macro   0x00006597      0x86d t_msxmap.o
 .debug_macro   0x00006e04       0x6e t_msxmap.o
 .debug_macro   0x00006e72      0x22c t_msxmap.o
 .debug_macro   0x0000709e       0x65 t_msxmap.o
 .debug_macro   0x00007103      0x1f2 t_msxmap.o
 .debug_macro   0x000072f5       0x10 t_msxmap.o
 .debug_macro   0x00007305       0xc1 t_msxmap.o
 .debug_macro   0x000073c6       0xed t_msxmap.o
 .debug_macro   0x000074b3      0x45d t_msxmap.o
 .debug_macro   0x00007910       0x10 t_msxmap.o
 .debug_macro   0x00007920       0x16 t_msxmap.o
 .debug_macro   0x00007936       0x16 t_msxmap.o
 .debug_macro   0x0000794c       0x29 t_msxmap.o
 .debug_macro   0x00007975       0x1c t_msxmap.o
 .debug_macro   0x00007991       0xde t_msxmap.o
 .debug_macro   0x00007a6f      0x458 t_msxmap.o
 .debug_macro   0x00007ec7      0x4d0 sys_timer.o
 .debug_macro   0x00008397      0x3a8 serial_no.o
 .debug_macro   0x0000873f      0xacc serial_no.o
 .debug_macro   0x0000920b       0x1c serial_no.o
 .debug_macro   0x00009227       0x56 serial_no.o
 .debug_macro   0x0000927d       0x22 serial_no.o
 .debug_macro   0x0000929f      0x280 serial_no.o
 .debug_macro   0x0000951f       0x34 serial_no.o
 .debug_macro   0x00009553      0x189 serial_no.o
 .debug_macro   0x000096dc      0x372 serial_no.o
 .debug_macro   0x00009a4e       0x4a serial_no.o
 .debug_macro   0x00009a98       0x3c serial_no.o
 .debug_macro   0x00009ad4       0x16 serial_no.o
 .debug_macro   0x00009aea      0x12a serial_no.o
 .debug_macro   0x00009c14       0xaa serial_no.o
 .debug_macro   0x00009cbe      0x4fe serial_no.o
 .debug_macro   0x0000a1bc       0x22 serial_no.o
 .debug_macro   0x0000a1de      0x3b2 cdcacm.o
 .debug_macro   0x0000a590       0x75 cdcacm.o
 .debug_macro   0x0000a605       0x5c cdcacm.o
 .debug_macro   0x0000a661      0x11c cdcacm.o
 .debug_macro   0x0000a77d       0x94 cdcacm.o
 .debug_macro   0x0000a811       0x57 cdcacm.o
 .debug_macro   0x0000a868      0x242 cdcacm.o
 .debug_macro   0x0000aaaa       0x1c cdcacm.o
 .debug_macro   0x0000aac6       0x2e cdcacm.o
 .debug_macro   0x0000aaf4       0x10 cdcacm.o
 .debug_macro   0x0000ab04      0x39d serial.o
 .debug_macro   0x0000aea1       0x9e serial.o
 .debug_macro   0x0000af3f      0x38e hr_timer.o
 .debug_macro   0x0000b2cd       0x1b newlib_warning_fix.o
 .debug_macro   0x0000b2e8      0x4d8 tester-ps2-msx.o
 .debug_macro   0x0000b7c0       0xb3 /home/evandro/Develop/libopencm3/lib//libopencm3_stm32f4.a(dma_common_f24.o)
 .debug_macro   0x0000b873      0xac0 /home/evandro/Develop/libopencm3/lib//libopencm3_stm32f4.a(dma_common_f24.o)
 .debug_macro   0x0000c333       0x22 /home/evandro/Develop/libopencm3/lib//libopencm3_stm32f4.a(dma_common_f24.o)
 .debug_macro   0x0000c355       0x56 /home/evandro/Develop/libopencm3/lib//libopencm3_stm32f4.a(dma_common_f24.o)
 .debug_macro   0x0000c3ab       0x22 /home/evandro/Develop/libopencm3/lib//libopencm3_stm32f4.a(dma_common_f24.o)
 .debug_macro   0x0000c3cd       0xd1 /home/evandro/Develop/libopencm3/lib//libopencm3_stm32f4.a(gpio_common_all.o)
 .debug_macro   0x0000c49e       0xd1 /home/evandro/Develop/libopencm3/lib//libopencm3_stm32f4.a(gpio_common_f0234.o)
 .debug_macro   0x0000c56f       0xf0 /home/evandro/Develop/libopencm3/lib//libopencm3_stm32f4.a(rcc_common_all.o)
 .debug_macro   0x0000c65f      0x124 /home/evandro/Develop/libopencm3/lib//libopencm3_stm32f4.a(rcc.o)
 .debug_macro   0x0000c783       0x16 /home/evandro/Develop/libopencm3/lib//libopencm3_stm32f4.a(rcc.o)
 .debug_macro   0x0000c799       0x1c /home/evandro/Develop/libopencm3/lib//libopencm3_stm32f4.a(rcc.o)
 .debug_macro   0x0000c7b5      0x143 /home/evandro/Develop/libopencm3/lib//libopencm3_stm32f4.a(rcc.o)
 .debug_macro   0x0000c8f8       0x10 /home/evandro/Develop/libopencm3/lib//libopencm3_stm32f4.a(rcc.o)
 .debug_macro   0x0000c908       0xf0 /home/evandro/Develop/libopencm3/lib//libopencm3_stm32f4.a(timer_common_all.o)
 .debug_macro   0x0000c9f8      0x10b /home/evandro/Develop/libopencm3/lib//libopencm3_stm32f4.a(usart_common_all.o)
 .debug_macro   0x0000cb03      0x146 /home/evandro/Develop/libopencm3/lib//libopencm3_stm32f4.a(usb.o)
 .debug_macro   0x0000cc49       0x75 /home/evandro/Develop/libopencm3/lib//libopencm3_stm32f4.a(usb.o)
 .debug_macro   0x0000ccbe       0x2a /home/evandro/Develop/libopencm3/lib//libopencm3_stm32f4.a(usb.o)
 .debug_macro   0x0000cce8       0x5c /home/evandro/Develop/libopencm3/lib//libopencm3_stm32f4.a(usb.o)
 .debug_macro   0x0000cd44      0x182 /home/evandro/Develop/libopencm3/lib//libopencm3_stm32f4.a(usb.o)
 .debug_macro   0x0000cec6       0x43 /home/evandro/Develop/libopencm3/lib//libopencm3_stm32f4.a(usb.o)
 .debug_macro   0x0000cf09       0x10 /home/evandro/Develop/libopencm3/lib//libopencm3_stm32f4.a(usb.o)
 .debug_macro   0x0000cf19      0x1de /home/evandro/Develop/libopencm3/lib//libopencm3_stm32f4.a(usb.o)
 .debug_macro   0x0000d0f7      0x385 /home/evandro/Develop/libopencm3/lib//libopencm3_stm32f4.a(usb.o)
 .debug_macro   0x0000d47c       0x10 /home/evandro/Develop/libopencm3/lib//libopencm3_stm32f4.a(usb.o)
 .debug_macro   0x0000d48c       0x35 /home/evandro/Develop/libopencm3/lib//libopencm3_stm32f4.a(usb.o)
 .debug_macro   0x0000d4c1      0x19c /home/evandro/Develop/libopencm3/lib//libopencm3_stm32f4.a(usb.o)
 .debug_macro   0x0000d65d       0x1c /home/evandro/Develop/libopencm3/lib//libopencm3_stm32f4.a(usb.o)
 .debug_macro   0x0000d679      0x146 /home/evandro/Develop/libopencm3/lib//libopencm3_stm32f4.a(usb_standard.o)
 .debug_macro   0x0000d7bf      0x154 /home/evandro/Develop/libopencm3/lib//libopencm3_stm32f4.a(usb_control.o)
 .debug_macro   0x0000d913       0x8d /home/evandro/Develop/libopencm3/lib//libopencm3_stm32f4.a(usb_control.o)
 .debug_macro   0x0000d9a0      0x1cd /home/evandro/Develop/libopencm3/lib//libopencm3_stm32f4.a(usb_f107.o)
 .debug_macro   0x0000db6d       0x3a /home/evandro/Develop/libopencm3/lib//libopencm3_stm32f4.a(usb_f107.o)
 .debug_macro   0x0000dba7       0xd3 /home/evandro/Develop/libopencm3/lib//libopencm3_stm32f4.a(vector.o)
 .debug_macro   0x0000dc7a      0x452 /home/evandro/Develop/libopencm3/lib//libopencm3_stm32f4.a(vector.o)
 .debug_macro   0x0000e0cc       0x92 /home/evandro/Develop/libopencm3/lib//libopencm3_stm32f4.a(systick.o)
 .debug_macro   0x0000e15e       0xb3 /home/evandro/Develop/libopencm3/lib//libopencm3_stm32f4.a(nvic.o)
 .debug_macro   0x0000e211       0x68 /home/evandro/Develop/libopencm3/lib//libopencm3_stm32f4.a(nvic.o)
 .debug_macro   0x0000e279       0xd7 /home/evandro/Develop/libopencm3/lib//libopencm3_stm32f4.a(flash_common_all.o)
 .debug_macro   0x0000e350       0xd7 /home/evandro/Develop/libopencm3/lib//libopencm3_stm32f4.a(flash_common_idcache.o)
 .debug_macro   0x0000e427       0xb8 /home/evandro/Develop/libopencm3/lib//libopencm3_stm32f4.a(pwr.o)
 .debug_macro   0x0000e4df      0x15f /home/evandro/Develop/libopencm3/lib//libopencm3_stm32f4.a(usb_dwc_common.o)

.debug_line     0x00000000     0xcb6f
 .debug_line    0x00000000      0xb34 t_msxmap.o
 .debug_line    0x00000b34      0xb05 sys_timer.o
 .debug_line    0x00001639      0x6f6 serial_no.o
 .debug_line    0x00001d2f      0xcd5 cdcacm.o
 .debug_line    0x00002a04     0x1413 serial.o
 .debug_line    0x00003e17      0x7fd hr_timer.o
 .debug_line    0x00004614       0xa5 newlib_warning_fix.o
 .debug_line    0x000046b9     0x14cd tester-ps2-msx.o
 .debug_line    0x00005b86      0x906 /home/evandro/Develop/libopencm3/lib//libopencm3_stm32f4.a(dma_common_f24.o)
 .debug_line    0x0000648c      0x394 /home/evandro/Develop/libopencm3/lib//libopencm3_stm32f4.a(gpio_common_all.o)
 .debug_line    0x00006820      0x464 /home/evandro/Develop/libopencm3/lib//libopencm3_stm32f4.a(gpio_common_f0234.o)
 .debug_line    0x00006c84      0x432 /home/evandro/Develop/libopencm3/lib//libopencm3_stm32f4.a(rcc_common_all.o)
 .debug_line    0x000070b6      0xa6a /home/evandro/Develop/libopencm3/lib//libopencm3_stm32f4.a(rcc.o)
 .debug_line    0x00007b20     0x1098 /home/evandro/Develop/libopencm3/lib//libopencm3_stm32f4.a(timer_common_all.o)
 .debug_line    0x00008bb8      0x605 /home/evandro/Develop/libopencm3/lib//libopencm3_stm32f4.a(usart_common_all.o)
 .debug_line    0x000091bd      0x4e3 /home/evandro/Develop/libopencm3/lib//libopencm3_stm32f4.a(usb.o)
 .debug_line    0x000096a0      0xbf4 /home/evandro/Develop/libopencm3/lib//libopencm3_stm32f4.a(usb_standard.o)
 .debug_line    0x0000a294      0x6b3 /home/evandro/Develop/libopencm3/lib//libopencm3_stm32f4.a(usb_control.o)
 .debug_line    0x0000a947      0x47e /home/evandro/Develop/libopencm3/lib//libopencm3_stm32f4.a(usb_f107.o)
 .debug_line    0x0000adc5      0x3e6 /home/evandro/Develop/libopencm3/lib//libopencm3_stm32f4.a(vector.o)
 .debug_line    0x0000b1ab      0x35c /home/evandro/Develop/libopencm3/lib//libopencm3_stm32f4.a(systick.o)
 .debug_line    0x0000b507      0x36d /home/evandro/Develop/libopencm3/lib//libopencm3_stm32f4.a(nvic.o)
 .debug_line    0x0000b874      0x334 /home/evandro/Develop/libopencm3/lib//libopencm3_stm32f4.a(flash_common_all.o)
 .debug_line    0x0000bba8      0x34d /home/evandro/Develop/libopencm3/lib//libopencm3_stm32f4.a(flash_common_idcache.o)
 .debug_line    0x0000bef5      0x27a /home/evandro/Develop/libopencm3/lib//libopencm3_stm32f4.a(pwr.o)
 .debug_line    0x0000c16f      0xa00 /home/evandro/Develop/libopencm3/lib//libopencm3_stm32f4.a(usb_dwc_common.o)

.debug_str      0x00000000    0x26a09
 .debug_str     0x00000000    0x26a09 t_msxmap.o
                              0x20db3 (size before relaxing)
 .debug_str     0x00026a09    0x20dab sys_timer.o
 .debug_str     0x00026a09    0x1ccc5 serial_no.o
 .debug_str     0x00026a09    0x1e056 cdcacm.o
 .debug_str     0x00026a09    0x1db9f serial.o
 .debug_str     0x00026a09    0x1d6c8 hr_timer.o
 .debug_str     0x00026a09     0x2e96 newlib_warning_fix.o
 .debug_str     0x00026a09    0x21624 tester-ps2-msx.o
 .debug_str     0x00026a09     0x7a82 /home/evandro/Develop/libopencm3/lib//libopencm3_stm32f4.a(dma_common_f24.o)
 .debug_str     0x00026a09     0x66d3 /home/evandro/Develop/libopencm3/lib//libopencm3_stm32f4.a(gpio_common_all.o)
 .debug_str     0x00026a09     0x66f5 /home/evandro/Develop/libopencm3/lib//libopencm3_stm32f4.a(gpio_common_f0234.o)
 .debug_str     0x00026a09     0x9a92 /home/evandro/Develop/libopencm3/lib//libopencm3_stm32f4.a(rcc_common_all.o)
 .debug_str     0x00026a09     0xa307 /home/evandro/Develop/libopencm3/lib//libopencm3_stm32f4.a(rcc.o)
 .debug_str     0x00026a09     0xdd36 /home/evandro/Develop/libopencm3/lib//libopencm3_stm32f4.a(timer_common_all.o)
 .debug_str     0x00026a09     0xa51d /home/evandro/Develop/libopencm3/lib//libopencm3_stm32f4.a(usart_common_all.o)
 .debug_str     0x00026a09     0x8033 /home/evandro/Develop/libopencm3/lib//libopencm3_stm32f4.a(usb.o)
 .debug_str     0x00026a09     0x814f /home/evandro/Develop/libopencm3/lib//libopencm3_stm32f4.a(usb_standard.o)
 .debug_str     0x00026a09     0x8015 /home/evandro/Develop/libopencm3/lib//libopencm3_stm32f4.a(usb_control.o)
 .debug_str     0x00026a09    0x10870 /home/evandro/Develop/libopencm3/lib//libopencm3_stm32f4.a(usb_f107.o)
 .debug_str     0x00026a09     0x6f88 /home/evandro/Develop/libopencm3/lib//libopencm3_stm32f4.a(vector.o)
 .debug_str     0x00026a09     0x45eb /home/evandro/Develop/libopencm3/lib//libopencm3_stm32f4.a(systick.o)
 .debug_str     0x00026a09     0x6208 /home/evandro/Develop/libopencm3/lib//libopencm3_stm32f4.a(nvic.o)
 .debug_str     0x00026a09     0x5a2a /home/evandro/Develop/libopencm3/lib//libopencm3_stm32f4.a(flash_common_all.o)
 .debug_str     0x00026a09     0x5a4c /home/evandro/Develop/libopencm3/lib//libopencm3_stm32f4.a(flash_common_idcache.o)
 .debug_str     0x00026a09     0x56a6 /home/evandro/Develop/libopencm3/lib//libopencm3_stm32f4.a(pwr.o)
 .debug_str     0x00026a09     0xa62a /home/evandro/Develop/libopencm3/lib//libopencm3_stm32f4.a(usb_dwc_common.o)

.comment        0x00000000       0x9a
 .comment       0x00000000       0x9a t_msxmap.o
                                 0x46 (size before relaxing)
 .comment       0x0000009a       0x46 sys_timer.o
 .comment       0x0000009a       0x46 serial_no.o
 .comment       0x0000009a       0x46 cdcacm.o
 .comment       0x0000009a       0x46 serial.o
 .comment       0x0000009a       0x46 hr_timer.o
 .comment       0x0000009a       0x46 newlib_warning_fix.o
 .comment       0x0000009a       0x46 tester-ps2-msx.o
 .comment       0x0000009a       0x56 /home/evandro/Develop/libopencm3/lib//libopencm3_stm32f4.a(dma_common_f24.o)
 .comment       0x0000009a       0x56 /home/evandro/Develop/libopencm3/lib//libopencm3_stm32f4.a(gpio_common_all.o)
 .comment       0x0000009a       0x56 /home/evandro/Develop/libopencm3/lib//libopencm3_stm32f4.a(gpio_common_f0234.o)
 .comment       0x0000009a       0x56 /home/evandro/Develop/libopencm3/lib//libopencm3_stm32f4.a(rcc_common_all.o)
 .comment       0x0000009a       0x56 /home/evandro/Develop/libopencm3/lib//libopencm3_stm32f4.a(rcc.o)
 .comment       0x0000009a       0x56 /home/evandro/Develop/libopencm3/lib//libopencm3_stm32f4.a(timer_common_all.o)
 .comment       0x0000009a       0x56 /home/evandro/Develop/libopencm3/lib//libopencm3_stm32f4.a(usart_common_all.o)
 .comment       0x0000009a       0x56 /home/evandro/Develop/libopencm3/lib//libopencm3_stm32f4.a(usb.o)
 .comment       0x0000009a       0x56 /home/evandro/Develop/libopencm3/lib//libopencm3_stm32f4.a(usb_standard.o)
 .comment       0x0000009a       0x56 /home/evandro/Develop/libopencm3/lib//libopencm3_stm32f4.a(usb_control.o)
 .comment       0x0000009a       0x56 /home/evandro/Develop/libopencm3/lib//libopencm3_stm32f4.a(usb_f107.o)
 .comment       0x0000009a       0x56 /home/evandro/Develop/libopencm3/lib//libopencm3_stm32f4.a(vector.o)
 .comment       0x0000009a       0x56 /home/evandro/Develop/libopencm3/lib//libopencm3_stm32f4.a(systick.o)
 .comment       0x0000009a       0x56 /home/evandro/Develop/libopencm3/lib//libopencm3_stm32f4.a(nvic.o)
 .comment       0x0000009a       0x56 /home/evandro/Develop/libopencm3/lib//libopencm3_stm32f4.a(flash_common_all.o)
 .comment       0x0000009a       0x56 /home/evandro/Develop/libopencm3/lib//libopencm3_stm32f4.a(flash_common_idcache.o)
 .comment       0x0000009a       0x56 /home/evandro/Develop/libopencm3/lib//libopencm3_stm32f4.a(pwr.o)
 .comment       0x0000009a       0x56 /home/evandro/Develop/libopencm3/lib//libopencm3_stm32f4.a(usb_dwc_common.o)

.ARM.attributes
                0x00000000       0x32
 .ARM.attributes
                0x00000000       0x34 t_msxmap.o
 .ARM.attributes